bash: /opt/conda/private/envs/MindSpeed-MM/lib/libtinfo.so.6: no version information available (required by bash)
[qwen3vl-static] WORLD_SIZE=64  CP=16  DP=4  MBS=16  GRAD_ACC=4  GBS=256
[qwen3vl-static] BURST_LEN=196608  BURST_PROB=0.5
[qwen3vl-static] seq_length=131072  inflated_B/microbatch=64
W0414 18:04:17.569000 398353 site-packages/torch/distributed/run.py:774] 
W0414 18:04:17.569000 398353 site-packages/torch/distributed/run.py:774] *****************************************
W0414 18:04:17.569000 398353 site-packages/torch/distributed/run.py:774] Setting OMP_NUM_THREADS environment variable for each process to be 1 in default, to avoid your system being overloaded, please further tune the variable for optimal performance in your application as needed. 
W0414 18:04:17.569000 398353 site-packages/torch/distributed/run.py:774] *****************************************
[Rank 57 | Local Rank 9] 2026-04-14 18:04:30,939 INFO [mindspeed.megatron_adaptor:33] => start to patch features in megatron adaptor.
[Rank 55 | Local Rank 7] 2026-04-14 18:04:31,245 INFO [mindspeed.megatron_adaptor:33] => start to patch features in megatron adaptor.
[Rank 52 | Local Rank 4] 2026-04-14 18:04:31,246 INFO [mindspeed.megatron_adaptor:33] => start to patch features in megatron adaptor.
[Rank 50 | Local Rank 2] 2026-04-14 18:04:31,246 INFO [mindspeed.megatron_adaptor:33] => start to patch features in megatron adaptor.
[Rank 53 | Local Rank 5] 2026-04-14 18:04:31,586 INFO [mindspeed.megatron_adaptor:33] => start to patch features in megatron adaptor.
[Rank 63 | Local Rank 15] 2026-04-14 18:04:32,106 INFO [mindspeed.megatron_adaptor:33] => start to patch features in megatron adaptor.
[Rank 58 | Local Rank 10] 2026-04-14 18:04:32,216 INFO [mindspeed.megatron_adaptor:33] => start to patch features in megatron adaptor.
[Rank 51 | Local Rank 3] 2026-04-14 18:04:32,221 INFO [mindspeed.megatron_adaptor:33] => start to patch features in megatron adaptor.
[Rank 48 | Local Rank 0] 2026-04-14 18:04:32,318 INFO [mindspeed.megatron_adaptor:33] => start to patch features in megatron adaptor.
[Rank 61 | Local Rank 13] 2026-04-14 18:04:32,321 INFO [mindspeed.megatron_adaptor:33] => start to patch features in megatron adaptor.
Failed to import decord module. The reason of decord unavailable is No module named 'decord'
[Rank 62 | Local Rank 14] 2026-04-14 18:04:32,379 INFO [mindspeed.megatron_adaptor:33] => start to patch features in megatron adaptor.
[Rank 54 | Local Rank 6] 2026-04-14 18:04:32,453 INFO [mindspeed.megatron_adaptor:33] => start to patch features in megatron adaptor.
[Rank 56 | Local Rank 8] 2026-04-14 18:04:32,463 INFO [mindspeed.megatron_adaptor:33] => start to patch features in megatron adaptor.
<frozen importlib._bootstrap>:241: DeprecationWarning: builtin type SwigPyPacked has no __module__ attribute
<frozen importlib._bootstrap>:241: DeprecationWarning: builtin type SwigPyObject has no __module__ attribute
Failed to import decord module. The reason of decord unavailable is No module named 'decord'
Failed to import decord module. The reason of decord unavailable is No module named 'decord'
Failed to import decord module. The reason of decord unavailable is No module named 'decord'
[Rank 60 | Local Rank 12] 2026-04-14 18:04:32,605 INFO [mindspeed.megatron_adaptor:33] => start to patch features in megatron adaptor.
<frozen importlib._bootstrap>:241: DeprecationWarning: builtin type SwigPyPacked has no __module__ attribute
<frozen importlib._bootstrap>:241: DeprecationWarning: builtin type SwigPyObject has no __module__ attribute
<frozen importlib._bootstrap>:241: DeprecationWarning: builtin type SwigPyPacked has no __module__ attribute
<frozen importlib._bootstrap>:241: DeprecationWarning: builtin type SwigPyObject has no __module__ attribute
<frozen importlib._bootstrap>:241: DeprecationWarning: builtin type SwigPyPacked has no __module__ attribute
<frozen importlib._bootstrap>:241: DeprecationWarning: builtin type SwigPyObject has no __module__ attribute
[Rank 59 | Local Rank 11] 2026-04-14 18:04:32,744 INFO [mindspeed.megatron_adaptor:33] => start to patch features in megatron adaptor.
Failed to import decord module. The reason of decord unavailable is No module named 'decord'
[Rank 49 | Local Rank 1] 2026-04-14 18:04:32,945 INFO [mindspeed.megatron_adaptor:33] => start to patch features in megatron adaptor.
<frozen importlib._bootstrap>:241: DeprecationWarning: builtin type SwigPyPacked has no __module__ attribute
<frozen importlib._bootstrap>:241: DeprecationWarning: builtin type SwigPyObject has no __module__ attribute
Failed to import decord module. The reason of decord unavailable is No module named 'decord'
Failed to import decord module. The reason of decord unavailable is No module named 'decord'
Failed to import decord module. The reason of decord unavailable is No module named 'decord'
<frozen importlib._bootstrap>:241: DeprecationWarning: builtin type SwigPyPacked has no __module__ attribute
<frozen importlib._bootstrap>:241: DeprecationWarning: builtin type SwigPyObject has no __module__ attribute
Failed to import decord module. The reason of decord unavailable is No module named 'decord'
Failed to import decord module. The reason of decord unavailable is No module named 'decord'
<frozen importlib._bootstrap>:241: DeprecationWarning: builtin type SwigPyPacked has no __module__ attribute
<frozen importlib._bootstrap>:241: DeprecationWarning: builtin type SwigPyObject has no __module__ attribute
<frozen importlib._bootstrap>:241: DeprecationWarning: builtin type SwigPyPacked has no __module__ attribute
<frozen importlib._bootstrap>:241: DeprecationWarning: builtin type SwigPyObject has no __module__ attribute
Failed to import decord module. The reason of decord unavailable is No module named 'decord'
<frozen importlib._bootstrap>:241: DeprecationWarning: builtin type SwigPyPacked has no __module__ attribute
<frozen importlib._bootstrap>:241: DeprecationWarning: builtin type SwigPyObject has no __module__ attribute
Failed to import decord module. The reason of decord unavailable is No module named 'decord'
<frozen importlib._bootstrap>:241: DeprecationWarning: builtin type SwigPyPacked has no __module__ attribute
<frozen importlib._bootstrap>:241: DeprecationWarning: builtin type SwigPyObject has no __module__ attribute
Failed to import decord module. The reason of decord unavailable is No module named 'decord'
<frozen importlib._bootstrap>:241: DeprecationWarning: builtin type SwigPyPacked has no __module__ attribute
<frozen importlib._bootstrap>:241: DeprecationWarning: builtin type SwigPyObject has no __module__ attribute
<frozen importlib._bootstrap>:241: DeprecationWarning: builtin type SwigPyPacked has no __module__ attribute
<frozen importlib._bootstrap>:241: DeprecationWarning: builtin type SwigPyObject has no __module__ attribute
<frozen importlib._bootstrap>:241: DeprecationWarning: builtin type SwigPyPacked has no __module__ attribute
<frozen importlib._bootstrap>:241: DeprecationWarning: builtin type SwigPyObject has no __module__ attribute
Failed to import decord module. The reason of decord unavailable is No module named 'decord'
[INFO] the original value of num_layers is None, now changed as 28 which comes from model.json
[INFO] the original value of hidden_size is None, now changed as 2048 which comes from model.json
[INFO] the original value of num_attention_heads is None, now changed as 16 which comes from model.json
[INFO] the original value of max_position_embeddings is 196608, now changed as 262144 which comes from model.json
<frozen importlib._bootstrap>:241: DeprecationWarning: builtin type SwigPyPacked has no __module__ attribute
<frozen importlib._bootstrap>:241: DeprecationWarning: builtin type SwigPyObject has no __module__ attribute
Failed to import decord module. The reason of decord unavailable is No module named 'decord'
[INFO] the original value of num_layers is None, now changed as 28 which comes from model.json
[INFO] the original value of hidden_size is None, now changed as 2048 which comes from model.json
[INFO] the original value of num_attention_heads is None, now changed as 16 which comes from model.json
[INFO] the original value of max_position_embeddings is 196608, now changed as 262144 which comes from model.json
[INFO] the original value of num_layers is None, now changed as 28 which comes from model.json
[INFO] the original value of hidden_size is None, now changed as 2048 which comes from model.json
[INFO] the original value of num_attention_heads is None, now changed as 16 which comes from model.json
[INFO] the original value of max_position_embeddings is 196608, now changed as 262144 which comes from model.json
[INFO] the original value of num_layers is None, now changed as 28 which comes from model.json
[INFO] the original value of hidden_size is None, now changed as 2048 which comes from model.json
[INFO] the original value of num_attention_heads is None, now changed as 16 which comes from model.json
[INFO] the original value of max_position_embeddings is 196608, now changed as 262144 which comes from model.json
Failed to import decord module. The reason of decord unavailable is No module named 'decord'
<frozen importlib._bootstrap>:241: DeprecationWarning: builtin type SwigPyPacked has no __module__ attribute
<frozen importlib._bootstrap>:241: DeprecationWarning: builtin type SwigPyObject has no __module__ attribute
<frozen importlib._bootstrap>:241: DeprecationWarning: builtin type SwigPyPacked has no __module__ attribute
<frozen importlib._bootstrap>:241: DeprecationWarning: builtin type SwigPyObject has no __module__ attribute
[INFO] the original value of num_layers is None, now changed as 28 which comes from model.json
[INFO] the original value of hidden_size is None, now changed as 2048 which comes from model.json
[INFO] the original value of num_attention_heads is None, now changed as 16 which comes from model.json
[INFO] the original value of max_position_embeddings is 196608, now changed as 262144 which comes from model.json
[INFO] the original value of num_layers is None, now changed as 28 which comes from model.json
[INFO] the original value of hidden_size is None, now changed as 2048 which comes from model.json
[INFO] the original value of num_attention_heads is None, now changed as 16 which comes from model.json
[INFO] the original value of max_position_embeddings is 196608, now changed as 262144 which comes from model.json
WARNING: one_logger package is required to enable e2e metrics tracking. please go to https://confluence.nvidia.com/display/MLWFO/Package+Repositories for details to install it
[INFO] the original value of num_layers is None, now changed as 28 which comes from model.json
[INFO] the original value of hidden_size is None, now changed as 2048 which comes from model.json
[INFO] the original value of num_attention_heads is None, now changed as 16 which comes from model.json
[INFO] the original value of max_position_embeddings is 196608, now changed as 262144 which comes from model.json
[INFO] the original value of num_layers is None, now changed as 28 which comes from model.json
[INFO] the original value of hidden_size is None, now changed as 2048 which comes from model.json
[INFO] the original value of num_attention_heads is None, now changed as 16 which comes from model.json
[INFO] the original value of max_position_embeddings is 196608, now changed as 262144 which comes from model.json
[INFO] the original value of num_layers is None, now changed as 28 which comes from model.json
[INFO] the original value of hidden_size is None, now changed as 2048 which comes from model.json
[INFO] the original value of num_attention_heads is None, now changed as 16 which comes from model.json
[INFO] the original value of max_position_embeddings is 196608, now changed as 262144 which comes from model.json
[INFO] the original value of num_layers is None, now changed as 28 which comes from model.json
[INFO] the original value of hidden_size is None, now changed as 2048 which comes from model.json
[INFO] the original value of num_attention_heads is None, now changed as 16 which comes from model.json
[INFO] the original value of max_position_embeddings is 196608, now changed as 262144 which comes from model.json
[INFO] the original value of num_layers is None, now changed as 28 which comes from model.json
[INFO] the original value of hidden_size is None, now changed as 2048 which comes from model.json
[INFO] the original value of num_attention_heads is None, now changed as 16 which comes from model.json
[INFO] the original value of max_position_embeddings is 196608, now changed as 262144 which comes from model.json
[INFO] the original value of num_layers is None, now changed as 28 which comes from model.json
[INFO] the original value of hidden_size is None, now changed as 2048 which comes from model.json
[INFO] the original value of num_attention_heads is None, now changed as 16 which comes from model.json
[INFO] the original value of max_position_embeddings is 196608, now changed as 262144 which comes from model.json
[INFO] the original value of num_layers is None, now changed as 28 which comes from model.json
[INFO] the original value of hidden_size is None, now changed as 2048 which comes from model.json
[INFO] the original value of num_attention_heads is None, now changed as 16 which comes from model.json
[INFO] the original value of max_position_embeddings is 196608, now changed as 262144 which comes from model.json
[INFO] the original value of num_layers is None, now changed as 28 which comes from model.json
[INFO] the original value of hidden_size is None, now changed as 2048 which comes from model.json
[INFO] the original value of num_attention_heads is None, now changed as 16 which comes from model.json
[INFO] the original value of max_position_embeddings is 196608, now changed as 262144 which comes from model.json
[INFO] the original value of num_layers is None, now changed as 28 which comes from model.json
[INFO] the original value of hidden_size is None, now changed as 2048 which comes from model.json
[INFO] the original value of num_attention_heads is None, now changed as 16 which comes from model.json
[INFO] the original value of max_position_embeddings is 196608, now changed as 262144 which comes from model.json
[INFO] the original value of num_layers is None, now changed as 28 which comes from model.json
[INFO] the original value of hidden_size is None, now changed as 2048 which comes from model.json
[INFO] the original value of num_attention_heads is None, now changed as 16 which comes from model.json
[INFO] the original value of max_position_embeddings is 196608, now changed as 262144 which comes from model.json
[Gloo] Rank 3 is connected to 3 peer ranks. Expected number of connected peer ranks is : 3
[Gloo] Rank 3 is connected to 3 peer ranks. Expected number of connected peer ranks is : 3
[Gloo] Rank 3 is connected to 3 peer ranks. Expected number of connected peer ranks is : 3
[Gloo] Rank 3 is connected to 3 peer ranks. Expected number of connected peer ranks is : 3
[Gloo] Rank 3 is connected to 3 peer ranks. Expected number of connected peer ranks is : 3
[Gloo] Rank 3 is connected to 3 peer ranks. Expected number of connected peer ranks is : 3
[Gloo] Rank 3 is connected to 3 peer ranks. Expected number of connected peer ranks is : 3
[Gloo] Rank 3 is connected to 3 peer ranks. Expected number of connected peer ranks is : 3
[Gloo] Rank 3 is connected to 3 peer ranks. Expected number of connected peer ranks is : 3
[Gloo] Rank 3 is connected to 3 peer ranks. Expected number of connected peer ranks is : 3
[Gloo] Rank 3 is connected to 3 peer ranks. Expected number of connected peer ranks is : 3
[Gloo] Rank 3 is connected to 3 peer ranks. Expected number of connected peer ranks is : 3
[Gloo] Rank 3 is connected to 3 peer ranks. Expected number of connected peer ranks is : 3
[Gloo] Rank 3 is connected to 3 peer ranks. Expected number of connected peer ranks is : 3
[Gloo] Rank 3 is connected to 3 peer ranks. Expected number of connected peer ranks is : 3
[Gloo] Rank 3 is connected to 3 peer ranks. Expected number of connected peer ranks is : 3
[Gloo] Rank 50 is connected to 63 peer ranks. Expected number of connected peer ranks is : 63
[Gloo] Rank 51 is connected to 63 peer ranks. Expected number of connected peer ranks is : 63
[Gloo] Rank 58 is connected to 63 peer ranks. Expected number of connected peer ranks is : 63
[Gloo] Rank 48 is connected to 63 peer ranks. Expected number of connected peer ranks is : 63
[Gloo] Rank 49 is connected to 63 peer ranks. Expected number of connected peer ranks is : 63
[Gloo] Rank 55 is connected to 63 peer ranks. Expected number of connected peer ranks is : 63
[Gloo] Rank 52 is connected to 63 peer ranks. Expected number of connected peer ranks is : 63
[Gloo] Rank 53 is connected to 63 peer ranks. Expected number of connected peer ranks is : 63
[Gloo] Rank 54 is connected to 63 peer ranks. Expected number of connected peer ranks is : 63
[Gloo] Rank 56 is connected to 63 peer ranks. Expected number of connected peer ranks is : 63
[Gloo] Rank 57 is connected to 63 peer ranks. Expected number of connected peer ranks is : 63
[Gloo] Rank 59 is connected to 63 peer ranks. Expected number of connected peer ranks is : 63
[Gloo] Rank 60 is connected to 63 peer ranks. Expected number of connected peer ranks is : 63
[Gloo] Rank 61 is connected to 63 peer ranks. Expected number of connected peer ranks is : 63
[Gloo] Rank 62 is connected to 63 peer ranks. Expected number of connected peer ranks is : 63
[Gloo] Rank 63 is connected to 63 peer ranks. Expected number of connected peer ranks is : 63
[Gloo] Rank 56 is connected to 63 peer ranks. Expected number of connected peer ranks is : 63
[Gloo] Rank 53 is connected to 63 peer ranks. Expected number of connected peer ranks is : 63
[Gloo] Rank 59 is connected to 63 peer ranks. Expected number of connected peer ranks is : 63
[Gloo] Rank 48 is connected to 63 peer ranks. Expected number of connected peer ranks is : 63
[Gloo] Rank 50 is connected to 63 peer ranks. Expected number of connected peer ranks is : 63
[Gloo] Rank 49 is connected to 63 peer ranks. Expected number of connected peer ranks is : 63
[Gloo] Rank 54 is connected to 63 peer ranks. Expected number of connected peer ranks is : 63
[Gloo] Rank 57 is connected to 63 peer ranks. Expected number of connected peer ranks is : 63
[Gloo] Rank 51 is connected to 63 peer ranks. Expected number of connected peer ranks is : 63
[Gloo] Rank 52 is connected to 63 peer ranks. Expected number of connected peer ranks is : 63
[Gloo] Rank 58 is connected to 63 peer ranks. Expected number of connected peer ranks is : 63
[Gloo] Rank 55 is connected to 63 peer ranks. Expected number of connected peer ranks is : 63
[Gloo] Rank 61 is connected to 63 peer ranks. Expected number of connected peer ranks is : 63
[Gloo] Rank 60 is connected to 63 peer ranks. Expected number of connected peer ranks is : 63
[Gloo] Rank [Gloo] Rank 63 is connected to 6263 is connected to  peer ranks. 63Expected number of connected peer ranks is :  peer ranks. 63Expected number of connected peer ranks is : 63

/opt/conda/private/envs/MindSpeed-MM/lib/python3.11/site-packages/torch/distributed/distributed_c10d.py:4807: UserWarning: No device id is provided via `init_process_group` or `barrier `. Using the current device set by the user. 
  warnings.warn(  # warn only once
/opt/conda/private/envs/MindSpeed-MM/lib/python3.11/site-packages/torch/distributed/distributed_c10d.py:4807: UserWarning: No device id is provided via `init_process_group` or `barrier `. Using the current device set by the user. 
  warnings.warn(  # warn only once
/opt/conda/private/envs/MindSpeed-MM/lib/python3.11/site-packages/torch/distributed/distributed_c10d.py:4807: UserWarning: No device id is provided via `init_process_group` or `barrier `. Using the current device set by the user. 
  warnings.warn(  # warn only once
/opt/conda/private/envs/MindSpeed-MM/lib/python3.11/site-packages/torch/distributed/distributed_c10d.py:4807: UserWarning: No device id is provided via `init_process_group` or `barrier `. Using the current device set by the user. 
  warnings.warn(  # warn only once
/opt/conda/private/envs/MindSpeed-MM/lib/python3.11/site-packages/torch/distributed/distributed_c10d.py:4807: UserWarning: No device id is provided via `init_process_group` or `barrier `. Using the current device set by the user. 
  warnings.warn(  # warn only once
/opt/conda/private/envs/MindSpeed-MM/lib/python3.11/site-packages/torch/distributed/distributed_c10d.py:4807: UserWarning: No device id is provided via `init_process_group` or `barrier `. Using the current device set by the user. 
  warnings.warn(  # warn only once
/opt/conda/private/envs/MindSpeed-MM/lib/python3.11/site-packages/torch/distributed/distributed_c10d.py:4807: UserWarning: No device id is provided via `init_process_group` or `barrier `. Using the current device set by the user. 
  warnings.warn(  # warn only once
/opt/conda/private/envs/MindSpeed-MM/lib/python3.11/site-packages/torch/distributed/distributed_c10d.py:4807: UserWarning: No device id is provided via `init_process_group` or `barrier `. Using the current device set by the user. 
  warnings.warn(  # warn only once
/opt/conda/private/envs/MindSpeed-MM/lib/python3.11/site-packages/torch/distributed/distributed_c10d.py:4807: UserWarning: No device id is provided via `init_process_group` or `barrier `. Using the current device set by the user. 
  warnings.warn(  # warn only once
/opt/conda/private/envs/MindSpeed-MM/lib/python3.11/site-packages/torch/distributed/distributed_c10d.py:4807: UserWarning: No device id is provided via `init_process_group` or `barrier `. Using the current device set by the user. 
  warnings.warn(  # warn only once
/opt/conda/private/envs/MindSpeed-MM/lib/python3.11/site-packages/torch/distributed/distributed_c10d.py:4807: UserWarning: No device id is provided via `init_process_group` or `barrier `. Using the current device set by the user. 
  warnings.warn(  # warn only once
/opt/conda/private/envs/MindSpeed-MM/lib/python3.11/site-packages/torch/distributed/distributed_c10d.py:4807: UserWarning: No device id is provided via `init_process_group` or `barrier `. Using the current device set by the user. 
  warnings.warn(  # warn only once
/opt/conda/private/envs/MindSpeed-MM/lib/python3.11/site-packages/torch/distributed/distributed_c10d.py:4807: UserWarning: No device id is provided via `init_process_group` or `barrier `. Using the current device set by the user. 
  warnings.warn(  # warn only once
/opt/conda/private/envs/MindSpeed-MM/lib/python3.11/site-packages/torch/distributed/distributed_c10d.py:4807: UserWarning: No device id is provided via `init_process_group` or `barrier `. Using the current device set by the user. 
  warnings.warn(  # warn only once
/opt/conda/private/envs/MindSpeed-MM/lib/python3.11/site-packages/torch/distributed/distributed_c10d.py:4807: UserWarning: No device id is provided via `init_process_group` or `barrier `. Using the current device set by the user. 
  warnings.warn(  # warn only once
/opt/conda/private/envs/MindSpeed-MM/lib/python3.11/site-packages/torch/distributed/distributed_c10d.py:4807: UserWarning: No device id is provided via `init_process_group` or `barrier `. Using the current device set by the user. 
  warnings.warn(  # warn only once
Auto-discovering model: qwen3_vl
Auto-discovering model: qwen3_vl
Auto-discovering model: qwen3_vl
Auto-discovering model: qwen3_vl
Auto-discovering model: qwen3_vl
Auto-discovering model: qwen3_vl
Auto-discovering model: qwen3_vl
Auto-discovering model: qwen3_vl
Auto-discovering model: qwen3_vl
Auto-discovering model: qwen3_vl
Importing module: mindspeed_mm.models.transformers.attention_utils
Importing module: mindspeed_mm.models.transformers.attention_utils
Importing module: mindspeed_mm.models.transformers.attention_utils
Importing module: mindspeed_mm.models.transformers.attention_utils
Importing module: mindspeed_mm.models.transformers.attention_utils
Importing module: mindspeed_mm.models.transformers.attention_utils
Auto-discovering model: qwen3_vl
Importing module: mindspeed_mm.models.transformers.base_model
Importing module: mindspeed_mm.models.transformers.base_model
Importing module: mindspeed_mm.models.transformers.base_model
Importing module: mindspeed_mm.models.transformers.base_model
Importing module: mindspeed_mm.models.transformers.base_model
Importing module: mindspeed_mm.models.transformers.base_model
Importing module: mindspeed_mm.models.transformers.attention_utils
Importing module: mindspeed_mm.models.transformers.attention_utils
Auto-discovering model: qwen3_vl
Importing module: mindspeed_mm.models.transformers.base_model
Importing module: mindspeed_mm.models.transformers.attention_utils
Importing module: mindspeed_mm.models.transformers.base_model
Importing module: mindspeed_mm.models.transformers.base_model
Importing module: mindspeed_mm.models.transformers.configuration_hunyuan
Importing module: mindspeed_mm.models.transformers.configuration_hunyuan
Importing module: mindspeed_mm.models.transformers.configuration_hunyuan
Importing module: mindspeed_mm.models.transformers.configuration_hunyuan
Importing module: mindspeed_mm.models.transformers.configuration_hunyuanImporting module: mindspeed_mm.models.transformers.configuration_hunyuan

Importing module: mindspeed_mm.models.transformers.cp_utils
Importing module: mindspeed_mm.models.transformers.cp_utils
Importing module: mindspeed_mm.models.transformers.custom_model_registry
Importing module: mindspeed_mm.models.transformers.custom_model_registry
Importing module: mindspeed_mm.models.transformers.configuration_hunyuan
Importing module: mindspeed_mm.models.transformers.cp_utils
Importing module: mindspeed_mm.models.transformers.cp_utils
Importing module: mindspeed_mm.models.transformers.cp_utils
Importing module: mindspeed_mm.models.transformers.cp_utils
Importing module: mindspeed_mm.models.transformers.cp_utils
Importing module: mindspeed_mm.models.transformers.custom_model_registry
Importing module: mindspeed_mm.models.transformers.configuration_hunyuan
Importing module: mindspeed_mm.models.transformers.custom_model_registry
Importing module: mindspeed_mm.models.transformers.custom_model_registry
Importing module: mindspeed_mm.models.transformers.custom_model_registry
Importing module: mindspeed_mm.models.transformers.custom_model_registry
Importing module: mindspeed_mm.models.transformers.configuration_hunyuan
Importing module: mindspeed_mm.models.transformers.cp_utils
Importing module: mindspeed_mm.models.transformers.cp_utils
Importing module: mindspeed_mm.models.transformers.custom_model_registry
Importing module: mindspeed_mm.models.transformers.custom_model_registry
Importing module: mindspeed_mm.models.transformers.attention_utils
Importing module: mindspeed_mm.models.transformers.base_model
Importing module: mindspeed_mm.models.transformers.attention_utils
Importing module: mindspeed_mm.models.transformers.attention_utils
Importing module: mindspeed_mm.models.transformers.base_model
Importing module: mindspeed_mm.models.transformers.base_model
Importing module: mindspeed_mm.models.transformers.configuration_hunyuan
Importing module: mindspeed_mm.models.transformers.cp_utils
Importing module: mindspeed_mm.models.transformers.custom_model_registry
Auto-discovering model: qwen3_vl
Importing module: mindspeed_mm.models.transformers.configuration_hunyuan
Importing module: mindspeed_mm.models.transformers.configuration_hunyuan
Importing module: mindspeed_mm.models.transformers.glm4v_moe.glm4_5v
Importing module: mindspeed_mm.models.transformers.glm4v_moe.glm4_5v
Importing module: mindspeed_mm.models.transformers.glm4v_moe.glm4_5v
Importing module: mindspeed_mm.models.transformers.glm4v_moe.glm4_5vImporting module: mindspeed_mm.models.transformers.glm4v_moe.glm4_5v

Importing module: mindspeed_mm.models.transformers.cp_utils
Importing module: mindspeed_mm.models.transformers.glm4v_moe.glm4_5vImporting module: mindspeed_mm.models.transformers.glm4v_moe.glm4_5v

Importing module: mindspeed_mm.models.transformers.glm4v_moe.glm4_5v
Importing module: mindspeed_mm.models.transformers.glm4v_moe.glm4_5v
Importing module: mindspeed_mm.models.transformers.custom_model_registry
Importing module: mindspeed_mm.models.transformers.attention_utils
Auto-discovering model: qwen3_vl
Importing module: mindspeed_mm.models.transformers.base_model
Importing module: mindspeed_mm.models.transformers.glm4v_moe.glm4_5v
Importing module: mindspeed_mm.models.transformers.cp_utils
Importing module: mindspeed_mm.models.transformers.custom_model_registry
Importing module: mindspeed_mm.models.transformers.glm4v_moe.glm4_5v
Importing module: mindspeed_mm.models.transformers.configuration_hunyuan
Importing module: mindspeed_mm.models.transformers.cp_utils
Importing module: mindspeed_mm.models.transformers.custom_model_registry
Importing module: mindspeed_mm.models.transformers.glm4v_moe.glm4_5v
Importing module: mindspeed_mm.models.transformers.glm4v_moe.glm4_5v
Successfully registered model: glm4v_moe -> Glm4vMoeForConditionalGeneration
Importing module: mindspeed_mm.models.transformers.glm4v_moe.modeling_glm4v_moe
Importing module: mindspeed_mm.models.transformers.global_vars
Importing module: mindspeed_mm.models.transformers.hunyuan_image_3_pipeline
Successfully registered model: glm4v_moe -> Glm4vMoeForConditionalGeneration
Importing module: mindspeed_mm.models.transformers.glm4v_moe.modeling_glm4v_moe
Importing module: mindspeed_mm.models.transformers.global_vars
Importing module: mindspeed_mm.models.transformers.hunyuan_image_3_pipeline
Successfully registered model: glm4v_moe -> Glm4vMoeForConditionalGeneration
Successfully registered model: glm4v_moe -> Glm4vMoeForConditionalGeneration
Importing module: mindspeed_mm.models.transformers.glm4v_moe.modeling_glm4v_moe
Importing module: mindspeed_mm.models.transformers.global_vars
Importing module: mindspeed_mm.models.transformers.glm4v_moe.modeling_glm4v_moe
Importing module: mindspeed_mm.models.transformers.hunyuan_image_3_pipeline
Importing module: mindspeed_mm.models.transformers.global_vars
Importing module: mindspeed_mm.models.transformers.hunyuan_image_3_pipeline
Importing module: mindspeed_mm.models.transformers.attention_utils
Successfully registered model: glm4v_moe -> Glm4vMoeForConditionalGenerationSuccessfully registered model: glm4v_moe -> Glm4vMoeForConditionalGeneration

Importing module: mindspeed_mm.models.transformers.glm4v_moe.modeling_glm4v_moeImporting module: mindspeed_mm.models.transformers.glm4v_moe.modeling_glm4v_moe

Importing module: mindspeed_mm.models.transformers.global_varsImporting module: mindspeed_mm.models.transformers.global_vars

Importing module: mindspeed_mm.models.transformers.hunyuan_image_3_pipelineImporting module: mindspeed_mm.models.transformers.hunyuan_image_3_pipeline

Successfully registered model: glm4v_moe -> Glm4vMoeForConditionalGeneration
Importing module: mindspeed_mm.models.transformers.glm4v_moe.modeling_glm4v_moe
Importing module: mindspeed_mm.models.transformers.global_vars
Importing module: mindspeed_mm.models.transformers.hunyuan_image_3_pipeline
Importing module: mindspeed_mm.models.transformers.base_model
Importing module: mindspeed_mm.models.transformers.internvl3_5
Importing module: mindspeed_mm.models.transformers.internvl3_5
Importing module: mindspeed_mm.models.transformers.internvl3_5
Importing module: mindspeed_mm.models.transformers.internvl3_5
Importing module: mindspeed_mm.models.transformers.configuration_hunyuan
Importing module: mindspeed_mm.models.transformers.internvl3_5
Importing module: mindspeed_mm.models.transformers.internvl3_5
Importing module: mindspeed_mm.models.transformers.internvl3_5
Successfully registered model: glm4v_moe -> Glm4vMoeForConditionalGeneration
Importing module: mindspeed_mm.models.transformers.glm4v_moe.modeling_glm4v_moe
Importing module: mindspeed_mm.models.transformers.global_vars
Importing module: mindspeed_mm.models.transformers.hunyuan_image_3_pipeline
Importing module: mindspeed_mm.models.transformers.cp_utils
Successfully registered model: glm4v_moe -> Glm4vMoeForConditionalGeneration
Importing module: mindspeed_mm.models.transformers.glm4v_moe.modeling_glm4v_moe
Importing module: mindspeed_mm.models.transformers.global_vars
Importing module: mindspeed_mm.models.transformers.hunyuan_image_3_pipeline
Importing module: mindspeed_mm.models.transformers.custom_model_registry
Successfully registered model: glm4v_moe -> Glm4vMoeForConditionalGeneration
Importing module: mindspeed_mm.models.transformers.glm4v_moe.modeling_glm4v_moe
Importing module: mindspeed_mm.models.transformers.global_vars
Importing module: mindspeed_mm.models.transformers.hunyuan_image_3_pipeline
Importing module: mindspeed_mm.models.transformers.internvl3_5
Successfully registered model: glm4v_moe -> Glm4vMoeForConditionalGeneration
Importing module: mindspeed_mm.models.transformers.glm4v_moe.modeling_glm4v_moe
Importing module: mindspeed_mm.models.transformers.global_vars
Importing module: mindspeed_mm.models.transformers.hunyuan_image_3_pipeline
Successfully registered model: glm4v_moe -> Glm4vMoeForConditionalGeneration
Importing module: mindspeed_mm.models.transformers.glm4v_moe.modeling_glm4v_moe
Importing module: mindspeed_mm.models.transformers.global_vars
Importing module: mindspeed_mm.models.transformers.hunyuan_image_3_pipeline
Importing module: mindspeed_mm.models.transformers.internvl3_5
Successfully registered model: glm4v_moe -> Glm4vMoeForConditionalGeneration
Importing module: mindspeed_mm.models.transformers.glm4v_moe.modeling_glm4v_moe
Importing module: mindspeed_mm.models.transformers.global_vars
Importing module: mindspeed_mm.models.transformers.hunyuan_image_3_pipeline
Importing module: mindspeed_mm.models.transformers.internvl3_5
Auto-discovering model: qwen3_vl
Auto-discovering model: qwen3_vl
Importing module: mindspeed_mm.models.transformers.internvl3_5
Importing module: mindspeed_mm.models.transformers.internvl3_5
Importing module: mindspeed_mm.models.transformers.attention_utils
Importing module: mindspeed_mm.models.transformers.attention_utils
Importing module: mindspeed_mm.models.transformers.base_model
Importing module: mindspeed_mm.models.transformers.base_model
Importing module: mindspeed_mm.models.transformers.internvl3_5
Importing module: mindspeed_mm.models.transformers.glm4v_moe.glm4_5v
Importing module: mindspeed_mm.models.transformers.configuration_hunyuan
Importing module: mindspeed_mm.models.transformers.configuration_hunyuan
Importing module: mindspeed_mm.models.transformers.cp_utils
Importing module: mindspeed_mm.models.transformers.cp_utils
Importing module: mindspeed_mm.models.transformers.custom_model_registry
Importing module: mindspeed_mm.models.transformers.custom_model_registry
Successfully registered model: internvl -> InternVLChatModelGeneration
Successfully registered model: internvl -> InternVLChatModelGeneration
Successfully registered model: internvl -> InternVLChatModelGeneration
Successfully registered model: internvl -> InternVLChatModelGeneration
Successfully registered model: internvl -> InternVLChatModelGeneration
Successfully registered model: internvl -> InternVLChatModelGeneration
Successfully registered model: internvl -> InternVLChatModelGeneration
Successfully registered model: internvl -> InternVLChatModelGeneration
Successfully registered model: internvl -> InternVLChatModelGeneration
Successfully registered model: internvl -> InternVLChatModelGeneration
Importing module: mindspeed_mm.models.transformers.glm4v_moe.glm4_5v
Importing module: mindspeed_mm.models.transformers.glm4v_moe.glm4_5v
Successfully registered model: internvl -> InternVLChatModelGeneration
Successfully registered model: internvl -> InternVLChatModelGeneration
Importing module: mindspeed_mm.models.transformers.mistral3.mistral3
Importing module: mindspeed_mm.models.transformers.mistral3.mistral3
Importing module: mindspeed_mm.models.transformers.mistral3.mistral3
Importing module: mindspeed_mm.models.transformers.mistral3.mistral3
Importing module: mindspeed_mm.models.transformers.mistral3.mistral3
Importing module: mindspeed_mm.models.transformers.mistral3.mistral3
Importing module: mindspeed_mm.models.transformers.mistral3.mistral3
Importing module: mindspeed_mm.models.transformers.mistral3.mistral3
Importing module: mindspeed_mm.models.transformers.mistral3.mistral3
Importing module: mindspeed_mm.models.transformers.mistral3.mistral3
Importing module: mindspeed_mm.models.transformers.mistral3.mistral3
Importing module: mindspeed_mm.models.transformers.mistral3.mistral3
Successfully registered model: glm4v_moe -> Glm4vMoeForConditionalGeneration
Importing module: mindspeed_mm.models.transformers.glm4v_moe.modeling_glm4v_moe
Importing module: mindspeed_mm.models.transformers.global_vars
Importing module: mindspeed_mm.models.transformers.hunyuan_image_3_pipeline
Importing module: mindspeed_mm.models.transformers.internvl3_5
Successfully registered model: mistral3 -> MultiModelMistral3ForConditionalGeneration
Importing module: mindspeed_mm.models.transformers.mistral3.modeling_mistral
Importing module: mindspeed_mm.models.transformers.mistral3.modules
Importing module: mindspeed_mm.models.transformers.modelhub
Importing module: mindspeed_mm.models.transformers.moe_utils
Successfully registered model: mistral3 -> MultiModelMistral3ForConditionalGeneration
Importing module: mindspeed_mm.models.transformers.mistral3.modeling_mistral
Importing module: mindspeed_mm.models.transformers.mistral3.modules
Importing module: mindspeed_mm.models.transformers.modelhub
Importing module: mindspeed_mm.models.transformers.moe_utils
Successfully registered model: mistral3 -> MultiModelMistral3ForConditionalGeneration
Importing module: mindspeed_mm.models.transformers.mistral3.modeling_mistral
Importing module: mindspeed_mm.models.transformers.mistral3.modules
Importing module: mindspeed_mm.models.transformers.modelhub
Importing module: mindspeed_mm.models.transformers.moe_utils
Successfully registered model: mistral3 -> MultiModelMistral3ForConditionalGeneration
Importing module: mindspeed_mm.models.transformers.mistral3.modeling_mistral
Importing module: mindspeed_mm.models.transformers.mistral3.modules
Importing module: mindspeed_mm.models.transformers.modelhub
Importing module: mindspeed_mm.models.transformers.moe_utils
Successfully registered model: mistral3 -> MultiModelMistral3ForConditionalGeneration
Importing module: mindspeed_mm.models.transformers.mistral3.modeling_mistral
Importing module: mindspeed_mm.models.transformers.mistral3.modules
Importing module: mindspeed_mm.models.transformers.modelhub
Importing module: mindspeed_mm.models.transformers.moe_utils
Successfully registered model: mistral3 -> MultiModelMistral3ForConditionalGeneration
Importing module: mindspeed_mm.models.transformers.mistral3.modeling_mistral
Importing module: mindspeed_mm.models.transformers.mistral3.modules
Importing module: mindspeed_mm.models.transformers.modelhub
Successfully registered model: mistral3 -> MultiModelMistral3ForConditionalGeneration
Importing module: mindspeed_mm.models.transformers.moe_utils
Importing module: mindspeed_mm.models.transformers.mistral3.modeling_mistral
Importing module: mindspeed_mm.models.transformers.mistral3.modules
Importing module: mindspeed_mm.models.transformers.modelhub
Importing module: mindspeed_mm.models.transformers.moe_utils
Successfully registered model: mistral3 -> MultiModelMistral3ForConditionalGeneration
Importing module: mindspeed_mm.models.transformers.mistral3.modeling_mistral
Importing module: mindspeed_mm.models.transformers.mistral3.modules
Importing module: mindspeed_mm.models.transformers.modelhub
Importing module: mindspeed_mm.models.transformers.moe_utils
Successfully registered model: internvl -> InternVLChatModelGenerationSuccessfully registered model: mistral3 -> MultiModelMistral3ForConditionalGeneration

Importing module: mindspeed_mm.models.transformers.mistral3.modeling_mistral
Importing module: mindspeed_mm.models.transformers.mistral3.modules
Importing module: mindspeed_mm.models.transformers.modelhub
Importing module: mindspeed_mm.models.transformers.moe_utils
Successfully registered model: mistral3 -> MultiModelMistral3ForConditionalGeneration
Importing module: mindspeed_mm.models.transformers.mistral3.modeling_mistral
Importing module: mindspeed_mm.models.transformers.mistral3.modules
Importing module: mindspeed_mm.models.transformers.modelhub
Importing module: mindspeed_mm.models.transformers.moe_utils
Successfully registered model: mistral3 -> MultiModelMistral3ForConditionalGeneration
Importing module: mindspeed_mm.models.transformers.mistral3.modeling_mistral
Importing module: mindspeed_mm.models.transformers.mistral3.modules
Importing module: mindspeed_mm.models.transformers.modelhub
Importing module: mindspeed_mm.models.transformers.moe_utils
Successfully registered model: mistral3 -> MultiModelMistral3ForConditionalGeneration
Importing module: mindspeed_mm.models.transformers.mistral3.modeling_mistral
Importing module: mindspeed_mm.models.transformers.mistral3.modules
Importing module: mindspeed_mm.models.transformers.modelhub
Importing module: mindspeed_mm.models.transformers.moe_utils
Importing module: mindspeed_mm.models.transformers.mistral3.mistral3
Importing module: mindspeed_mm.models.transformers.qwen3omni.modeling_outputs
Importing module: mindspeed_mm.models.transformers.qwen3omni.modeling_outputs
Importing module: mindspeed_mm.models.transformers.qwen3omni.modeling_outputs
Importing module: mindspeed_mm.models.transformers.qwen3omni.modeling_outputs
Importing module: mindspeed_mm.models.transformers.qwen3omni.modeling_outputsImporting module: mindspeed_mm.models.transformers.qwen3omni.modeling_outputs

Importing module: mindspeed_mm.models.transformers.qwen3omni.modeling_outputs
Importing module: mindspeed_mm.models.transformers.qwen3omni.modeling_outputs
Importing module: mindspeed_mm.models.transformers.qwen3omni.modeling_outputs
Importing module: mindspeed_mm.models.transformers.qwen3omni.modeling_outputs
Importing module: mindspeed_mm.models.transformers.qwen3omni.modeling_outputs
Importing module: mindspeed_mm.models.transformers.qwen3omni.modeling_qwen3_omni_moe
Importing module: mindspeed_mm.models.transformers.qwen3omni.modeling_qwen3_omni_moe
Importing module: mindspeed_mm.models.transformers.qwen3omni.modeling_qwen3_omni_moe
Importing module: mindspeed_mm.models.transformers.qwen3omni.modeling_outputs
Importing module: mindspeed_mm.models.transformers.qwen3omni.modeling_qwen3_omni_moe
Importing module: mindspeed_mm.models.transformers.qwen3omni.modeling_qwen3_omni_moe
Importing module: mindspeed_mm.models.transformers.qwen3omni.modeling_qwen3_omni_moe
Importing module: mindspeed_mm.models.transformers.qwen3omni.modeling_qwen3_omni_moe
Importing module: mindspeed_mm.models.transformers.qwen3omni.modeling_qwen3_omni_moe
Importing module: mindspeed_mm.models.transformers.qwen3omni.modeling_qwen3_omni_moe
Importing module: mindspeed_mm.models.transformers.qwen3omni.modeling_qwen3_omni_moe
Importing module: mindspeed_mm.models.transformers.qwen3omni.modeling_qwen3_omni_moe
Importing module: mindspeed_mm.models.transformers.qwen3omni.modeling_qwen3_omni_moe
Successfully registered model: glm4v_moe -> Glm4vMoeForConditionalGeneration
Importing module: mindspeed_mm.models.transformers.glm4v_moe.modeling_glm4v_moe
🚨 `loss_ctx` is part of Qwen3OmniMoeThinkerForConditionalGeneration.forward's signature, but not documented. Make sure to add it to the docstring of the function in /data/user/user40/hybrid_parallel/MindSpeed-MM/mindspeed_mm/models/transformers/qwen3omni/modeling_qwen3_omni_moe.py.
Importing module: mindspeed_mm.models.transformers.global_vars
Importing module: mindspeed_mm.models.transformers.hunyuan_image_3_pipeline
🚨 `loss_ctx` is part of Qwen3OmniMoeThinkerForConditionalGeneration.forward's signature, but not documented. Make sure to add it to the docstring of the function in /data/user/user40/hybrid_parallel/MindSpeed-MM/mindspeed_mm/models/transformers/qwen3omni/modeling_qwen3_omni_moe.py.
🚨 `loss_ctx` is part of Qwen3OmniMoeThinkerForConditionalGeneration.forward's signature, but not documented. Make sure to add it to the docstring of the function in /data/user/user40/hybrid_parallel/MindSpeed-MM/mindspeed_mm/models/transformers/qwen3omni/modeling_qwen3_omni_moe.py.
🚨 `loss_ctx` is part of Qwen3OmniMoeThinkerForConditionalGeneration.forward's signature, but not documented. Make sure to add it to the docstring of the function in /data/user/user40/hybrid_parallel/MindSpeed-MM/mindspeed_mm/models/transformers/qwen3omni/modeling_qwen3_omni_moe.py.
Importing module: mindspeed_mm.models.transformers.qwen3omni.modules
Importing module: mindspeed_mm.models.transformers.qwen3omni.qwen3omni
🚨 `loss_ctx` is part of Qwen3OmniMoeThinkerForConditionalGeneration.forward's signature, but not documented. Make sure to add it to the docstring of the function in /data/user/user40/hybrid_parallel/MindSpeed-MM/mindspeed_mm/models/transformers/qwen3omni/modeling_qwen3_omni_moe.py.
🚨 `loss_ctx` is part of Qwen3OmniMoeThinkerForConditionalGeneration.forward's signature, but not documented. Make sure to add it to the docstring of the function in /data/user/user40/hybrid_parallel/MindSpeed-MM/mindspeed_mm/models/transformers/qwen3omni/modeling_qwen3_omni_moe.py.
🚨 `loss_ctx` is part of Qwen3OmniMoeThinkerForConditionalGeneration.forward's signature, but not documented. Make sure to add it to the docstring of the function in /data/user/user40/hybrid_parallel/MindSpeed-MM/mindspeed_mm/models/transformers/qwen3omni/modeling_qwen3_omni_moe.py.
Importing module: mindspeed_mm.models.transformers.qwen3omni.modules
Importing module: mindspeed_mm.models.transformers.qwen3omni.qwen3omni
Importing module: mindspeed_mm.models.transformers.qwen3omni.modules
🚨 `loss_ctx` is part of Qwen3OmniMoeThinkerForConditionalGeneration.forward's signature, but not documented. Make sure to add it to the docstring of the function in /data/user/user40/hybrid_parallel/MindSpeed-MM/mindspeed_mm/models/transformers/qwen3omni/modeling_qwen3_omni_moe.py.
Importing module: mindspeed_mm.models.transformers.qwen3omni.qwen3omni
Successfully registered model: glm4v_moe -> Glm4vMoeForConditionalGeneration
🚨 `loss_ctx` is part of Qwen3OmniMoeThinkerForConditionalGeneration.forward's signature, but not documented. Make sure to add it to the docstring of the function in /data/user/user40/hybrid_parallel/MindSpeed-MM/mindspeed_mm/models/transformers/qwen3omni/modeling_qwen3_omni_moe.py.
Importing module: mindspeed_mm.models.transformers.glm4v_moe.modeling_glm4v_moe
Importing module: mindspeed_mm.models.transformers.global_vars
Importing module: mindspeed_mm.models.transformers.hunyuan_image_3_pipeline
Successfully registered model: qwen3_omni_moe -> Qwen3OmniMoeThinkerForConditionalGeneration
Importing module: mindspeed_mm.models.transformers.qwen3omni.modules
Importing module: mindspeed_mm.models.transformers.qwen3omni.qwen3omni
🚨 `loss_ctx` is part of Qwen3OmniMoeThinkerForConditionalGeneration.forward's signature, but not documented. Make sure to add it to the docstring of the function in /data/user/user40/hybrid_parallel/MindSpeed-MM/mindspeed_mm/models/transformers/qwen3omni/modeling_qwen3_omni_moe.py.
Successfully registered model: qwen3_omni_moe -> Qwen3OmniMoeThinkerForConditionalGeneration
Importing module: mindspeed_mm.models.transformers.qwen3omni.modules
Importing module: mindspeed_mm.models.transformers.qwen3omni.qwen3omni
Importing module: mindspeed_mm.models.transformers.qwen3omni.modules
Importing module: mindspeed_mm.models.transformers.qwen3omni.modules
Importing module: mindspeed_mm.models.transformers.qwen3omni.qwen3omni
Importing module: mindspeed_mm.models.transformers.qwen3omni.qwen3omni
Successfully registered model: qwen3_omni_moe -> Qwen3OmniMoeThinkerForConditionalGeneration
Importing module: mindspeed_mm.models.transformers.qwen3omni.modules
Importing module: mindspeed_mm.models.transformers.qwen3omni.qwen3omni
Importing module: mindspeed_mm.models.transformers.qwen3omni.modules
Importing module: mindspeed_mm.models.transformers.qwen3omni.qwen3omni
Successfully registered model: qwen3_omni_moe -> Qwen3OmniMoeThinkerForConditionalGeneration
Importing module: mindspeed_mm.models.transformers.qwen3omni.modules
Importing module: mindspeed_mm.models.transformers.qwen3omni.qwen3omni
Successfully registered model: qwen3_omni_moe -> Qwen3OmniMoeThinkerForConditionalGeneration
Successfully registered model: qwen3_omni_moe -> Qwen3OmniMoeThinkerForConditionalGeneration
Successfully registered model: qwen3_omni_moe -> Qwen3OmniMoeThinkerForConditionalGeneration
Successfully registered model: qwen3_omni_moe -> Qwen3OmniMoeThinkerForConditionalGeneration
Successfully registered model: internvl -> InternVLChatModelGeneration
Successfully registered model: qwen3_omni_moe -> Qwen3OmniMoeThinkerForConditionalGeneration
Successfully registered model: qwen3_omni_moe -> Qwen3OmniMoeThinkerForConditionalGeneration
🚨 `loss_ctx` is part of Qwen3OmniMoeThinkerForConditionalGeneration.forward's signature, but not documented. Make sure to add it to the docstring of the function in /data/user/user40/hybrid_parallel/MindSpeed-MM/mindspeed_mm/models/transformers/qwen3omni/modeling_qwen3_omni_moe.py.
Importing module: mindspeed_mm.models.transformers.qwen3omni.modules
Importing module: mindspeed_mm.models.transformers.qwen3omni.qwen3omni
Successfully registered model: qwen3_omni_moe -> Qwen3OmniMoeThinkerForConditionalGeneration
🚨 `loss_ctx` is part of Qwen3OmniMoeThinkerForConditionalGeneration.forward's signature, but not documented. Make sure to add it to the docstring of the function in /data/user/user40/hybrid_parallel/MindSpeed-MM/mindspeed_mm/models/transformers/qwen3omni/modeling_qwen3_omni_moe.py.
Importing module: mindspeed_mm.models.transformers.qwen3omni.modules
Importing module: mindspeed_mm.models.transformers.qwen3omni.qwen3omni
Successfully registered model: mistral3 -> MultiModelMistral3ForConditionalGeneration
Importing module: mindspeed_mm.models.transformers.mistral3.modeling_mistral
Importing module: mindspeed_mm.models.transformers.mistral3.modules
Importing module: mindspeed_mm.models.transformers.modelhub
Importing module: mindspeed_mm.models.transformers.moe_utils
Successfully registered model: qwen3_omni_moe -> Qwen3OmniMoeThinkerForConditionalGeneration
Importing module: mindspeed_mm.models.transformers.qwen3vl.modeling_qwen3_vl
Importing module: mindspeed_mm.models.transformers.qwen3vl.modeling_qwen3_vl_moe
Importing module: mindspeed_mm.models.transformers.qwen3vl.modules
Importing module: mindspeed_mm.models.transformers.qwen3vl.output
Importing module: mindspeed_mm.models.transformers.qwen3vl.qwen3vl
Successfully registered model: qwen3_vl -> Qwen3VLForConditionalGeneration
Successfully registered model: qwen3_vl_moe -> Qwen3VLMoeForConditionalGeneration
Importing module: mindspeed_mm.models.transformers.qwen3vl.modeling_qwen3_vl
Importing module: mindspeed_mm.models.transformers.qwen3vl.modeling_qwen3_vl
Importing module: mindspeed_mm.models.transformers.qwen3vl.modeling_qwen3_vl_moe
Importing module: mindspeed_mm.models.transformers.qwen3vl.modeling_qwen3_vl_moeImporting module: mindspeed_mm.models.transformers.qwen3vl.modules

Importing module: mindspeed_mm.models.transformers.qwen3vl.modulesImporting module: mindspeed_mm.models.transformers.qwen3vl.output

Importing module: mindspeed_mm.models.transformers.qwen3vl.qwen3vlImporting module: mindspeed_mm.models.transformers.qwen3vl.output

Importing module: mindspeed_mm.models.transformers.qwen3vl.qwen3vl
Importing module: mindspeed_mm.models.transformers.qwen3vl.modeling_qwen3_vl
Importing module: mindspeed_mm.models.transformers.qwen3vl.modeling_qwen3_vl_moe
Importing module: mindspeed_mm.models.transformers.qwen3vl.modules
Importing module: mindspeed_mm.models.transformers.qwen3vl.output
Importing module: mindspeed_mm.models.transformers.qwen3vl.qwen3vl
Importing module: mindspeed_mm.models.transformers.qwen3vl.modeling_qwen3_vl
Importing module: mindspeed_mm.models.transformers.qwen3vl.modeling_qwen3_vl_moe
Importing module: mindspeed_mm.models.transformers.qwen3vl.modules
Importing module: mindspeed_mm.models.transformers.qwen3vl.output
Importing module: mindspeed_mm.models.transformers.qwen3vl.qwen3vl
Importing module: mindspeed_mm.models.transformers.qwen3vl.modeling_qwen3_vl
Importing module: mindspeed_mm.models.transformers.qwen3vl.modeling_qwen3_vl_moe
Importing module: mindspeed_mm.models.transformers.qwen3vl.modules
Importing module: mindspeed_mm.models.transformers.qwen3vl.output
Importing module: mindspeed_mm.models.transformers.qwen3vl.qwen3vl
Successfully registered model: qwen3_vl -> Qwen3VLForConditionalGeneration
Successfully registered model: qwen3_vl -> Qwen3VLForConditionalGenerationSuccessfully registered model: qwen3_vl -> Qwen3VLForConditionalGeneration

Successfully registered model: qwen3_vl -> Qwen3VLForConditionalGeneration
Importing module: mindspeed_mm.models.transformers.qwen3vl.modeling_qwen3_vl
Importing module: mindspeed_mm.models.transformers.qwen3vl.modeling_qwen3_vl_moe
Importing module: mindspeed_mm.models.transformers.qwen3vl.modules
Importing module: mindspeed_mm.models.transformers.qwen3vl.output
Successfully registered model: qwen3_vl_moe -> Qwen3VLMoeForConditionalGeneration
Importing module: mindspeed_mm.models.transformers.qwen3vl.qwen3vl
Importing module: mindspeed_mm.models.transformers.qwen3vl.modeling_qwen3_vl
Importing module: mindspeed_mm.models.transformers.qwen3vl.modeling_qwen3_vl_moe
Importing module: mindspeed_mm.models.transformers.qwen3vl.modules
Successfully registered model: qwen3_vl -> Qwen3VLForConditionalGeneration
Importing module: mindspeed_mm.models.transformers.qwen3vl.output
Importing module: mindspeed_mm.models.transformers.qwen3vl.qwen3vl
Successfully registered model: qwen3_vl_moe -> Qwen3VLMoeForConditionalGeneration
Successfully registered model: qwen3_vl_moe -> Qwen3VLMoeForConditionalGeneration
Successfully registered model: qwen3_vl_moe -> Qwen3VLMoeForConditionalGeneration
Importing module: mindspeed_mm.models.transformers.qwen3vl.modeling_qwen3_vl
Importing module: mindspeed_mm.models.transformers.qwen3vl.modeling_qwen3_vl_moe
Importing module: mindspeed_mm.models.transformers.qwen3vl.modules
Successfully registered model: qwen3_vl_moe -> Qwen3VLMoeForConditionalGeneration
Importing module: mindspeed_mm.models.transformers.qwen3vl.output
Importing module: mindspeed_mm.models.transformers.qwen3vl.qwen3vl
Importing module: mindspeed_mm.models.transformers.qwen3vl.modeling_qwen3_vl
Importing module: mindspeed_mm.models.transformers.qwen3vl.modeling_qwen3_vl_moe
Importing module: mindspeed_mm.models.transformers.qwen3vl.modules
Importing module: mindspeed_mm.models.transformers.qwen3vl.output
Importing module: mindspeed_mm.models.transformers.qwen3vl.qwen3vl
Successfully registered model: qwen3_vl -> Qwen3VLForConditionalGeneration
Successfully registered model: qwen3_vl -> Qwen3VLForConditionalGeneration
Importing module: mindspeed_mm.models.transformers.mistral3.mistral3
Importing module: mindspeed_mm.models.transformers.qwen3vl.modeling_qwen3_vl
Importing module: mindspeed_mm.models.transformers.qwen3vl.modeling_qwen3_vl_moe
Importing module: mindspeed_mm.models.transformers.qwen3vl.modules
Importing module: mindspeed_mm.models.transformers.qwen3vl.output
Successfully registered model: qwen3_vl_moe -> Qwen3VLMoeForConditionalGeneration
Importing module: mindspeed_mm.models.transformers.qwen3vl.qwen3vl
Successfully registered model: qwen3_vl_moe -> Qwen3VLMoeForConditionalGeneration
Importing module: mindspeed_mm.models.transformers.qwen3vl.modeling_qwen3_vlSuccessfully registered model: qwen3_vl -> Qwen3VLForConditionalGeneration

Importing module: mindspeed_mm.models.transformers.qwen3vl.modeling_qwen3_vl_moe
Importing module: mindspeed_mm.models.transformers.qwen3vl.modules
Importing module: mindspeed_mm.models.transformers.qwen3vl.output
Importing module: mindspeed_mm.models.transformers.qwen3vl.qwen3vl
Successfully registered model: qwen3_vl -> Qwen3VLForConditionalGeneration
Successfully registered model: qwen3_vl_moe -> Qwen3VLMoeForConditionalGeneration
Successfully registered model: qwen3_vl_moe -> Qwen3VLMoeForConditionalGeneration
Successfully registered model: qwen3_vl -> Qwen3VLForConditionalGeneration
Successfully registered model: qwen3_vl -> Qwen3VLForConditionalGeneration
Successfully registered model: qwen3_vl_moe -> Qwen3VLMoeForConditionalGeneration
Successfully registered model: qwen3_vl_moe -> Qwen3VLMoeForConditionalGeneration
Importing module: mindspeed_mm.models.transformers.internvl3_5
Importing module: mindspeed_mm.models.transformers.qwen3omni.modeling_outputs
Importing module: mindspeed_mm.models.transformers.internvl3_5
Importing module: mindspeed_mm.models.transformers.qwen3omni.modeling_qwen3_omni_moe
🚨 `loss_ctx` is part of Qwen3OmniMoeThinkerForConditionalGeneration.forward's signature, but not documented. Make sure to add it to the docstring of the function in /data/user/user40/hybrid_parallel/MindSpeed-MM/mindspeed_mm/models/transformers/qwen3omni/modeling_qwen3_omni_moe.py.
Importing module: mindspeed_mm.models.transformers.qwen3omni.modules
Importing module: mindspeed_mm.models.transformers.qwen3omni.qwen3omni
Successfully registered model: qwen3_omni_moe -> Qwen3OmniMoeThinkerForConditionalGeneration
Successfully registered model: mistral3 -> MultiModelMistral3ForConditionalGeneration
Importing module: mindspeed_mm.models.transformers.mistral3.modeling_mistral
Importing module: mindspeed_mm.models.transformers.mistral3.modules
Importing module: mindspeed_mm.models.transformers.modelhub
Importing module: mindspeed_mm.models.transformers.moe_utils
Importing module: mindspeed_mm.models.transformers.qwen3vl.modeling_qwen3_vl
Importing module: mindspeed_mm.models.transformers.qwen3vl.modeling_qwen3_vl_moe
Importing module: mindspeed_mm.models.transformers.qwen3vl.modules
Importing module: mindspeed_mm.models.transformers.qwen3vl.output
Importing module: mindspeed_mm.models.transformers.qwen3vl.qwen3vl
Successfully registered model: qwen3_vl -> Qwen3VLForConditionalGeneration
Successfully registered model: qwen3_vl_moe -> Qwen3VLMoeForConditionalGeneration
Importing module: mindspeed_mm.models.transformers.qwen3omni.modeling_outputs
Importing module: mindspeed_mm.models.transformers.qwen3omni.modeling_qwen3_omni_moe
Successfully registered model: internvl -> InternVLChatModelGeneration
Successfully registered model: internvl -> InternVLChatModelGeneration
Importing module: mindspeed_mm.models.transformers.mistral3.mistral3
Importing module: mindspeed_mm.models.transformers.mistral3.mistral3
🚨 `loss_ctx` is part of Qwen3OmniMoeThinkerForConditionalGeneration.forward's signature, but not documented. Make sure to add it to the docstring of the function in /data/user/user40/hybrid_parallel/MindSpeed-MM/mindspeed_mm/models/transformers/qwen3omni/modeling_qwen3_omni_moe.py.
Importing module: mindspeed_mm.models.transformers.qwen3omni.modules
Importing module: mindspeed_mm.models.transformers.qwen3omni.qwen3omni
Successfully registered model: qwen3_omni_moe -> Qwen3OmniMoeThinkerForConditionalGeneration
Importing module: mindspeed_mm.models.transformers.qwen3vl.modeling_qwen3_vl
Importing module: mindspeed_mm.models.transformers.qwen3vl.modeling_qwen3_vl_moe
Importing module: mindspeed_mm.models.transformers.qwen3vl.modules
Importing module: mindspeed_mm.models.transformers.qwen3vl.output
Importing module: mindspeed_mm.models.transformers.qwen3vl.qwen3vl
Successfully registered model: qwen3_vl -> Qwen3VLForConditionalGeneration
Successfully registered model: qwen3_vl_moe -> Qwen3VLMoeForConditionalGeneration
Successfully registered model: mistral3 -> MultiModelMistral3ForConditionalGeneration
Importing module: mindspeed_mm.models.transformers.mistral3.modeling_mistral
Importing module: mindspeed_mm.models.transformers.mistral3.modules
Importing module: mindspeed_mm.models.transformers.modelhub
Importing module: mindspeed_mm.models.transformers.moe_utils
Successfully registered model: mistral3 -> MultiModelMistral3ForConditionalGeneration
Importing module: mindspeed_mm.models.transformers.mistral3.modeling_mistral
Importing module: mindspeed_mm.models.transformers.mistral3.modules
Importing module: mindspeed_mm.models.transformers.modelhub
Importing module: mindspeed_mm.models.transformers.moe_utils
Importing module: mindspeed_mm.models.transformers.qwen3omni.modeling_outputs
Importing module: mindspeed_mm.models.transformers.qwen3omni.modeling_outputs
Importing module: mindspeed_mm.models.transformers.qwen3omni.modeling_qwen3_omni_moe
Importing module: mindspeed_mm.models.transformers.qwen3omni.modeling_qwen3_omni_moe
🚨 `loss_ctx` is part of Qwen3OmniMoeThinkerForConditionalGeneration.forward's signature, but not documented. Make sure to add it to the docstring of the function in /data/user/user40/hybrid_parallel/MindSpeed-MM/mindspeed_mm/models/transformers/qwen3omni/modeling_qwen3_omni_moe.py.
Importing module: mindspeed_mm.models.transformers.qwen3omni.modules
Importing module: mindspeed_mm.models.transformers.qwen3omni.qwen3omni
🚨 `loss_ctx` is part of Qwen3OmniMoeThinkerForConditionalGeneration.forward's signature, but not documented. Make sure to add it to the docstring of the function in /data/user/user40/hybrid_parallel/MindSpeed-MM/mindspeed_mm/models/transformers/qwen3omni/modeling_qwen3_omni_moe.py.
Successfully registered model: qwen3_omni_moe -> Qwen3OmniMoeThinkerForConditionalGeneration
Importing module: mindspeed_mm.models.transformers.qwen3omni.modules
Importing module: mindspeed_mm.models.transformers.qwen3omni.qwen3omni
Successfully registered model: qwen3_omni_moe -> Qwen3OmniMoeThinkerForConditionalGeneration
Importing module: mindspeed_mm.models.transformers.qwen3vl.modeling_qwen3_vl
Importing module: mindspeed_mm.models.transformers.qwen3vl.modeling_qwen3_vl_moe
Importing module: mindspeed_mm.models.transformers.qwen3vl.modules
Importing module: mindspeed_mm.models.transformers.qwen3vl.output
Importing module: mindspeed_mm.models.transformers.qwen3vl.qwen3vl
Successfully registered model: qwen3_vl -> Qwen3VLForConditionalGeneration
Successfully registered model: qwen3_vl_moe -> Qwen3VLMoeForConditionalGeneration
Importing module: mindspeed_mm.models.transformers.qwen3vl.modeling_qwen3_vl
Importing module: mindspeed_mm.models.transformers.qwen3vl.modeling_qwen3_vl_moe
Importing module: mindspeed_mm.models.transformers.qwen3vl.modules
Importing module: mindspeed_mm.models.transformers.qwen3vl.output
Importing module: mindspeed_mm.models.transformers.qwen3vl.qwen3vl
Successfully registered model: qwen3_vl -> Qwen3VLForConditionalGeneration
Successfully registered model: qwen3_vl_moe -> Qwen3VLMoeForConditionalGeneration
(min, max) time across ranks (ms):
    load-checkpoint ................................: (5.92, 10.06)
(min, max) time across ranks (ms):
    model-and-optimizer-setup ......................: (13286.37, 13317.35)
    train/valid/test-data-iterators-setup ..........: (33.16, 34.29)
[rank57]:[W414 18:05:06.914784389 compiler_depend.ts:335] Warning: Cannot create tensor with interal format while allow_internel_format=False, tensor will be created with base format. (function operator())
[rank48]:[W414 18:05:06.921847416 compiler_depend.ts:335] Warning: Cannot create tensor with interal format while allow_internel_format=False, tensor will be created with base format. (function operator())
[rank52]:[W414 18:05:06.922096848 compiler_depend.ts:335] Warning: Cannot create tensor with interal format while allow_internel_format=False, tensor will be created with base format. (function operator())
[rank56]:[W414 18:05:06.922670862 compiler_depend.ts:335] Warning: Cannot create tensor with interal format while allow_internel_format=False, tensor will be created with base format. (function operator())
[rank61]:[W414 18:05:06.923517257 compiler_depend.ts:335] Warning: Cannot create tensor with interal format while allow_internel_format=False, tensor will be created with base format. (function operator())
[rank49]:[W414 18:05:06.924932057 compiler_depend.ts:335] Warning: Cannot create tensor with interal format while allow_internel_format=False, tensor will be created with base format. (function operator())
[rank59]:[W414 18:05:06.927206662 compiler_depend.ts:335] Warning: Cannot create tensor with interal format while allow_internel_format=False, tensor will be created with base format. (function operator())
[rank55]:[W414 18:05:06.930859426 compiler_depend.ts:335] Warning: Cannot create tensor with interal format while allow_internel_format=False, tensor will be created with base format. (function operator())
[rank54]:[W414 18:05:06.944562567 compiler_depend.ts:335] Warning: Cannot create tensor with interal format while allow_internel_format=False, tensor will be created with base format. (function operator())
[rank58]:[W414 18:05:06.945003690 compiler_depend.ts:335] Warning: Cannot create tensor with interal format while allow_internel_format=False, tensor will be created with base format. (function operator())
[rank51]:[W414 18:05:06.950804129 compiler_depend.ts:335] Warning: Cannot create tensor with interal format while allow_internel_format=False, tensor will be created with base format. (function operator())
[rank62]:[W414 18:05:06.963585814 compiler_depend.ts:335] Warning: Cannot create tensor with interal format while allow_internel_format=False, tensor will be created with base format. (function operator())
[rank53]:[W414 18:05:06.981762625 compiler_depend.ts:335] Warning: Cannot create tensor with interal format while allow_internel_format=False, tensor will be created with base format. (function operator())
[rank60]:[W414 18:05:06.984527044 compiler_depend.ts:335] Warning: Cannot create tensor with interal format while allow_internel_format=False, tensor will be created with base format. (function operator())
[rank50]:[W414 18:05:06.084017307 compiler_depend.ts:335] Warning: Cannot create tensor with interal format while allow_internel_format=False, tensor will be created with base format. (function operator())
[rank63]:[W414 18:05:06.094160864 compiler_depend.ts:335] Warning: Cannot create tensor with interal format while allow_internel_format=False, tensor will be created with base format. (function operator())
/data/user/user40/hybrid_parallel/MindSpeed-MM/MindSpeed/mindspeed/core/fp8_utils.py:11: UserWarning: Currently, it is not supported to Cast shard fp32 main params to fp8 model params
  warnings.warn("Currently, it is not supported to Cast shard fp32 main params to fp8 model params")
/data/user/user40/hybrid_parallel/MindSpeed-MM/MindSpeed/mindspeed/core/fp8_utils.py:11: UserWarning: Currently, it is not supported to Cast shard fp32 main params to fp8 model params
  warnings.warn("Currently, it is not supported to Cast shard fp32 main params to fp8 model params")
/data/user/user40/hybrid_parallel/MindSpeed-MM/MindSpeed/mindspeed/core/fp8_utils.py:11: UserWarning: Currently, it is not supported to Cast shard fp32 main params to fp8 model params
  warnings.warn("Currently, it is not supported to Cast shard fp32 main params to fp8 model params")
/data/user/user40/hybrid_parallel/MindSpeed-MM/MindSpeed/mindspeed/core/fp8_utils.py:11: UserWarning: Currently, it is not supported to Cast shard fp32 main params to fp8 model params
  warnings.warn("Currently, it is not supported to Cast shard fp32 main params to fp8 model params")
/data/user/user40/hybrid_parallel/MindSpeed-MM/MindSpeed/mindspeed/core/fp8_utils.py:11: UserWarning: Currently, it is not supported to Cast shard fp32 main params to fp8 model params
  warnings.warn("Currently, it is not supported to Cast shard fp32 main params to fp8 model params")
/data/user/user40/hybrid_parallel/MindSpeed-MM/MindSpeed/mindspeed/core/fp8_utils.py:11: UserWarning: Currently, it is not supported to Cast shard fp32 main params to fp8 model params
  warnings.warn("Currently, it is not supported to Cast shard fp32 main params to fp8 model params")
/data/user/user40/hybrid_parallel/MindSpeed-MM/MindSpeed/mindspeed/core/fp8_utils.py:11: UserWarning: Currently, it is not supported to Cast shard fp32 main params to fp8 model params
  warnings.warn("Currently, it is not supported to Cast shard fp32 main params to fp8 model params")
/data/user/user40/hybrid_parallel/MindSpeed-MM/MindSpeed/mindspeed/core/fp8_utils.py:11: UserWarning: Currently, it is not supported to Cast shard fp32 main params to fp8 model params
  warnings.warn("Currently, it is not supported to Cast shard fp32 main params to fp8 model params")
/data/user/user40/hybrid_parallel/MindSpeed-MM/MindSpeed/mindspeed/core/fp8_utils.py:11: UserWarning: Currently, it is not supported to Cast shard fp32 main params to fp8 model params
  warnings.warn("Currently, it is not supported to Cast shard fp32 main params to fp8 model params")
/data/user/user40/hybrid_parallel/MindSpeed-MM/MindSpeed/mindspeed/core/fp8_utils.py:11: UserWarning: Currently, it is not supported to Cast shard fp32 main params to fp8 model params
  warnings.warn("Currently, it is not supported to Cast shard fp32 main params to fp8 model params")
/data/user/user40/hybrid_parallel/MindSpeed-MM/MindSpeed/mindspeed/core/fp8_utils.py:11: UserWarning: Currently, it is not supported to Cast shard fp32 main params to fp8 model params
  warnings.warn("Currently, it is not supported to Cast shard fp32 main params to fp8 model params")
/data/user/user40/hybrid_parallel/MindSpeed-MM/MindSpeed/mindspeed/core/fp8_utils.py:11: UserWarning: Currently, it is not supported to Cast shard fp32 main params to fp8 model params
  warnings.warn("Currently, it is not supported to Cast shard fp32 main params to fp8 model params")
/data/user/user40/hybrid_parallel/MindSpeed-MM/MindSpeed/mindspeed/core/fp8_utils.py:11: UserWarning: Currently, it is not supported to Cast shard fp32 main params to fp8 model params
  warnings.warn("Currently, it is not supported to Cast shard fp32 main params to fp8 model params")
/data/user/user40/hybrid_parallel/MindSpeed-MM/MindSpeed/mindspeed/core/fp8_utils.py:11: UserWarning: Currently, it is not supported to Cast shard fp32 main params to fp8 model params
  warnings.warn("Currently, it is not supported to Cast shard fp32 main params to fp8 model params")
/data/user/user40/hybrid_parallel/MindSpeed-MM/MindSpeed/mindspeed/core/fp8_utils.py:11: UserWarning: Currently, it is not supported to Cast shard fp32 main params to fp8 model params
  warnings.warn("Currently, it is not supported to Cast shard fp32 main params to fp8 model params")
/data/user/user40/hybrid_parallel/MindSpeed-MM/MindSpeed/mindspeed/core/fp8_utils.py:11: UserWarning: Currently, it is not supported to Cast shard fp32 main params to fp8 model params
  warnings.warn("Currently, it is not supported to Cast shard fp32 main params to fp8 model params")
 [2026-04-14 18:05:47] iteration        1/      30 | consumed samples:          256 | elapsed time per iteration (ms): 41048.2 | learning rate: 1.000000E-06 | global batch size:   256 | tokens per sample: 7.334788E+04 | loss: 1.108545E+01 | loss scale: 1.0 | num zeros: 0.0 | number of skipped iterations:   0 | number of nan iterations:   0 |
 [2026-04-14 18:06:12] iteration        2/      30 | consumed samples:          512 | elapsed time per iteration (ms): 24495.0 | learning rate: 9.999999E-07 | global batch size:   256 | tokens per sample: 3.850425E+04 | loss: 1.100647E+01 | loss scale: 1.0 | num zeros: 0.0 | number of skipped iterations:   0 | number of nan iterations:   0 |
 [2026-04-14 18:06:41] iteration        3/      30 | consumed samples:          768 | elapsed time per iteration (ms): 29962.3 | learning rate: 9.999996E-07 | global batch size:   256 | tokens per sample: 7.386881E+04 | loss: 1.098306E+01 | loss scale: 1.0 | num zeros: 0.0 | number of skipped iterations:   0 | number of nan iterations:   0 |
 [2026-04-14 18:07:10] iteration        4/      30 | consumed samples:         1024 | elapsed time per iteration (ms): 28374.0 | learning rate: 9.999991E-07 | global batch size:   256 | tokens per sample: 9.357825E+04 | loss: 1.099690E+01 | loss scale: 1.0 | num zeros: 0.0 | number of skipped iterations:   0 | number of nan iterations:   0 |
 [2026-04-14 18:07:38] iteration        5/      30 | consumed samples:         1280 | elapsed time per iteration (ms): 27907.1 | learning rate: 9.999984E-07 | global batch size:   256 | tokens per sample: 9.305675E+04 | loss: 1.068000E+01 | loss scale: 1.0 | num zeros: 0.0 | number of skipped iterations:   0 | number of nan iterations:   0 |
 [2026-04-14 18:08:06] iteration        6/      30 | consumed samples:         1536 | elapsed time per iteration (ms): 28214.8 | learning rate: 9.999975E-07 | global batch size:   256 | tokens per sample: 9.260731E+04 | loss: 1.066711E+01 | loss scale: 1.0 | num zeros: 0.0 | number of skipped iterations:   0 | number of nan iterations:   0 |
 [2026-04-14 18:08:31] iteration        7/      30 | consumed samples:         1792 | elapsed time per iteration (ms): 24932.6 | learning rate: 9.999964E-07 | global batch size:   256 | tokens per sample: 3.575606E+04 | loss: 1.046843E+01 | loss scale: 1.0 | num zeros: 0.0 | number of skipped iterations:   0 | number of nan iterations:   0 |
 [2026-04-14 18:08:58] iteration        8/      30 | consumed samples:         2048 | elapsed time per iteration (ms): 27102.4 | learning rate: 9.999952E-07 | global batch size:   256 | tokens per sample: 7.393900E+04 | loss: 1.050468E+01 | loss scale: 1.0 | num zeros: 0.0 | number of skipped iterations:   0 | number of nan iterations:   0 |
 [2026-04-14 18:09:24] iteration        9/      30 | consumed samples:         2304 | elapsed time per iteration (ms): 26010.6 | learning rate: 9.999937E-07 | global batch size:   256 | tokens per sample: 5.469638E+04 | loss: 9.182784E+00 | loss scale: 1.0 | num zeros: 0.0 | number of skipped iterations:   0 | number of nan iterations:   0 |
 [2026-04-14 18:09:51] iteration       10/      30 | consumed samples:         2560 | elapsed time per iteration (ms): 26999.7 | learning rate: 9.999920E-07 | global batch size:   256 | tokens per sample: 7.424212E+04 | loss: 9.117003E+00 | loss scale: 1.0 | num zeros: 0.0 | number of skipped iterations:   0 | number of nan iterations:   0 |
 [2026-04-14 18:10:19] iteration       11/      30 | consumed samples:         2816 | elapsed time per iteration (ms): 28081.2 | learning rate: 9.999901E-07 | global batch size:   256 | tokens per sample: 9.328444E+04 | loss: 9.036140E+00 | loss scale: 1.0 | num zeros: 0.0 | number of skipped iterations:   0 | number of nan iterations:   0 |
 [2026-04-14 18:10:46] iteration       12/      30 | consumed samples:         3072 | elapsed time per iteration (ms): 27111.7 | learning rate: 9.999881E-07 | global batch size:   256 | tokens per sample: 7.354588E+04 | loss: 8.945124E+00 | loss scale: 1.0 | num zeros: 0.0 | number of skipped iterations:   0 | number of nan iterations:   0 |
 [2026-04-14 18:11:13] iteration       13/      30 | consumed samples:         3328 | elapsed time per iteration (ms): 27046.5 | learning rate: 9.999858E-07 | global batch size:   256 | tokens per sample: 7.394831E+04 | loss: 8.546832E+00 | loss scale: 1.0 | num zeros: 0.0 | number of skipped iterations:   0 | number of nan iterations:   0 |
 [2026-04-14 18:11:38] iteration       14/      30 | consumed samples:         3584 | elapsed time per iteration (ms): 24356.0 | learning rate: 9.999833E-07 | global batch size:   256 | tokens per sample: 3.795694E+04 | loss: 8.458174E+00 | loss scale: 1.0 | num zeros: 0.0 | number of skipped iterations:   0 | number of nan iterations:   0 |
 [2026-04-14 18:12:05] iteration       15/      30 | consumed samples:         3840 | elapsed time per iteration (ms): 26911.0 | learning rate: 9.999807E-07 | global batch size:   256 | tokens per sample: 7.499725E+04 | loss: 8.392033E+00 | loss scale: 1.0 | num zeros: 0.0 | number of skipped iterations:   0 | number of nan iterations:   0 |
 [2026-04-14 18:12:32] iteration       16/      30 | consumed samples:         4096 | elapsed time per iteration (ms): 27011.7 | learning rate: 9.999778E-07 | global batch size:   256 | tokens per sample: 7.413288E+04 | loss: 5.371966E+00 | loss scale: 1.0 | num zeros: 0.0 | number of skipped iterations:   0 | number of nan iterations:   0 |
 [2026-04-14 18:12:58] iteration       17/      30 | consumed samples:         4352 | elapsed time per iteration (ms): 26757.2 | learning rate: 9.999747E-07 | global batch size:   256 | tokens per sample: 7.521150E+04 | loss: 4.737607E+00 | loss scale: 1.0 | num zeros: 0.0 | number of skipped iterations:   0 | number of nan iterations:   0 |
 [2026-04-14 18:13:25] iteration       18/      30 | consumed samples:         4608 | elapsed time per iteration (ms): 26818.4 | learning rate: 9.999715E-07 | global batch size:   256 | tokens per sample: 7.475369E+04 | loss: 4.644886E+00 | loss scale: 1.0 | num zeros: 0.0 | number of skipped iterations:   0 | number of nan iterations:   0 |
 [2026-04-14 18:13:51] iteration       19/      30 | consumed samples:         4864 | elapsed time per iteration (ms): 25954.8 | learning rate: 9.999680E-07 | global batch size:   256 | tokens per sample: 5.510138E+04 | loss: 4.565143E+00 | loss scale: 1.0 | num zeros: 0.0 | number of skipped iterations:   0 | number of nan iterations:   0 |
 [2026-04-14 18:14:20] iteration       20/      30 | consumed samples:         5120 | elapsed time per iteration (ms): 28441.6 | learning rate: 9.999644E-07 | global batch size:   256 | tokens per sample: 9.264069E+04 | loss: 4.321211E+00 | loss scale: 1.0 | num zeros: 0.0 | number of skipped iterations:   0 | number of nan iterations:   0 |
 [2026-04-14 18:14:45] iteration       21/      30 | consumed samples:         5376 | elapsed time per iteration (ms): 25892.8 | learning rate: 9.999605E-07 | global batch size:   256 | tokens per sample: 5.497300E+04 | loss: 4.265459E+00 | loss scale: 1.0 | num zeros: 0.0 | number of skipped iterations:   0 | number of nan iterations:   0 |
 [2026-04-14 18:15:11] iteration       22/      30 | consumed samples:         5632 | elapsed time per iteration (ms): 25804.0 | learning rate: 9.999565E-07 | global batch size:   256 | tokens per sample: 5.567944E+04 | loss: 4.140582E+00 | loss scale: 1.0 | num zeros: 0.0 | number of skipped iterations:   0 | number of nan iterations:   0 |
 [2026-04-14 18:15:38] iteration       23/      30 | consumed samples:         5888 | elapsed time per iteration (ms): 27011.5 | learning rate: 9.999522E-07 | global batch size:   256 | tokens per sample: 7.399412E+04 | loss: 3.855288E+00 | loss scale: 1.0 | num zeros: 0.0 | number of skipped iterations:   0 | number of nan iterations:   0 |
 [2026-04-14 18:16:05] iteration       24/      30 | consumed samples:         6144 | elapsed time per iteration (ms): 26744.9 | learning rate: 9.999478E-07 | global batch size:   256 | tokens per sample: 7.513944E+04 | loss: 3.439807E+00 | loss scale: 1.0 | num zeros: 0.0 | number of skipped iterations:   0 | number of nan iterations:   0 |
 [2026-04-14 18:16:33] iteration       25/      30 | consumed samples:         6400 | elapsed time per iteration (ms): 28078.1 | learning rate: 9.999432E-07 | global batch size:   256 | tokens per sample: 9.381444E+04 | loss: 3.240496E+00 | loss scale: 1.0 | num zeros: 0.0 | number of skipped iterations:   0 | number of nan iterations:   0 |
 [2026-04-14 18:17:01] iteration       26/      30 | consumed samples:         6656 | elapsed time per iteration (ms): 28356.8 | learning rate: 9.999383E-07 | global batch size:   256 | tokens per sample: 9.322569E+04 | loss: 3.127936E+00 | loss scale: 1.0 | num zeros: 0.0 | number of skipped iterations:   0 | number of nan iterations:   0 |
 [2026-04-14 18:17:28] iteration       27/      30 | consumed samples:         6912 | elapsed time per iteration (ms): 26678.3 | learning rate: 9.999333E-07 | global batch size:   256 | tokens per sample: 7.502069E+04 | loss: 2.966455E+00 | loss scale: 1.0 | num zeros: 0.0 | number of skipped iterations:   0 | number of nan iterations:   0 |
 [2026-04-14 18:17:52] iteration       28/      30 | consumed samples:         7168 | elapsed time per iteration (ms): 24258.9 | learning rate: 9.999281E-07 | global batch size:   256 | tokens per sample: 3.812744E+04 | loss: 2.896021E+00 | loss scale: 1.0 | num zeros: 0.0 | number of skipped iterations:   0 | number of nan iterations:   0 |
 [2026-04-14 18:18:20] iteration       29/      30 | consumed samples:         7424 | elapsed time per iteration (ms): 28072.4 | learning rate: 9.999226E-07 | global batch size:   256 | tokens per sample: 9.324531E+04 | loss: 2.709183E+00 | loss scale: 1.0 | num zeros: 0.0 | number of skipped iterations:   0 | number of nan iterations:   0 |
 [2026-04-14 18:18:48] iteration       30/      30 | consumed samples:         7680 | elapsed time per iteration (ms): 27848.9 | learning rate: 9.999170E-07 | global batch size:   256 | tokens per sample: 9.417219E+04 | loss: 1.242486E+00 | loss scale: 1.0 | num zeros: 0.0 | number of skipped iterations:   0 | number of nan iterations:   0 |
sys:1: DeprecationWarning: builtin type swigvarlink has no __module__ attribute
sys:1: DeprecationWarning: builtin type swigvarlink has no __module__ attribute
sys:1: DeprecationWarning: builtin type swigvarlink has no __module__ attribute
sys:1: DeprecationWarning: builtin type swigvarlink has no __module__ attribute
sys:1: DeprecationWarning: builtin type swigvarlink has no __module__ attribute
sys:1: DeprecationWarning: builtin type swigvarlink has no __module__ attribute
sys:1: DeprecationWarning: builtin type swigvarlink has no __module__ attribute
sys:1: DeprecationWarning: builtin type swigvarlink has no __module__ attribute
sys:1: DeprecationWarning: builtin type swigvarlink has no __module__ attribute
sys:1: DeprecationWarning: builtin type swigvarlink has no __module__ attribute
sys:1: DeprecationWarning: builtin type swigvarlink has no __module__ attribute
sys:1: DeprecationWarning: builtin type swigvarlink has no __module__ attribute
sys:1: DeprecationWarning: builtin type swigvarlink has no __module__ attribute
sys:1: DeprecationWarning: builtin type swigvarlink has no __module__ attribute
sys:1: DeprecationWarning: builtin type swigvarlink has no __module__ attribute
sys:1: DeprecationWarning: builtin type swigvarlink has no __module__ attribute
