bash: /opt/conda/private/envs/MindSpeed-MM/lib/libtinfo.so.6: no version information available (required by bash)
[internvl3-static] WORLD_SIZE=64  CP=32  DP=2  MBS=8  GRAD_ACC=32  GBS=512
[internvl3-static] BURST_LEN=196608  BURST_PROB=0.5
[internvl3-static] seq_length=131072  inflated_B/microbatch=16
W0415 03:21:39.114000 427694 site-packages/torch/distributed/run.py:774] 
W0415 03:21:39.114000 427694 site-packages/torch/distributed/run.py:774] *****************************************
W0415 03:21:39.114000 427694 site-packages/torch/distributed/run.py:774] Setting OMP_NUM_THREADS environment variable for each process to be 1 in default, to avoid your system being overloaded, please further tune the variable for optimal performance in your application as needed. 
W0415 03:21:39.114000 427694 site-packages/torch/distributed/run.py:774] *****************************************
[Rank 49 | Local Rank 1] 2026-04-15 03:21:53,673 INFO [mindspeed.megatron_adaptor:33] => start to patch features in megatron adaptor.
[Rank 48 | Local Rank 0] 2026-04-15 03:21:53,686 INFO [mindspeed.megatron_adaptor:33] => start to patch features in megatron adaptor.
[Rank 52 | Local Rank 4] 2026-04-15 03:21:54,375 INFO [mindspeed.megatron_adaptor:33] => start to patch features in megatron adaptor.
[Rank 57 | Local Rank 9] 2026-04-15 03:21:54,378 INFO [mindspeed.megatron_adaptor:33] => start to patch features in megatron adaptor.
[Rank 58 | Local Rank 10] 2026-04-15 03:21:54,744 INFO [mindspeed.megatron_adaptor:33] => start to patch features in megatron adaptor.
[Rank 61 | Local Rank 13] 2026-04-15 03:21:54,762 INFO [mindspeed.megatron_adaptor:33] => start to patch features in megatron adaptor.
[Rank 63 | Local Rank 15] 2026-04-15 03:21:54,815 INFO [mindspeed.megatron_adaptor:33] => start to patch features in megatron adaptor.
[Rank 50 | Local Rank 2] 2026-04-15 03:21:54,883 INFO [mindspeed.megatron_adaptor:33] => start to patch features in megatron adaptor.
[Rank 53 | Local Rank 5] 2026-04-15 03:21:54,890 INFO [mindspeed.megatron_adaptor:33] => start to patch features in megatron adaptor.
[Rank 54 | Local Rank 6] 2026-04-15 03:21:54,901 INFO [mindspeed.megatron_adaptor:33] => start to patch features in megatron adaptor.
[Rank 56 | Local Rank 8] 2026-04-15 03:21:54,947 INFO [mindspeed.megatron_adaptor:33] => start to patch features in megatron adaptor.
[Rank 51 | Local Rank 3] 2026-04-15 03:21:54,965 INFO [mindspeed.megatron_adaptor:33] => start to patch features in megatron adaptor.
[Rank 60 | Local Rank 12] 2026-04-15 03:21:55,000 INFO [mindspeed.megatron_adaptor:33] => start to patch features in megatron adaptor.
[Rank 55 | Local Rank 7] 2026-04-15 03:21:55,027 INFO [mindspeed.megatron_adaptor:33] => start to patch features in megatron adaptor.
[Rank 59 | Local Rank 11] 2026-04-15 03:21:55,088 INFO [mindspeed.megatron_adaptor:33] => start to patch features in megatron adaptor.
Failed to import decord module. The reason of decord unavailable is No module named 'decord'
Failed to import decord module. The reason of decord unavailable is No module named 'decord'
[Rank 62 | Local Rank 14] 2026-04-15 03:21:55,187 INFO [mindspeed.megatron_adaptor:33] => start to patch features in megatron adaptor.
<frozen importlib._bootstrap>:241: DeprecationWarning: builtin type SwigPyPacked has no __module__ attribute
<frozen importlib._bootstrap>:241: DeprecationWarning: builtin type SwigPyObject has no __module__ attribute
<frozen importlib._bootstrap>:241: DeprecationWarning: builtin type SwigPyPacked has no __module__ attribute
<frozen importlib._bootstrap>:241: DeprecationWarning: builtin type SwigPyObject has no __module__ attribute
Failed to import decord module. The reason of decord unavailable is No module named 'decord'
Failed to import decord module. The reason of decord unavailable is No module named 'decord'
<frozen importlib._bootstrap>:241: DeprecationWarning: builtin type SwigPyPacked has no __module__ attribute
<frozen importlib._bootstrap>:241: DeprecationWarning: builtin type SwigPyObject has no __module__ attribute
<frozen importlib._bootstrap>:241: DeprecationWarning: builtin type SwigPyPacked has no __module__ attribute
<frozen importlib._bootstrap>:241: DeprecationWarning: builtin type SwigPyObject has no __module__ attribute
Failed to import decord module. The reason of decord unavailable is No module named 'decord'
Failed to import decord module. The reason of decord unavailable is No module named 'decord'
Failed to import decord module. The reason of decord unavailable is No module named 'decord'
Failed to import decord module. The reason of decord unavailable is No module named 'decord'
<frozen importlib._bootstrap>:241: DeprecationWarning: builtin type SwigPyPacked has no __module__ attribute
<frozen importlib._bootstrap>:241: DeprecationWarning: builtin type SwigPyObject has no __module__ attribute
<frozen importlib._bootstrap>:241: DeprecationWarning: builtin type SwigPyPacked has no __module__ attribute
<frozen importlib._bootstrap>:241: DeprecationWarning: builtin type SwigPyObject has no __module__ attribute
Failed to import decord module. The reason of decord unavailable is No module named 'decord'
Failed to import decord module. The reason of decord unavailable is No module named 'decord'
Failed to import decord module. The reason of decord unavailable is No module named 'decord'
<frozen importlib._bootstrap>:241: DeprecationWarning: builtin type SwigPyPacked has no __module__ attribute
<frozen importlib._bootstrap>:241: DeprecationWarning: builtin type SwigPyObject has no __module__ attribute
<frozen importlib._bootstrap>:241: DeprecationWarning: builtin type SwigPyPacked has no __module__ attribute
<frozen importlib._bootstrap>:241: DeprecationWarning: builtin type SwigPyObject has no __module__ attribute
Failed to import decord module. The reason of decord unavailable is No module named 'decord'
<frozen importlib._bootstrap>:241: DeprecationWarning: builtin type SwigPyPacked has no __module__ attribute
<frozen importlib._bootstrap>:241: DeprecationWarning: builtin type SwigPyObject has no __module__ attribute
Failed to import decord module. The reason of decord unavailable is No module named 'decord'
Failed to import decord module. The reason of decord unavailable is No module named 'decord'
<frozen importlib._bootstrap>:241: DeprecationWarning: builtin type SwigPyPacked has no __module__ attribute
<frozen importlib._bootstrap>:241: DeprecationWarning: builtin type SwigPyObject has no __module__ attribute
<frozen importlib._bootstrap>:241: DeprecationWarning: builtin type SwigPyPacked has no __module__ attribute
<frozen importlib._bootstrap>:241: DeprecationWarning: builtin type SwigPyObject has no __module__ attribute
Failed to import decord module. The reason of decord unavailable is No module named 'decord'
<frozen importlib._bootstrap>:241: DeprecationWarning: builtin type SwigPyPacked has no __module__ attribute
<frozen importlib._bootstrap>:241: DeprecationWarning: builtin type SwigPyObject has no __module__ attribute
<frozen importlib._bootstrap>:241: DeprecationWarning: builtin type SwigPyPacked has no __module__ attribute
<frozen importlib._bootstrap>:241: DeprecationWarning: builtin type SwigPyObject has no __module__ attribute
<frozen importlib._bootstrap>:241: DeprecationWarning: builtin type SwigPyPacked has no __module__ attribute
<frozen importlib._bootstrap>:241: DeprecationWarning: builtin type SwigPyObject has no __module__ attribute
/opt/conda/private/envs/MindSpeed-MM/lib/python3.11/site-packages/timm/models/layers/__init__.py:48: DeprecationWarning: Importing from timm.models.layers is deprecated, please import via timm.layers
  warnings.warn(f"Importing from {__name__} is deprecated, please import via timm.layers", DeprecationWarning)
<frozen importlib._bootstrap>:241: DeprecationWarning: builtin type SwigPyPacked has no __module__ attribute
<frozen importlib._bootstrap>:241: DeprecationWarning: builtin type SwigPyObject has no __module__ attribute
/opt/conda/private/envs/MindSpeed-MM/lib/python3.11/site-packages/timm/models/layers/__init__.py:48: DeprecationWarning: Importing from timm.models.layers is deprecated, please import via timm.layers
  warnings.warn(f"Importing from {__name__} is deprecated, please import via timm.layers", DeprecationWarning)
Failed to import decord module. The reason of decord unavailable is No module named 'decord'
<frozen importlib._bootstrap>:241: DeprecationWarning: builtin type SwigPyPacked has no __module__ attribute
<frozen importlib._bootstrap>:241: DeprecationWarning: builtin type SwigPyObject has no __module__ attribute
WARNING: [dataset_param.basic_parameters.data_path] /home/lijia/develop/dataset/Intern-VL-Chat/mllm_format_ai2d_train_12k_data.json attempts to traverse to an disallowed directory
WARNING: [dataset_param.basic_parameters.data_folder] /home/lijia/develop/dataset/Intern-VL-Chat/data/ai2d attempts to traverse to an disallowed directory
[INFO] the original value of num_layers is None, now changed as 12 which comes from model.json
[INFO] the original value of hidden_size is None, now changed as 3584 which comes from model.json
[INFO] the original value of num_attention_heads is None, now changed as 28 which comes from model.json
[INFO] the original value of num_query_groups is 1, now changed as 4 which comes from model.json
[INFO] the original value of max_position_embeddings is 196608, now changed as 262144 which comes from model.json
[INFO] the original value of ffn_hidden_size is None, now changed as 18944 which comes from model.json
/opt/conda/private/envs/MindSpeed-MM/lib/python3.11/site-packages/timm/models/layers/__init__.py:48: DeprecationWarning: Importing from timm.models.layers is deprecated, please import via timm.layers
  warnings.warn(f"Importing from {__name__} is deprecated, please import via timm.layers", DeprecationWarning)
/opt/conda/private/envs/MindSpeed-MM/lib/python3.11/site-packages/timm/models/layers/__init__.py:48: DeprecationWarning: Importing from timm.models.layers is deprecated, please import via timm.layers
  warnings.warn(f"Importing from {__name__} is deprecated, please import via timm.layers", DeprecationWarning)
WARNING: [dataset_param.basic_parameters.data_path] /home/lijia/develop/dataset/Intern-VL-Chat/mllm_format_ai2d_train_12k_data.json attempts to traverse to an disallowed directory
WARNING: [dataset_param.basic_parameters.data_folder] /home/lijia/develop/dataset/Intern-VL-Chat/data/ai2d attempts to traverse to an disallowed directory
[INFO] the original value of num_layers is None, now changed as 12 which comes from model.json
[INFO] the original value of hidden_size is None, now changed as 3584 which comes from model.json
[INFO] the original value of num_attention_heads is None, now changed as 28 which comes from model.json
[INFO] the original value of num_query_groups is 1, now changed as 4 which comes from model.json
[INFO] the original value of max_position_embeddings is 196608, now changed as 262144 which comes from model.json
[INFO] the original value of ffn_hidden_size is None, now changed as 18944 which comes from model.json
/opt/conda/private/envs/MindSpeed-MM/lib/python3.11/site-packages/timm/models/layers/__init__.py:48: DeprecationWarning: Importing from timm.models.layers is deprecated, please import via timm.layers
  warnings.warn(f"Importing from {__name__} is deprecated, please import via timm.layers", DeprecationWarning)
WARNING: [dataset_param.basic_parameters.data_path] /home/lijia/develop/dataset/Intern-VL-Chat/mllm_format_ai2d_train_12k_data.json attempts to traverse to an disallowed directory
WARNING: [dataset_param.basic_parameters.data_folder] /home/lijia/develop/dataset/Intern-VL-Chat/data/ai2d attempts to traverse to an disallowed directory
WARNING: [dataset_param.basic_parameters.data_path] /home/lijia/develop/dataset/Intern-VL-Chat/mllm_format_ai2d_train_12k_data.json attempts to traverse to an disallowed directory
WARNING: [dataset_param.basic_parameters.data_folder] /home/lijia/develop/dataset/Intern-VL-Chat/data/ai2d attempts to traverse to an disallowed directory
[INFO] the original value of num_layers is None, now changed as 12 which comes from model.json
[INFO] the original value of hidden_size is None, now changed as 3584 which comes from model.json
[INFO] the original value of num_attention_heads is None, now changed as 28 which comes from model.json
[INFO] the original value of num_query_groups is 1, now changed as 4 which comes from model.json
[INFO] the original value of max_position_embeddings is 196608, now changed as 262144 which comes from model.json
[INFO] the original value of ffn_hidden_size is None, now changed as 18944 which comes from model.json
[INFO] the original value of num_layers is None, now changed as 12 which comes from model.json
[INFO] the original value of hidden_size is None, now changed as 3584 which comes from model.json
[INFO] the original value of num_attention_heads is None, now changed as 28 which comes from model.json
[INFO] the original value of num_query_groups is 1, now changed as 4 which comes from model.json
[INFO] the original value of max_position_embeddings is 196608, now changed as 262144 which comes from model.json
[INFO] the original value of ffn_hidden_size is None, now changed as 18944 which comes from model.json
/opt/conda/private/envs/MindSpeed-MM/lib/python3.11/site-packages/timm/models/layers/__init__.py:48: DeprecationWarning: Importing from timm.models.layers is deprecated, please import via timm.layers
  warnings.warn(f"Importing from {__name__} is deprecated, please import via timm.layers", DeprecationWarning)
/opt/conda/private/envs/MindSpeed-MM/lib/python3.11/site-packages/timm/models/layers/__init__.py:48: DeprecationWarning: Importing from timm.models.layers is deprecated, please import via timm.layers
  warnings.warn(f"Importing from {__name__} is deprecated, please import via timm.layers", DeprecationWarning)
/opt/conda/private/envs/MindSpeed-MM/lib/python3.11/site-packages/timm/models/layers/__init__.py:48: DeprecationWarning: Importing from timm.models.layers is deprecated, please import via timm.layers
  warnings.warn(f"Importing from {__name__} is deprecated, please import via timm.layers", DeprecationWarning)
/opt/conda/private/envs/MindSpeed-MM/lib/python3.11/site-packages/timm/models/layers/__init__.py:48: DeprecationWarning: Importing from timm.models.layers is deprecated, please import via timm.layers
  warnings.warn(f"Importing from {__name__} is deprecated, please import via timm.layers", DeprecationWarning)
/opt/conda/private/envs/MindSpeed-MM/lib/python3.11/site-packages/timm/models/layers/__init__.py:48: DeprecationWarning: Importing from timm.models.layers is deprecated, please import via timm.layers
  warnings.warn(f"Importing from {__name__} is deprecated, please import via timm.layers", DeprecationWarning)
/opt/conda/private/envs/MindSpeed-MM/lib/python3.11/site-packages/timm/models/layers/__init__.py:48: DeprecationWarning: Importing from timm.models.layers is deprecated, please import via timm.layers
  warnings.warn(f"Importing from {__name__} is deprecated, please import via timm.layers", DeprecationWarning)
/opt/conda/private/envs/MindSpeed-MM/lib/python3.11/site-packages/timm/models/layers/__init__.py:48: DeprecationWarning: Importing from timm.models.layers is deprecated, please import via timm.layers
  warnings.warn(f"Importing from {__name__} is deprecated, please import via timm.layers", DeprecationWarning)
/opt/conda/private/envs/MindSpeed-MM/lib/python3.11/site-packages/timm/models/layers/__init__.py:48: DeprecationWarning: Importing from timm.models.layers is deprecated, please import via timm.layers
  warnings.warn(f"Importing from {__name__} is deprecated, please import via timm.layers", DeprecationWarning)
WARNING: [dataset_param.basic_parameters.data_path] /home/lijia/develop/dataset/Intern-VL-Chat/mllm_format_ai2d_train_12k_data.json attempts to traverse to an disallowed directory
WARNING: [dataset_param.basic_parameters.data_folder] /home/lijia/develop/dataset/Intern-VL-Chat/data/ai2d attempts to traverse to an disallowed directory
/opt/conda/private/envs/MindSpeed-MM/lib/python3.11/site-packages/timm/models/layers/__init__.py:48: DeprecationWarning: Importing from timm.models.layers is deprecated, please import via timm.layers
  warnings.warn(f"Importing from {__name__} is deprecated, please import via timm.layers", DeprecationWarning)
[INFO] the original value of num_layers is None, now changed as 12 which comes from model.json
[INFO] the original value of hidden_size is None, now changed as 3584 which comes from model.json
[INFO] the original value of num_attention_heads is None, now changed as 28 which comes from model.json
[INFO] the original value of num_query_groups is 1, now changed as 4 which comes from model.json
[INFO] the original value of max_position_embeddings is 196608, now changed as 262144 which comes from model.json
[INFO] the original value of ffn_hidden_size is None, now changed as 18944 which comes from model.json
/opt/conda/private/envs/MindSpeed-MM/lib/python3.11/site-packages/timm/models/layers/__init__.py:48: DeprecationWarning: Importing from timm.models.layers is deprecated, please import via timm.layers
  warnings.warn(f"Importing from {__name__} is deprecated, please import via timm.layers", DeprecationWarning)
WARNING: [dataset_param.basic_parameters.data_path] /home/lijia/develop/dataset/Intern-VL-Chat/mllm_format_ai2d_train_12k_data.json attempts to traverse to an disallowed directory
WARNING: [dataset_param.basic_parameters.data_folder] /home/lijia/develop/dataset/Intern-VL-Chat/data/ai2d attempts to traverse to an disallowed directory
WARNING: [dataset_param.basic_parameters.data_path] /home/lijia/develop/dataset/Intern-VL-Chat/mllm_format_ai2d_train_12k_data.json attempts to traverse to an disallowed directory
WARNING: [dataset_param.basic_parameters.data_folder] /home/lijia/develop/dataset/Intern-VL-Chat/data/ai2d attempts to traverse to an disallowed directory
[INFO] the original value of num_layers is None, now changed as 12 which comes from model.json
[INFO] the original value of hidden_size is None, now changed as 3584 which comes from model.json
[INFO] the original value of num_attention_heads is None, now changed as 28 which comes from model.json
[INFO] the original value of num_query_groups is 1, now changed as 4 which comes from model.json
[INFO] the original value of max_position_embeddings is 196608, now changed as 262144 which comes from model.json
[INFO] the original value of ffn_hidden_size is None, now changed as 18944 which comes from model.json
WARNING: one_logger package is required to enable e2e metrics tracking. please go to https://confluence.nvidia.com/display/MLWFO/Package+Repositories for details to install it
[INFO] the original value of num_layers is None, now changed as 12 which comes from model.json
[INFO] the original value of hidden_size is None, now changed as 3584 which comes from model.json
[INFO] the original value of num_attention_heads is None, now changed as 28 which comes from model.json
[INFO] the original value of num_query_groups is 1, now changed as 4 which comes from model.json
[INFO] the original value of max_position_embeddings is 196608, now changed as 262144 which comes from model.json
[INFO] the original value of ffn_hidden_size is None, now changed as 18944 which comes from model.json
WARNING: [dataset_param.basic_parameters.data_path] /home/lijia/develop/dataset/Intern-VL-Chat/mllm_format_ai2d_train_12k_data.json attempts to traverse to an disallowed directory
WARNING: [dataset_param.basic_parameters.data_folder] /home/lijia/develop/dataset/Intern-VL-Chat/data/ai2d attempts to traverse to an disallowed directory
[INFO] the original value of num_layers is None, now changed as 12 which comes from model.json
[INFO] the original value of hidden_size is None, now changed as 3584 which comes from model.json
[INFO] the original value of num_attention_heads is None, now changed as 28 which comes from model.json
[INFO] the original value of num_query_groups is 1, now changed as 4 which comes from model.json
[INFO] the original value of max_position_embeddings is 196608, now changed as 262144 which comes from model.json
[INFO] the original value of ffn_hidden_size is None, now changed as 18944 which comes from model.json
WARNING: [dataset_param.basic_parameters.data_path] /home/lijia/develop/dataset/Intern-VL-Chat/mllm_format_ai2d_train_12k_data.json attempts to traverse to an disallowed directory
WARNING: [dataset_param.basic_parameters.data_folder] /home/lijia/develop/dataset/Intern-VL-Chat/data/ai2d attempts to traverse to an disallowed directory
WARNING: [dataset_param.basic_parameters.data_path] /home/lijia/develop/dataset/Intern-VL-Chat/mllm_format_ai2d_train_12k_data.json attempts to traverse to an disallowed directory
WARNING: [dataset_param.basic_parameters.data_folder] /home/lijia/develop/dataset/Intern-VL-Chat/data/ai2d attempts to traverse to an disallowed directory
[INFO] the original value of num_layers is None, now changed as 12 which comes from model.json
[INFO] the original value of hidden_size is None, now changed as 3584 which comes from model.json
[INFO] the original value of num_attention_heads is None, now changed as 28 which comes from model.json
[INFO] the original value of num_query_groups is 1, now changed as 4 which comes from model.json
[INFO] the original value of max_position_embeddings is 196608, now changed as 262144 which comes from model.json
[INFO] the original value of ffn_hidden_size is None, now changed as 18944 which comes from model.json
[INFO] the original value of num_layers is None, now changed as 12 which comes from model.json
[INFO] the original value of hidden_size is None, now changed as 3584 which comes from model.json
[INFO] the original value of num_attention_heads is None, now changed as 28 which comes from model.json
[INFO] the original value of num_query_groups is 1, now changed as 4 which comes from model.json
[INFO] the original value of max_position_embeddings is 196608, now changed as 262144 which comes from model.json
[INFO] the original value of ffn_hidden_size is None, now changed as 18944 which comes from model.json
WARNING: [dataset_param.basic_parameters.data_path] /home/lijia/develop/dataset/Intern-VL-Chat/mllm_format_ai2d_train_12k_data.json attempts to traverse to an disallowed directory
WARNING: [dataset_param.basic_parameters.data_folder] /home/lijia/develop/dataset/Intern-VL-Chat/data/ai2d attempts to traverse to an disallowed directory
/opt/conda/private/envs/MindSpeed-MM/lib/python3.11/site-packages/timm/models/layers/__init__.py:48: DeprecationWarning: Importing from timm.models.layers is deprecated, please import via timm.layers
  warnings.warn(f"Importing from {__name__} is deprecated, please import via timm.layers", DeprecationWarning)
WARNING: [dataset_param.basic_parameters.data_path] /home/lijia/develop/dataset/Intern-VL-Chat/mllm_format_ai2d_train_12k_data.json attempts to traverse to an disallowed directory
WARNING: [dataset_param.basic_parameters.data_folder] /home/lijia/develop/dataset/Intern-VL-Chat/data/ai2d attempts to traverse to an disallowed directory
[INFO] the original value of num_layers is None, now changed as 12 which comes from model.json
[INFO] the original value of hidden_size is None, now changed as 3584 which comes from model.json
[INFO] the original value of num_attention_heads is None, now changed as 28 which comes from model.json
[INFO] the original value of num_query_groups is 1, now changed as 4 which comes from model.json
[INFO] the original value of max_position_embeddings is 196608, now changed as 262144 which comes from model.json
[INFO] the original value of ffn_hidden_size is None, now changed as 18944 which comes from model.json
[INFO] the original value of num_layers is None, now changed as 12 which comes from model.json
[INFO] the original value of hidden_size is None, now changed as 3584 which comes from model.json
[INFO] the original value of num_attention_heads is None, now changed as 28 which comes from model.json
[INFO] the original value of num_query_groups is 1, now changed as 4 which comes from model.json
[INFO] the original value of max_position_embeddings is 196608, now changed as 262144 which comes from model.json
[INFO] the original value of ffn_hidden_size is None, now changed as 18944 which comes from model.json
WARNING: [dataset_param.basic_parameters.data_path] /home/lijia/develop/dataset/Intern-VL-Chat/mllm_format_ai2d_train_12k_data.json attempts to traverse to an disallowed directory
WARNING: [dataset_param.basic_parameters.data_folder] /home/lijia/develop/dataset/Intern-VL-Chat/data/ai2d attempts to traverse to an disallowed directory
[INFO] the original value of num_layers is None, now changed as 12 which comes from model.json
[INFO] the original value of hidden_size is None, now changed as 3584 which comes from model.json
[INFO] the original value of num_attention_heads is None, now changed as 28 which comes from model.json
[INFO] the original value of num_query_groups is 1, now changed as 4 which comes from model.json
[INFO] the original value of max_position_embeddings is 196608, now changed as 262144 which comes from model.json
[INFO] the original value of ffn_hidden_size is None, now changed as 18944 which comes from model.json
WARNING: [dataset_param.basic_parameters.data_path] /home/lijia/develop/dataset/Intern-VL-Chat/mllm_format_ai2d_train_12k_data.json attempts to traverse to an disallowed directory
WARNING: [dataset_param.basic_parameters.data_folder] /home/lijia/develop/dataset/Intern-VL-Chat/data/ai2d attempts to traverse to an disallowed directory
[INFO] the original value of num_layers is None, now changed as 12 which comes from model.json
[INFO] the original value of hidden_size is None, now changed as 3584 which comes from model.json
[INFO] the original value of num_attention_heads is None, now changed as 28 which comes from model.json
[INFO] the original value of num_query_groups is 1, now changed as 4 which comes from model.json
[INFO] the original value of max_position_embeddings is 196608, now changed as 262144 which comes from model.json
[INFO] the original value of ffn_hidden_size is None, now changed as 18944 which comes from model.json
WARNING: [dataset_param.basic_parameters.data_path] /home/lijia/develop/dataset/Intern-VL-Chat/mllm_format_ai2d_train_12k_data.json attempts to traverse to an disallowed directory
WARNING: [dataset_param.basic_parameters.data_folder] /home/lijia/develop/dataset/Intern-VL-Chat/data/ai2d attempts to traverse to an disallowed directory
[INFO] the original value of num_layers is None, now changed as 12 which comes from model.json
[INFO] the original value of hidden_size is None, now changed as 3584 which comes from model.json
[INFO] the original value of num_attention_heads is None, now changed as 28 which comes from model.json
[INFO] the original value of num_query_groups is 1, now changed as 4 which comes from model.json
[INFO] the original value of max_position_embeddings is 196608, now changed as 262144 which comes from model.json
[INFO] the original value of ffn_hidden_size is None, now changed as 18944 which comes from model.json
WARNING: [dataset_param.basic_parameters.data_path] /home/lijia/develop/dataset/Intern-VL-Chat/mllm_format_ai2d_train_12k_data.json attempts to traverse to an disallowed directory
WARNING: [dataset_param.basic_parameters.data_folder] /home/lijia/develop/dataset/Intern-VL-Chat/data/ai2d attempts to traverse to an disallowed directory
[INFO] the original value of num_layers is None, now changed as 12 which comes from model.json
[INFO] the original value of hidden_size is None, now changed as 3584 which comes from model.json
[INFO] the original value of num_attention_heads is None, now changed as 28 which comes from model.json
[INFO] the original value of num_query_groups is 1, now changed as 4 which comes from model.json
[INFO] the original value of max_position_embeddings is 196608, now changed as 262144 which comes from model.json
[INFO] the original value of ffn_hidden_size is None, now changed as 18944 which comes from model.json
[Gloo] Rank 1 is connected to 1 peer ranks. Expected number of connected peer ranks is : 1
[Gloo] Rank 1 is connected to 1 peer ranks. Expected number of connected peer ranks is : 1
[Gloo] Rank 1 is connected to 1 peer ranks. Expected number of connected peer ranks is : 1
[Gloo] Rank 1 is connected to 1 peer ranks. Expected number of connected peer ranks is : 1
[Gloo] Rank 1 is connected to 1 peer ranks. Expected number of connected peer ranks is : 1
[Gloo] Rank 1 is connected to 1 peer ranks. Expected number of connected peer ranks is : 1
[Gloo] Rank 1 is connected to 1 peer ranks. Expected number of connected peer ranks is : 1
[Gloo] Rank 1 is connected to 1 peer ranks. Expected number of connected peer ranks is : 1
[Gloo] Rank 1 is connected to 1 peer ranks. Expected number of connected peer ranks is : 1
[Gloo] Rank 1 is connected to 1 peer ranks. Expected number of connected peer ranks is : 1
[Gloo] Rank 1 is connected to 1 peer ranks. Expected number of connected peer ranks is : 1
[Gloo] Rank 1 is connected to 1 peer ranks. Expected number of connected peer ranks is : 1
[Gloo] Rank 1 is connected to 1 peer ranks. Expected number of connected peer ranks is : 1
[Gloo] Rank 1 is connected to 1 peer ranks. Expected number of connected peer ranks is : 1
[Gloo] Rank 1 is connected to 1 peer ranks. Expected number of connected peer ranks is : 1
[Gloo] Rank 1 is connected to 1 peer ranks. Expected number of connected peer ranks is : 1
[Gloo] Rank 48 is connected to 63 peer ranks. Expected number of connected peer ranks is : 63
[Gloo] Rank 49 is connected to 63 peer ranks. Expected number of connected peer ranks is : 63
[Gloo] Rank 50 is connected to 63 peer ranks. Expected number of connected peer ranks is : 63
[Gloo] Rank 54 is connected to 63 peer ranks. Expected number of connected peer ranks is : 63
[Gloo] Rank 52 is connected to 63 peer ranks. Expected number of connected peer ranks is : 63
[Gloo] Rank [Gloo] Rank [Gloo] Rank 58 is connected to 63 peer ranks. Expected number of connected peer ranks is : 6353
 is connected to 5163 is connected to  peer ranks. [Gloo] Rank Expected number of connected peer ranks is : 636360 peer ranks.  is connected to 
Expected number of connected peer ranks is : 6363 peer ranks. Expected number of connected peer ranks is : 63

[Gloo] Rank 55 is connected to 63 peer ranks. Expected number of connected peer ranks is : 63
[Gloo] Rank 59 is connected to 63 peer ranks. Expected number of connected peer ranks is : 63
[Gloo] Rank 56 is connected to 63 peer ranks. Expected number of connected peer ranks is : 63
[Gloo] Rank 57 is connected to 63 peer ranks. Expected number of connected peer ranks is : 63
[Gloo] Rank [Gloo] Rank 62 is connected to 63 peer ranks. Expected number of connected peer ranks is : 63
61 is connected to [Gloo] Rank 63 peer ranks. Expected number of connected peer ranks is : 63
63 is connected to 63 peer ranks. Expected number of connected peer ranks is : 63
[Gloo] Rank 52 is connected to 63 peer ranks. Expected number of connected peer ranks is : 63
[Gloo] Rank 60 is connected to 63 peer ranks. Expected number of connected peer ranks is : 63
[Gloo] Rank 48 is connected to 63 peer ranks. Expected number of connected peer ranks is : 63
[Gloo] Rank 51 is connected to 63 peer ranks. Expected number of connected peer ranks is : 63
[Gloo] Rank 49 is connected to 63 peer ranks. Expected number of connected peer ranks is : 63
[Gloo] Rank 50 is connected to 63 peer ranks. Expected number of connected peer ranks is : 63
[Gloo] Rank 58 is connected to 63 peer ranks. Expected number of connected peer ranks is : 63
[Gloo] Rank 53 is connected to 63 peer ranks. Expected number of connected peer ranks is : 63
[Gloo] Rank 61 is connected to 63 peer ranks. Expected number of connected peer ranks is : 63
[Gloo] Rank 59 is connected to 63 peer ranks. Expected number of connected peer ranks is : 63
[Gloo] Rank [Gloo] Rank 57 is connected to 63 peer ranks. 55Expected number of connected peer ranks is :  is connected to 63 peer ranks. 63Expected number of connected peer ranks is : 63
[Gloo] Rank 
56 is connected to 63 peer ranks. Expected number of connected peer ranks is : 63
[Gloo] Rank 54 is connected to 63 peer ranks. Expected number of connected peer ranks is : 63
[Gloo] Rank 63 is connected to 63 peer ranks. Expected number of connected peer ranks is : 63
[Gloo] Rank 62 is connected to 63 peer ranks. Expected number of connected peer ranks is : 63
/opt/conda/private/envs/MindSpeed-MM/lib/python3.11/site-packages/torch/distributed/distributed_c10d.py:4807: UserWarning: No device id is provided via `init_process_group` or `barrier `. Using the current device set by the user. 
  warnings.warn(  # warn only once
/opt/conda/private/envs/MindSpeed-MM/lib/python3.11/site-packages/torch/distributed/distributed_c10d.py:4807: UserWarning: No device id is provided via `init_process_group` or `barrier `. Using the current device set by the user. 
  warnings.warn(  # warn only once
/opt/conda/private/envs/MindSpeed-MM/lib/python3.11/site-packages/torch/distributed/distributed_c10d.py:4807: UserWarning: No device id is provided via `init_process_group` or `barrier `. Using the current device set by the user. 
  warnings.warn(  # warn only once
/opt/conda/private/envs/MindSpeed-MM/lib/python3.11/site-packages/torch/distributed/distributed_c10d.py:4807: UserWarning: No device id is provided via `init_process_group` or `barrier `. Using the current device set by the user. 
  warnings.warn(  # warn only once
/opt/conda/private/envs/MindSpeed-MM/lib/python3.11/site-packages/torch/distributed/distributed_c10d.py:4807: UserWarning: No device id is provided via `init_process_group` or `barrier `. Using the current device set by the user. 
  warnings.warn(  # warn only once
/opt/conda/private/envs/MindSpeed-MM/lib/python3.11/site-packages/torch/distributed/distributed_c10d.py:4807: UserWarning: No device id is provided via `init_process_group` or `barrier `. Using the current device set by the user. 
  warnings.warn(  # warn only once
/opt/conda/private/envs/MindSpeed-MM/lib/python3.11/site-packages/torch/distributed/distributed_c10d.py:4807: UserWarning: No device id is provided via `init_process_group` or `barrier `. Using the current device set by the user. 
  warnings.warn(  # warn only once
/opt/conda/private/envs/MindSpeed-MM/lib/python3.11/site-packages/torch/distributed/distributed_c10d.py:4807: UserWarning: No device id is provided via `init_process_group` or `barrier `. Using the current device set by the user. 
  warnings.warn(  # warn only once
/opt/conda/private/envs/MindSpeed-MM/lib/python3.11/site-packages/torch/distributed/distributed_c10d.py:4807: UserWarning: No device id is provided via `init_process_group` or `barrier `. Using the current device set by the user. 
  warnings.warn(  # warn only once
/opt/conda/private/envs/MindSpeed-MM/lib/python3.11/site-packages/torch/distributed/distributed_c10d.py:4807: UserWarning: No device id is provided via `init_process_group` or `barrier `. Using the current device set by the user. 
  warnings.warn(  # warn only once
/opt/conda/private/envs/MindSpeed-MM/lib/python3.11/site-packages/torch/distributed/distributed_c10d.py:4807: UserWarning: No device id is provided via `init_process_group` or `barrier `. Using the current device set by the user. 
  warnings.warn(  # warn only once
/opt/conda/private/envs/MindSpeed-MM/lib/python3.11/site-packages/torch/distributed/distributed_c10d.py:4807: UserWarning: No device id is provided via `init_process_group` or `barrier `. Using the current device set by the user. 
  warnings.warn(  # warn only once
/opt/conda/private/envs/MindSpeed-MM/lib/python3.11/site-packages/torch/distributed/distributed_c10d.py:4807: UserWarning: No device id is provided via `init_process_group` or `barrier `. Using the current device set by the user. 
  warnings.warn(  # warn only once
/opt/conda/private/envs/MindSpeed-MM/lib/python3.11/site-packages/torch/distributed/distributed_c10d.py:4807: UserWarning: No device id is provided via `init_process_group` or `barrier `. Using the current device set by the user. 
  warnings.warn(  # warn only once
/opt/conda/private/envs/MindSpeed-MM/lib/python3.11/site-packages/torch/distributed/distributed_c10d.py:4807: UserWarning: No device id is provided via `init_process_group` or `barrier `. Using the current device set by the user. 
  warnings.warn(  # warn only once
/opt/conda/private/envs/MindSpeed-MM/lib/python3.11/site-packages/torch/distributed/distributed_c10d.py:4807: UserWarning: No device id is provided via `init_process_group` or `barrier `. Using the current device set by the user. 
  warnings.warn(  # warn only once
(min, max) time across ranks (ms):
    load-checkpoint ................................: (4.35, 6.75)
[Rank 53 | Local Rank 5] 2026-04-15 03:22:24,841 WARNING [synthetic_dataloader:486] => [SyntheticData] min_seq_len=512 × vision_ratio=0.01 = 5 < tile_tokens=256. Some short sequences may have 0 vision tokens; the first sample in such batches will be forced to carry at least one tile to avoid Scheduler division-by-zero.
[Rank 57 | Local Rank 9] 2026-04-15 03:22:24,841 WARNING [synthetic_dataloader:486] => [SyntheticData] min_seq_len=512 × vision_ratio=0.01 = 5 < tile_tokens=256. Some short sequences may have 0 vision tokens; the first sample in such batches will be forced to carry at least one tile to avoid Scheduler division-by-zero.
[Rank 54 | Local Rank 6] 2026-04-15 03:22:24,841 WARNING [synthetic_dataloader:486] => [SyntheticData] min_seq_len=512 × vision_ratio=0.01 = 5 < tile_tokens=256. Some short sequences may have 0 vision tokens; the first sample in such batches will be forced to carry at least one tile to avoid Scheduler division-by-zero.
[Rank 63 | Local Rank 15] 2026-04-15 03:22:24,841 WARNING [synthetic_dataloader:486] => [SyntheticData] min_seq_len=512 × vision_ratio=0.01 = 5 < tile_tokens=256. Some short sequences may have 0 vision tokens; the first sample in such batches will be forced to carry at least one tile to avoid Scheduler division-by-zero.
[Rank 59 | Local Rank 11] 2026-04-15 03:22:24,841 WARNING [synthetic_dataloader:486] => [SyntheticData] min_seq_len=512 × vision_ratio=0.01 = 5 < tile_tokens=256. Some short sequences may have 0 vision tokens; the first sample in such batches will be forced to carry at least one tile to avoid Scheduler division-by-zero.
[Rank 49 | Local Rank 1] 2026-04-15 03:22:24,841 WARNING [synthetic_dataloader:486] => [SyntheticData] min_seq_len=512 × vision_ratio=0.01 = 5 < tile_tokens=256. Some short sequences may have 0 vision tokens; the first sample in such batches will be forced to carry at least one tile to avoid Scheduler division-by-zero.
[Rank 61 | Local Rank 13] 2026-04-15 03:22:24,841 WARNING [synthetic_dataloader:486] => [SyntheticData] min_seq_len=512 × vision_ratio=0.01 = 5 < tile_tokens=256. Some short sequences may have 0 vision tokens; the first sample in such batches will be forced to carry at least one tile to avoid Scheduler division-by-zero.
[Rank 51 | Local Rank 3] 2026-04-15 03:22:24,841 WARNING [synthetic_dataloader:486] => [SyntheticData] min_seq_len=512 × vision_ratio=0.01 = 5 < tile_tokens=256. Some short sequences may have 0 vision tokens; the first sample in such batches will be forced to carry at least one tile to avoid Scheduler division-by-zero.
[Rank 62 | Local Rank 14] 2026-04-15 03:22:24,842 WARNING [synthetic_dataloader:486] => [SyntheticData] min_seq_len=512 × vision_ratio=0.01 = 5 < tile_tokens=256. Some short sequences may have 0 vision tokens; the first sample in such batches will be forced to carry at least one tile to avoid Scheduler division-by-zero.
[Rank 50 | Local Rank 2] 2026-04-15 03:22:24,842 WARNING [synthetic_dataloader:486] => [SyntheticData] min_seq_len=512 × vision_ratio=0.01 = 5 < tile_tokens=256. Some short sequences may have 0 vision tokens; the first sample in such batches will be forced to carry at least one tile to avoid Scheduler division-by-zero.
[Rank 60 | Local Rank 12] 2026-04-15 03:22:24,842 WARNING [synthetic_dataloader:486] => [SyntheticData] min_seq_len=512 × vision_ratio=0.01 = 5 < tile_tokens=256. Some short sequences may have 0 vision tokens; the first sample in such batches will be forced to carry at least one tile to avoid Scheduler division-by-zero.
[Rank 56 | Local Rank 8] 2026-04-15 03:22:24,842 WARNING [synthetic_dataloader:486] => [SyntheticData] min_seq_len=512 × vision_ratio=0.01 = 5 < tile_tokens=256. Some short sequences may have 0 vision tokens; the first sample in such batches will be forced to carry at least one tile to avoid Scheduler division-by-zero.
[Rank 58 | Local Rank 10] 2026-04-15 03:22:24,842 WARNING [synthetic_dataloader:486] => [SyntheticData] min_seq_len=512 × vision_ratio=0.01 = 5 < tile_tokens=256. Some short sequences may have 0 vision tokens; the first sample in such batches will be forced to carry at least one tile to avoid Scheduler division-by-zero.
[Rank 48 | Local Rank 0] 2026-04-15 03:22:24,842 WARNING [synthetic_dataloader:486] => [SyntheticData] min_seq_len=512 × vision_ratio=0.01 = 5 < tile_tokens=256. Some short sequences may have 0 vision tokens; the first sample in such batches will be forced to carry at least one tile to avoid Scheduler division-by-zero.
[Rank 52 | Local Rank 4] 2026-04-15 03:22:24,843 WARNING [synthetic_dataloader:486] => [SyntheticData] min_seq_len=512 × vision_ratio=0.01 = 5 < tile_tokens=256. Some short sequences may have 0 vision tokens; the first sample in such batches will be forced to carry at least one tile to avoid Scheduler division-by-zero.
[Rank 55 | Local Rank 7] 2026-04-15 03:22:24,843 WARNING [synthetic_dataloader:486] => [SyntheticData] min_seq_len=512 × vision_ratio=0.01 = 5 < tile_tokens=256. Some short sequences may have 0 vision tokens; the first sample in such batches will be forced to carry at least one tile to avoid Scheduler division-by-zero.
(min, max) time across ranks (ms):
    model-and-optimizer-setup ......................: (8757.62, 8790.43)
    train/valid/test-data-iterators-setup ..........: (29.74, 32.10)
[rank59]:[W415 03:22:25.354460872 compiler_depend.ts:335] Warning: Cannot create tensor with interal format while allow_internel_format=False, tensor will be created with base format. (function operator())
[rank57]:[W415 03:22:25.356185821 compiler_depend.ts:335] Warning: Cannot create tensor with interal format while allow_internel_format=False, tensor will be created with base format. (function operator())
[rank58]:[W415 03:22:25.356427632 compiler_depend.ts:335] Warning: Cannot create tensor with interal format while allow_internel_format=False, tensor will be created with base format. (function operator())
[rank54]:[W415 03:22:25.356467923 compiler_depend.ts:335] Warning: Cannot create tensor with interal format while allow_internel_format=False, tensor will be created with base format. (function operator())
[rank49]:[W415 03:22:25.356507323 compiler_depend.ts:335] Warning: Cannot create tensor with interal format while allow_internel_format=False, tensor will be created with base format. (function operator())
[rank62]:[W415 03:22:25.358650744 compiler_depend.ts:335] Warning: Cannot create tensor with interal format while allow_internel_format=False, tensor will be created with base format. (function operator())
[rank50]:[W415 03:22:25.358779265 compiler_depend.ts:335] Warning: Cannot create tensor with interal format while allow_internel_format=False, tensor will be created with base format. (function operator())
[rank61]:[W415 03:22:25.358954816 compiler_depend.ts:335] Warning: Cannot create tensor with interal format while allow_internel_format=False, tensor will be created with base format. (function operator())
[rank53]:[W415 03:22:25.359028236 compiler_depend.ts:335] Warning: Cannot create tensor with interal format while allow_internel_format=False, tensor will be created with base format. (function operator())
[rank63]:[W415 03:22:25.359697000 compiler_depend.ts:335] Warning: Cannot create tensor with interal format while allow_internel_format=False, tensor will be created with base format. (function operator())
[rank51]:[W415 03:22:25.359853591 compiler_depend.ts:335] Warning: Cannot create tensor with interal format while allow_internel_format=False, tensor will be created with base format. (function operator())
[rank48]:[W415 03:22:25.364336864 compiler_depend.ts:335] Warning: Cannot create tensor with interal format while allow_internel_format=False, tensor will be created with base format. (function operator())
[rank52]:[W415 03:22:25.370728699 compiler_depend.ts:335] Warning: Cannot create tensor with interal format while allow_internel_format=False, tensor will be created with base format. (function operator())
[rank60]:[W415 03:22:25.372023405 compiler_depend.ts:335] Warning: Cannot create tensor with interal format while allow_internel_format=False, tensor will be created with base format. (function operator())
[rank55]:[W415 03:22:25.373040251 compiler_depend.ts:335] Warning: Cannot create tensor with interal format while allow_internel_format=False, tensor will be created with base format. (function operator())
[rank56]:[W415 03:22:25.381025713 compiler_depend.ts:335] Warning: Cannot create tensor with interal format while allow_internel_format=False, tensor will be created with base format. (function operator())
[Rank 63 | Local Rank 15] 2026-04-15 03:22:27,518 WARNING [mindspeed.core.fusions.fused_rope:107] => Setting apply_rope_fusion to false because its implementation is not included in Apex. Try upgrading to the latest version
[Rank 56 | Local Rank 8] 2026-04-15 03:22:27,581 WARNING [mindspeed.core.fusions.fused_rope:107] => Setting apply_rope_fusion to false because its implementation is not included in Apex. Try upgrading to the latest version
[Rank 49 | Local Rank 1] 2026-04-15 03:22:27,587 WARNING [mindspeed.core.fusions.fused_rope:107] => Setting apply_rope_fusion to false because its implementation is not included in Apex. Try upgrading to the latest version
[Rank 60 | Local Rank 12] 2026-04-15 03:22:27,669 WARNING [mindspeed.core.fusions.fused_rope:107] => Setting apply_rope_fusion to false because its implementation is not included in Apex. Try upgrading to the latest version
[Rank 58 | Local Rank 10] 2026-04-15 03:22:27,708 WARNING [mindspeed.core.fusions.fused_rope:107] => Setting apply_rope_fusion to false because its implementation is not included in Apex. Try upgrading to the latest version
[Rank 54 | Local Rank 6] 2026-04-15 03:22:27,721 WARNING [mindspeed.core.fusions.fused_rope:107] => Setting apply_rope_fusion to false because its implementation is not included in Apex. Try upgrading to the latest version
[Rank 50 | Local Rank 2] 2026-04-15 03:22:27,732 WARNING [mindspeed.core.fusions.fused_rope:107] => Setting apply_rope_fusion to false because its implementation is not included in Apex. Try upgrading to the latest version
[Rank 51 | Local Rank 3] 2026-04-15 03:22:27,732 WARNING [mindspeed.core.fusions.fused_rope:107] => Setting apply_rope_fusion to false because its implementation is not included in Apex. Try upgrading to the latest version
[Rank 61 | Local Rank 13] 2026-04-15 03:22:27,926 WARNING [mindspeed.core.fusions.fused_rope:107] => Setting apply_rope_fusion to false because its implementation is not included in Apex. Try upgrading to the latest version
[Rank 55 | Local Rank 7] 2026-04-15 03:22:27,933 WARNING [mindspeed.core.fusions.fused_rope:107] => Setting apply_rope_fusion to false because its implementation is not included in Apex. Try upgrading to the latest version
[Rank 59 | Local Rank 11] 2026-04-15 03:22:27,967 WARNING [mindspeed.core.fusions.fused_rope:107] => Setting apply_rope_fusion to false because its implementation is not included in Apex. Try upgrading to the latest version
[Rank 62 | Local Rank 14] 2026-04-15 03:22:28,052 WARNING [mindspeed.core.fusions.fused_rope:107] => Setting apply_rope_fusion to false because its implementation is not included in Apex. Try upgrading to the latest version
[Rank 48 | Local Rank 0] 2026-04-15 03:22:28,076 WARNING [mindspeed.core.fusions.fused_rope:107] => Setting apply_rope_fusion to false because its implementation is not included in Apex. Try upgrading to the latest version
[Rank 53 | Local Rank 5] 2026-04-15 03:22:28,076 WARNING [mindspeed.core.fusions.fused_rope:107] => Setting apply_rope_fusion to false because its implementation is not included in Apex. Try upgrading to the latest version
[Rank 52 | Local Rank 4] 2026-04-15 03:22:28,145 WARNING [mindspeed.core.fusions.fused_rope:107] => Setting apply_rope_fusion to false because its implementation is not included in Apex. Try upgrading to the latest version
[Rank 57 | Local Rank 9] 2026-04-15 03:22:28,145 WARNING [mindspeed.core.fusions.fused_rope:107] => Setting apply_rope_fusion to false because its implementation is not included in Apex. Try upgrading to the latest version
/data/user/user40/hybrid_parallel/MindSpeed-MM/MindSpeed/mindspeed/core/fp8_utils.py:11: UserWarning: Currently, it is not supported to Cast shard fp32 main params to fp8 model params
  warnings.warn("Currently, it is not supported to Cast shard fp32 main params to fp8 model params")
/data/user/user40/hybrid_parallel/MindSpeed-MM/MindSpeed/mindspeed/core/fp8_utils.py:11: UserWarning: Currently, it is not supported to Cast shard fp32 main params to fp8 model params
  warnings.warn("Currently, it is not supported to Cast shard fp32 main params to fp8 model params")
/data/user/user40/hybrid_parallel/MindSpeed-MM/MindSpeed/mindspeed/core/fp8_utils.py:11: UserWarning: Currently, it is not supported to Cast shard fp32 main params to fp8 model params
  warnings.warn("Currently, it is not supported to Cast shard fp32 main params to fp8 model params")
/data/user/user40/hybrid_parallel/MindSpeed-MM/MindSpeed/mindspeed/core/fp8_utils.py:11: UserWarning: Currently, it is not supported to Cast shard fp32 main params to fp8 model params
  warnings.warn("Currently, it is not supported to Cast shard fp32 main params to fp8 model params")
/data/user/user40/hybrid_parallel/MindSpeed-MM/MindSpeed/mindspeed/core/fp8_utils.py:11: UserWarning: Currently, it is not supported to Cast shard fp32 main params to fp8 model params
  warnings.warn("Currently, it is not supported to Cast shard fp32 main params to fp8 model params")
/data/user/user40/hybrid_parallel/MindSpeed-MM/MindSpeed/mindspeed/core/fp8_utils.py:11: UserWarning: Currently, it is not supported to Cast shard fp32 main params to fp8 model params
  warnings.warn("Currently, it is not supported to Cast shard fp32 main params to fp8 model params")
/data/user/user40/hybrid_parallel/MindSpeed-MM/MindSpeed/mindspeed/core/fp8_utils.py:11: UserWarning: Currently, it is not supported to Cast shard fp32 main params to fp8 model params
  warnings.warn("Currently, it is not supported to Cast shard fp32 main params to fp8 model params")
/data/user/user40/hybrid_parallel/MindSpeed-MM/MindSpeed/mindspeed/core/fp8_utils.py:11: UserWarning: Currently, it is not supported to Cast shard fp32 main params to fp8 model params
  warnings.warn("Currently, it is not supported to Cast shard fp32 main params to fp8 model params")
/data/user/user40/hybrid_parallel/MindSpeed-MM/MindSpeed/mindspeed/core/fp8_utils.py:11: UserWarning: Currently, it is not supported to Cast shard fp32 main params to fp8 model params
  warnings.warn("Currently, it is not supported to Cast shard fp32 main params to fp8 model params")
/data/user/user40/hybrid_parallel/MindSpeed-MM/MindSpeed/mindspeed/core/fp8_utils.py:11: UserWarning: Currently, it is not supported to Cast shard fp32 main params to fp8 model params
  warnings.warn("Currently, it is not supported to Cast shard fp32 main params to fp8 model params")
/data/user/user40/hybrid_parallel/MindSpeed-MM/MindSpeed/mindspeed/core/fp8_utils.py:11: UserWarning: Currently, it is not supported to Cast shard fp32 main params to fp8 model params
  warnings.warn("Currently, it is not supported to Cast shard fp32 main params to fp8 model params")
/data/user/user40/hybrid_parallel/MindSpeed-MM/MindSpeed/mindspeed/core/fp8_utils.py:11: UserWarning: Currently, it is not supported to Cast shard fp32 main params to fp8 model params
  warnings.warn("Currently, it is not supported to Cast shard fp32 main params to fp8 model params")
/data/user/user40/hybrid_parallel/MindSpeed-MM/MindSpeed/mindspeed/core/fp8_utils.py:11: UserWarning: Currently, it is not supported to Cast shard fp32 main params to fp8 model params
  warnings.warn("Currently, it is not supported to Cast shard fp32 main params to fp8 model params")
/data/user/user40/hybrid_parallel/MindSpeed-MM/MindSpeed/mindspeed/core/fp8_utils.py:11: UserWarning: Currently, it is not supported to Cast shard fp32 main params to fp8 model params
  warnings.warn("Currently, it is not supported to Cast shard fp32 main params to fp8 model params")
/data/user/user40/hybrid_parallel/MindSpeed-MM/MindSpeed/mindspeed/core/fp8_utils.py:11: UserWarning: Currently, it is not supported to Cast shard fp32 main params to fp8 model params
  warnings.warn("Currently, it is not supported to Cast shard fp32 main params to fp8 model params")
/data/user/user40/hybrid_parallel/MindSpeed-MM/MindSpeed/mindspeed/core/fp8_utils.py:11: UserWarning: Currently, it is not supported to Cast shard fp32 main params to fp8 model params
  warnings.warn("Currently, it is not supported to Cast shard fp32 main params to fp8 model params")
 [2026-04-15 03:27:01] iteration        1/      30 | consumed samples:          512 | elapsed time per iteration (ms): 276527.3 | learning rate: 2.000000E-06 | global batch size:   512 | tokens per sample: 1.966080E+05 | loss: 1.210493E+01 | loss scale: 1.0 | num zeros: 0.0 | number of skipped iterations:   0 | number of nan iterations:   0 |
 [2026-04-15 03:31:22] iteration        2/      30 | consumed samples:         1024 | elapsed time per iteration (ms): 261009.9 | learning rate: 2.000000E-06 | global batch size:   512 | tokens per sample: 1.966080E+05 | loss: 1.208876E+01 | loss scale: 1.0 | num zeros: 0.0 | number of skipped iterations:   0 | number of nan iterations:   0 |
 [2026-04-15 03:35:44] iteration        3/      30 | consumed samples:         1536 | elapsed time per iteration (ms): 261825.9 | learning rate: 1.999999E-06 | global batch size:   512 | tokens per sample: 1.966080E+05 | loss: 1.205767E+01 | loss scale: 1.0 | num zeros: 0.0 | number of skipped iterations:   0 | number of nan iterations:   0 |
 [2026-04-15 03:40:04] iteration        4/      30 | consumed samples:         2048 | elapsed time per iteration (ms): 259767.0 | learning rate: 1.999998E-06 | global batch size:   512 | tokens per sample: 1.966080E+05 | loss: 1.203151E+01 | loss scale: 1.0 | num zeros: 0.0 | number of skipped iterations:   0 | number of nan iterations:   0 |
 [2026-04-15 03:44:24] iteration        5/      30 | consumed samples:         2560 | elapsed time per iteration (ms): 260677.3 | learning rate: 1.999997E-06 | global batch size:   512 | tokens per sample: 1.966080E+05 | loss: 1.199074E+01 | loss scale: 1.0 | num zeros: 0.0 | number of skipped iterations:   0 | number of nan iterations:   0 |
 [2026-04-15 03:48:44] iteration        6/      30 | consumed samples:         3072 | elapsed time per iteration (ms): 259826.9 | learning rate: 1.999995E-06 | global batch size:   512 | tokens per sample: 1.966080E+05 | loss: 1.193158E+01 | loss scale: 1.0 | num zeros: 0.0 | number of skipped iterations:   0 | number of nan iterations:   0 |
 [2026-04-15 03:53:05] iteration        7/      30 | consumed samples:         3584 | elapsed time per iteration (ms): 260723.7 | learning rate: 1.999993E-06 | global batch size:   512 | tokens per sample: 1.966080E+05 | loss: 1.186152E+01 | loss scale: 1.0 | num zeros: 0.0 | number of skipped iterations:   0 | number of nan iterations:   0 |
 [2026-04-15 03:57:25] iteration        8/      30 | consumed samples:         4096 | elapsed time per iteration (ms): 260523.1 | learning rate: 1.999990E-06 | global batch size:   512 | tokens per sample: 1.966080E+05 | loss: 1.182892E+01 | loss scale: 1.0 | num zeros: 0.0 | number of skipped iterations:   0 | number of nan iterations:   0 |
 [2026-04-15 04:01:47] iteration        9/      30 | consumed samples:         4608 | elapsed time per iteration (ms): 261459.5 | learning rate: 1.999987E-06 | global batch size:   512 | tokens per sample: 1.966080E+05 | loss: 1.179249E+01 | loss scale: 1.0 | num zeros: 0.0 | number of skipped iterations:   0 | number of nan iterations:   0 |
 [2026-04-15 04:06:08] iteration       10/      30 | consumed samples:         5120 | elapsed time per iteration (ms): 261573.6 | learning rate: 1.999984E-06 | global batch size:   512 | tokens per sample: 1.966080E+05 | loss: 1.171325E+01 | loss scale: 1.0 | num zeros: 0.0 | number of skipped iterations:   0 | number of nan iterations:   0 |
 [2026-04-15 04:10:30] iteration       11/      30 | consumed samples:         5632 | elapsed time per iteration (ms): 261785.1 | learning rate: 1.999980E-06 | global batch size:   512 | tokens per sample: 1.966080E+05 | loss: 1.169093E+01 | loss scale: 1.0 | num zeros: 0.0 | number of skipped iterations:   0 | number of nan iterations:   0 |
 [2026-04-15 04:14:50] iteration       12/      30 | consumed samples:         6144 | elapsed time per iteration (ms): 260038.3 | learning rate: 1.999976E-06 | global batch size:   512 | tokens per sample: 1.966080E+05 | loss: 1.164211E+01 | loss scale: 1.0 | num zeros: 0.0 | number of skipped iterations:   0 | number of nan iterations:   0 |
 [2026-04-15 04:19:11] iteration       13/      30 | consumed samples:         6656 | elapsed time per iteration (ms): 261240.4 | learning rate: 1.999972E-06 | global batch size:   512 | tokens per sample: 1.966080E+05 | loss: 1.157979E+01 | loss scale: 1.0 | num zeros: 0.0 | number of skipped iterations:   0 | number of nan iterations:   0 |
 [2026-04-15 04:23:33] iteration       14/      30 | consumed samples:         7168 | elapsed time per iteration (ms): 261550.8 | learning rate: 1.999967E-06 | global batch size:   512 | tokens per sample: 1.966080E+05 | loss: 1.149056E+01 | loss scale: 1.0 | num zeros: 0.0 | number of skipped iterations:   0 | number of nan iterations:   0 |
 [2026-04-15 04:27:53] iteration       15/      30 | consumed samples:         7680 | elapsed time per iteration (ms): 260095.6 | learning rate: 1.999961E-06 | global batch size:   512 | tokens per sample: 1.966080E+05 | loss: 1.146986E+01 | loss scale: 1.0 | num zeros: 0.0 | number of skipped iterations:   0 | number of nan iterations:   0 |
 [2026-04-15 04:32:13] iteration       16/      30 | consumed samples:         8192 | elapsed time per iteration (ms): 259952.3 | learning rate: 1.999956E-06 | global batch size:   512 | tokens per sample: 1.966080E+05 | loss: 1.143810E+01 | loss scale: 1.0 | num zeros: 0.0 | number of skipped iterations:   0 | number of nan iterations:   0 |
 [2026-04-15 04:36:33] iteration       17/      30 | consumed samples:         8704 | elapsed time per iteration (ms): 260083.1 | learning rate: 1.999949E-06 | global batch size:   512 | tokens per sample: 1.966080E+05 | loss: 1.136937E+01 | loss scale: 1.0 | num zeros: 0.0 | number of skipped iterations:   0 | number of nan iterations:   0 |
 [2026-04-15 04:40:53] iteration       18/      30 | consumed samples:         9216 | elapsed time per iteration (ms): 260236.2 | learning rate: 1.999943E-06 | global batch size:   512 | tokens per sample: 1.966080E+05 | loss: 1.127022E+01 | loss scale: 1.0 | num zeros: 0.0 | number of skipped iterations:   0 | number of nan iterations:   0 |
 [2026-04-15 04:45:14] iteration       19/      30 | consumed samples:         9728 | elapsed time per iteration (ms): 261053.7 | learning rate: 1.999936E-06 | global batch size:   512 | tokens per sample: 1.966080E+05 | loss: 1.120738E+01 | loss scale: 1.0 | num zeros: 0.0 | number of skipped iterations:   0 | number of nan iterations:   0 |
 [2026-04-15 04:49:35] iteration       20/      30 | consumed samples:        10240 | elapsed time per iteration (ms): 260842.9 | learning rate: 1.999929E-06 | global batch size:   512 | tokens per sample: 1.966080E+05 | loss: 1.108432E+01 | loss scale: 1.0 | num zeros: 0.0 | number of skipped iterations:   0 | number of nan iterations:   0 |
 [2026-04-15 04:53:56] iteration       21/      30 | consumed samples:        10752 | elapsed time per iteration (ms): 260685.3 | learning rate: 1.999921E-06 | global batch size:   512 | tokens per sample: 1.966080E+05 | loss: 1.104359E+01 | loss scale: 1.0 | num zeros: 0.0 | number of skipped iterations:   0 | number of nan iterations:   0 |
 [2026-04-15 04:58:17] iteration       22/      30 | consumed samples:        11264 | elapsed time per iteration (ms): 260973.9 | learning rate: 1.999913E-06 | global batch size:   512 | tokens per sample: 1.966080E+05 | loss: 1.099395E+01 | loss scale: 1.0 | num zeros: 0.0 | number of skipped iterations:   0 | number of nan iterations:   0 |
 [2026-04-15 05:02:36] iteration       23/      30 | consumed samples:        11776 | elapsed time per iteration (ms): 259459.4 | learning rate: 1.999904E-06 | global batch size:   512 | tokens per sample: 1.966080E+05 | loss: 1.092899E+01 | loss scale: 1.0 | num zeros: 0.0 | number of skipped iterations:   0 | number of nan iterations:   0 |
 [2026-04-15 05:06:57] iteration       24/      30 | consumed samples:        12288 | elapsed time per iteration (ms): 260952.9 | learning rate: 1.999896E-06 | global batch size:   512 | tokens per sample: 1.966080E+05 | loss: 1.094053E+01 | loss scale: 1.0 | num zeros: 0.0 | number of skipped iterations:   0 | number of nan iterations:   0 |
 [2026-04-15 05:11:18] iteration       25/      30 | consumed samples:        12800 | elapsed time per iteration (ms): 260178.7 | learning rate: 1.999886E-06 | global batch size:   512 | tokens per sample: 1.966080E+05 | loss: 1.084283E+01 | loss scale: 1.0 | num zeros: 0.0 | number of skipped iterations:   0 | number of nan iterations:   0 |
 [2026-04-15 05:15:38] iteration       26/      30 | consumed samples:        13312 | elapsed time per iteration (ms): 260915.7 | learning rate: 1.999877E-06 | global batch size:   512 | tokens per sample: 1.966080E+05 | loss: 1.072775E+01 | loss scale: 1.0 | num zeros: 0.0 | number of skipped iterations:   0 | number of nan iterations:   0 |
 [2026-04-15 05:19:59] iteration       27/      30 | consumed samples:        13824 | elapsed time per iteration (ms): 260345.8 | learning rate: 1.999867E-06 | global batch size:   512 | tokens per sample: 1.966080E+05 | loss: 1.070538E+01 | loss scale: 1.0 | num zeros: 0.0 | number of skipped iterations:   0 | number of nan iterations:   0 |
 [2026-04-15 05:24:23] iteration       28/      30 | consumed samples:        14336 | elapsed time per iteration (ms): 264540.6 | learning rate: 1.999856E-06 | global batch size:   512 | tokens per sample: 1.966080E+05 | loss: 1.066884E+01 | loss scale: 1.0 | num zeros: 0.0 | number of skipped iterations:   0 | number of nan iterations:   0 |
 [2026-04-15 05:28:45] iteration       29/      30 | consumed samples:        14848 | elapsed time per iteration (ms): 261474.2 | learning rate: 1.999845E-06 | global batch size:   512 | tokens per sample: 1.966080E+05 | loss: 1.056282E+01 | loss scale: 1.0 | num zeros: 0.0 | number of skipped iterations:   0 | number of nan iterations:   0 |
 [2026-04-15 05:33:06] iteration       30/      30 | consumed samples:        15360 | elapsed time per iteration (ms): 261284.3 | learning rate: 1.999834E-06 | global batch size:   512 | tokens per sample: 1.966080E+05 | loss: 1.059877E+01 | loss scale: 1.0 | num zeros: 0.0 | number of skipped iterations:   0 | number of nan iterations:   0 |
sys:1: DeprecationWarning: builtin type swigvarlink has no __module__ attribute
sys:1: DeprecationWarning: builtin type swigvarlink has no __module__ attribute
sys:1: DeprecationWarning: builtin type swigvarlink has no __module__ attribute
sys:1: DeprecationWarning: builtin type swigvarlink has no __module__ attribute
sys:1: DeprecationWarning: builtin type swigvarlink has no __module__ attribute
sys:1: DeprecationWarning: builtin type swigvarlink has no __module__ attribute
sys:1: DeprecationWarning: builtin type swigvarlink has no __module__ attribute
sys:1: DeprecationWarning: builtin type swigvarlink has no __module__ attribute
sys:1: DeprecationWarning: builtin type swigvarlink has no __module__ attribute
sys:1: DeprecationWarning: builtin type swigvarlink has no __module__ attribute
sys:1: DeprecationWarning: builtin type swigvarlink has no __module__ attribute
sys:1: DeprecationWarning: builtin type swigvarlink has no __module__ attribute
sys:1: DeprecationWarning: builtin type swigvarlink has no __module__ attribute
sys:1: DeprecationWarning: builtin type swigvarlink has no __module__ attribute
sys:1: DeprecationWarning: builtin type swigvarlink has no __module__ attribute
sys:1: DeprecationWarning: builtin type swigvarlink has no __module__ attribute
