bash: /opt/conda/private/envs/MindSpeed-MM/lib/libtinfo.so.6: no version information available (required by bash)
[internvl3-static] WORLD_SIZE=64  CP=16  DP=4  MBS=32  GRAD_ACC=4  GBS=512
[internvl3-static] BURST_LEN=131072  BURST_PROB=0.5
[internvl3-static] seq_length=131072  inflated_B/microbatch=128
W0414 14:11:14.886000 327749 site-packages/torch/distributed/run.py:774] 
W0414 14:11:14.886000 327749 site-packages/torch/distributed/run.py:774] *****************************************
W0414 14:11:14.886000 327749 site-packages/torch/distributed/run.py:774] Setting OMP_NUM_THREADS environment variable for each process to be 1 in default, to avoid your system being overloaded, please further tune the variable for optimal performance in your application as needed. 
W0414 14:11:14.886000 327749 site-packages/torch/distributed/run.py:774] *****************************************
[Rank 54 | Local Rank 6] 2026-04-14 14:11:29,244 INFO [mindspeed.megatron_adaptor:33] => start to patch features in megatron adaptor.
[Rank 53 | Local Rank 5] 2026-04-14 14:11:29,245 INFO [mindspeed.megatron_adaptor:33] => start to patch features in megatron adaptor.
[Rank 52 | Local Rank 4] 2026-04-14 14:11:29,629 INFO [mindspeed.megatron_adaptor:33] => start to patch features in megatron adaptor.
[Rank 55 | Local Rank 7] 2026-04-14 14:11:29,629 INFO [mindspeed.megatron_adaptor:33] => start to patch features in megatron adaptor.
[Rank 61 | Local Rank 13] 2026-04-14 14:11:30,093 INFO [mindspeed.megatron_adaptor:33] => start to patch features in megatron adaptor.
[Rank 56 | Local Rank 8] 2026-04-14 14:11:30,227 INFO [mindspeed.megatron_adaptor:33] => start to patch features in megatron adaptor.
[Rank 48 | Local Rank 0] 2026-04-14 14:11:30,381 INFO [mindspeed.megatron_adaptor:33] => start to patch features in megatron adaptor.
[Rank 50 | Local Rank 2] 2026-04-14 14:11:30,481 INFO [mindspeed.megatron_adaptor:33] => start to patch features in megatron adaptor.
[Rank 59 | Local Rank 11] 2026-04-14 14:11:30,517 INFO [mindspeed.megatron_adaptor:33] => start to patch features in megatron adaptor.
[Rank 58 | Local Rank 10] 2026-04-14 14:11:30,521 INFO [mindspeed.megatron_adaptor:33] => start to patch features in megatron adaptor.
[Rank 63 | Local Rank 15] 2026-04-14 14:11:30,529 INFO [mindspeed.megatron_adaptor:33] => start to patch features in megatron adaptor.
[Rank 60 | Local Rank 12] 2026-04-14 14:11:30,551 INFO [mindspeed.megatron_adaptor:33] => start to patch features in megatron adaptor.
[Rank 57 | Local Rank 9] 2026-04-14 14:11:30,551 INFO [mindspeed.megatron_adaptor:33] => start to patch features in megatron adaptor.
[Rank 49 | Local Rank 1] 2026-04-14 14:11:30,617 INFO [mindspeed.megatron_adaptor:33] => start to patch features in megatron adaptor.
Failed to import decord module. The reason of decord unavailable is No module named 'decord'
[Rank 62 | Local Rank 14] 2026-04-14 14:11:30,647 INFO [mindspeed.megatron_adaptor:33] => start to patch features in megatron adaptor.
Failed to import decord module. The reason of decord unavailable is No module named 'decord'
[Rank 51 | Local Rank 3] 2026-04-14 14:11:30,658 INFO [mindspeed.megatron_adaptor:33] => start to patch features in megatron adaptor.
<frozen importlib._bootstrap>:241: DeprecationWarning: builtin type SwigPyPacked has no __module__ attribute
<frozen importlib._bootstrap>:241: DeprecationWarning: builtin type SwigPyObject has no __module__ attribute
<frozen importlib._bootstrap>:241: DeprecationWarning: builtin type SwigPyPacked has no __module__ attribute
<frozen importlib._bootstrap>:241: DeprecationWarning: builtin type SwigPyObject has no __module__ attribute
Failed to import decord module. The reason of decord unavailable is No module named 'decord'
Failed to import decord module. The reason of decord unavailable is No module named 'decord'
<frozen importlib._bootstrap>:241: DeprecationWarning: builtin type SwigPyPacked has no __module__ attribute
<frozen importlib._bootstrap>:241: DeprecationWarning: builtin type SwigPyObject has no __module__ attribute
<frozen importlib._bootstrap>:241: DeprecationWarning: builtin type SwigPyPacked has no __module__ attribute
<frozen importlib._bootstrap>:241: DeprecationWarning: builtin type SwigPyObject has no __module__ attribute
Failed to import decord module. The reason of decord unavailable is No module named 'decord'
Failed to import decord module. The reason of decord unavailable is No module named 'decord'
<frozen importlib._bootstrap>:241: DeprecationWarning: builtin type SwigPyPacked has no __module__ attribute
<frozen importlib._bootstrap>:241: DeprecationWarning: builtin type SwigPyObject has no __module__ attribute
<frozen importlib._bootstrap>:241: DeprecationWarning: builtin type SwigPyPacked has no __module__ attribute
<frozen importlib._bootstrap>:241: DeprecationWarning: builtin type SwigPyObject has no __module__ attribute
Failed to import decord module. The reason of decord unavailable is No module named 'decord'
Failed to import decord module. The reason of decord unavailable is No module named 'decord'
Failed to import decord module. The reason of decord unavailable is No module named 'decord'
Failed to import decord module. The reason of decord unavailable is No module named 'decord'
Failed to import decord module. The reason of decord unavailable is No module named 'decord'
<frozen importlib._bootstrap>:241: DeprecationWarning: builtin type SwigPyPacked has no __module__ attribute
<frozen importlib._bootstrap>:241: DeprecationWarning: builtin type SwigPyObject has no __module__ attribute
Failed to import decord module. The reason of decord unavailable is No module named 'decord'
Failed to import decord module. The reason of decord unavailable is No module named 'decord'
<frozen importlib._bootstrap>:241: DeprecationWarning: builtin type SwigPyPacked has no __module__ attribute
<frozen importlib._bootstrap>:241: DeprecationWarning: builtin type SwigPyPacked has no __module__ attribute
<frozen importlib._bootstrap>:241: DeprecationWarning: builtin type SwigPyObject has no __module__ attribute
<frozen importlib._bootstrap>:241: DeprecationWarning: builtin type SwigPyObject has no __module__ attribute
<frozen importlib._bootstrap>:241: DeprecationWarning: builtin type SwigPyPacked has no __module__ attribute
<frozen importlib._bootstrap>:241: DeprecationWarning: builtin type SwigPyObject has no __module__ attribute
Failed to import decord module. The reason of decord unavailable is No module named 'decord'
Failed to import decord module. The reason of decord unavailable is No module named 'decord'
<frozen importlib._bootstrap>:241: DeprecationWarning: builtin type SwigPyPacked has no __module__ attribute
<frozen importlib._bootstrap>:241: DeprecationWarning: builtin type SwigPyObject has no __module__ attribute
<frozen importlib._bootstrap>:241: DeprecationWarning: builtin type SwigPyPacked has no __module__ attribute
<frozen importlib._bootstrap>:241: DeprecationWarning: builtin type SwigPyObject has no __module__ attribute
Failed to import decord module. The reason of decord unavailable is No module named 'decord'
<frozen importlib._bootstrap>:241: DeprecationWarning: builtin type SwigPyPacked has no __module__ attribute
<frozen importlib._bootstrap>:241: DeprecationWarning: builtin type SwigPyObject has no __module__ attribute
/opt/conda/private/envs/MindSpeed-MM/lib/python3.11/site-packages/timm/models/layers/__init__.py:48: DeprecationWarning: Importing from timm.models.layers is deprecated, please import via timm.layers
  warnings.warn(f"Importing from {__name__} is deprecated, please import via timm.layers", DeprecationWarning)
/opt/conda/private/envs/MindSpeed-MM/lib/python3.11/site-packages/timm/models/layers/__init__.py:48: DeprecationWarning: Importing from timm.models.layers is deprecated, please import via timm.layers
  warnings.warn(f"Importing from {__name__} is deprecated, please import via timm.layers", DeprecationWarning)
<frozen importlib._bootstrap>:241: DeprecationWarning: builtin type SwigPyPacked has no __module__ attribute
<frozen importlib._bootstrap>:241: DeprecationWarning: builtin type SwigPyObject has no __module__ attribute
<frozen importlib._bootstrap>:241: DeprecationWarning: builtin type SwigPyPacked has no __module__ attribute
<frozen importlib._bootstrap>:241: DeprecationWarning: builtin type SwigPyObject has no __module__ attribute
<frozen importlib._bootstrap>:241: DeprecationWarning: builtin type SwigPyPacked has no __module__ attribute
<frozen importlib._bootstrap>:241: DeprecationWarning: builtin type SwigPyObject has no __module__ attribute
/opt/conda/private/envs/MindSpeed-MM/lib/python3.11/site-packages/timm/models/layers/__init__.py:48: DeprecationWarning: Importing from timm.models.layers is deprecated, please import via timm.layers
  warnings.warn(f"Importing from {__name__} is deprecated, please import via timm.layers", DeprecationWarning)
/opt/conda/private/envs/MindSpeed-MM/lib/python3.11/site-packages/timm/models/layers/__init__.py:48: DeprecationWarning: Importing from timm.models.layers is deprecated, please import via timm.layers
  warnings.warn(f"Importing from {__name__} is deprecated, please import via timm.layers", DeprecationWarning)
WARNING: [dataset_param.basic_parameters.data_path] /home/lijia/develop/dataset/Intern-VL-Chat/mllm_format_ai2d_train_12k_data.json attempts to traverse to an disallowed directory
WARNING: [dataset_param.basic_parameters.data_path] /home/lijia/develop/dataset/Intern-VL-Chat/mllm_format_ai2d_train_12k_data.json attempts to traverse to an disallowed directory
WARNING: [dataset_param.basic_parameters.data_folder] /home/lijia/develop/dataset/Intern-VL-Chat/data/ai2d attempts to traverse to an disallowed directory
WARNING: [dataset_param.basic_parameters.data_folder] /home/lijia/develop/dataset/Intern-VL-Chat/data/ai2d attempts to traverse to an disallowed directory
[INFO] the original value of num_layers is None, now changed as 12 which comes from model.json
[INFO] the original value of hidden_size is None, now changed as 3584 which comes from model.json
[INFO] the original value of num_attention_heads is None, now changed as 28 which comes from model.json
[INFO] the original value of num_query_groups is 1, now changed as 4 which comes from model.json
[INFO] the original value of max_position_embeddings is 131072, now changed as 262144 which comes from model.json
[INFO] the original value of ffn_hidden_size is None, now changed as 18944 which comes from model.json
[INFO] the original value of num_layers is None, now changed as 12 which comes from model.json
[INFO] the original value of hidden_size is None, now changed as 3584 which comes from model.json
[INFO] the original value of num_attention_heads is None, now changed as 28 which comes from model.json
[INFO] the original value of num_query_groups is 1, now changed as 4 which comes from model.json
[INFO] the original value of max_position_embeddings is 131072, now changed as 262144 which comes from model.json
[INFO] the original value of ffn_hidden_size is None, now changed as 18944 which comes from model.json
WARNING: [dataset_param.basic_parameters.data_path] /home/lijia/develop/dataset/Intern-VL-Chat/mllm_format_ai2d_train_12k_data.json attempts to traverse to an disallowed directory
WARNING: [dataset_param.basic_parameters.data_folder] /home/lijia/develop/dataset/Intern-VL-Chat/data/ai2d attempts to traverse to an disallowed directory
/opt/conda/private/envs/MindSpeed-MM/lib/python3.11/site-packages/timm/models/layers/__init__.py:48: DeprecationWarning: Importing from timm.models.layers is deprecated, please import via timm.layers
  warnings.warn(f"Importing from {__name__} is deprecated, please import via timm.layers", DeprecationWarning)
[INFO] the original value of num_layers is None, now changed as 12 which comes from model.json
[INFO] the original value of hidden_size is None, now changed as 3584 which comes from model.json
[INFO] the original value of num_attention_heads is None, now changed as 28 which comes from model.json
[INFO] the original value of num_query_groups is 1, now changed as 4 which comes from model.json
[INFO] the original value of max_position_embeddings is 131072, now changed as 262144 which comes from model.json
[INFO] the original value of ffn_hidden_size is None, now changed as 18944 which comes from model.json
WARNING: [dataset_param.basic_parameters.data_path] /home/lijia/develop/dataset/Intern-VL-Chat/mllm_format_ai2d_train_12k_data.json attempts to traverse to an disallowed directory
WARNING: [dataset_param.basic_parameters.data_folder] /home/lijia/develop/dataset/Intern-VL-Chat/data/ai2d attempts to traverse to an disallowed directory
[INFO] the original value of num_layers is None, now changed as 12 which comes from model.json
[INFO] the original value of hidden_size is None, now changed as 3584 which comes from model.json
[INFO] the original value of num_attention_heads is None, now changed as 28 which comes from model.json
[INFO] the original value of num_query_groups is 1, now changed as 4 which comes from model.json
[INFO] the original value of max_position_embeddings is 131072, now changed as 262144 which comes from model.json
[INFO] the original value of ffn_hidden_size is None, now changed as 18944 which comes from model.json
/opt/conda/private/envs/MindSpeed-MM/lib/python3.11/site-packages/timm/models/layers/__init__.py:48: DeprecationWarning: Importing from timm.models.layers is deprecated, please import via timm.layers
  warnings.warn(f"Importing from {__name__} is deprecated, please import via timm.layers", DeprecationWarning)
/opt/conda/private/envs/MindSpeed-MM/lib/python3.11/site-packages/timm/models/layers/__init__.py:48: DeprecationWarning: Importing from timm.models.layers is deprecated, please import via timm.layers
  warnings.warn(f"Importing from {__name__} is deprecated, please import via timm.layers", DeprecationWarning)
WARNING: [dataset_param.basic_parameters.data_path] /home/lijia/develop/dataset/Intern-VL-Chat/mllm_format_ai2d_train_12k_data.json attempts to traverse to an disallowed directory
WARNING: [dataset_param.basic_parameters.data_folder] /home/lijia/develop/dataset/Intern-VL-Chat/data/ai2d attempts to traverse to an disallowed directory
[INFO] the original value of num_layers is None, now changed as 12 which comes from model.json
[INFO] the original value of hidden_size is None, now changed as 3584 which comes from model.json
[INFO] the original value of num_attention_heads is None, now changed as 28 which comes from model.json
[INFO] the original value of num_query_groups is 1, now changed as 4 which comes from model.json
[INFO] the original value of max_position_embeddings is 131072, now changed as 262144 which comes from model.json
[INFO] the original value of ffn_hidden_size is None, now changed as 18944 which comes from model.json
WARNING: [dataset_param.basic_parameters.data_path] /home/lijia/develop/dataset/Intern-VL-Chat/mllm_format_ai2d_train_12k_data.json attempts to traverse to an disallowed directory
WARNING: [dataset_param.basic_parameters.data_folder] /home/lijia/develop/dataset/Intern-VL-Chat/data/ai2d attempts to traverse to an disallowed directory
[INFO] the original value of num_layers is None, now changed as 12 which comes from model.json
[INFO] the original value of hidden_size is None, now changed as 3584 which comes from model.json
[INFO] the original value of num_attention_heads is None, now changed as 28 which comes from model.json
[INFO] the original value of num_query_groups is 1, now changed as 4 which comes from model.json
[INFO] the original value of max_position_embeddings is 131072, now changed as 262144 which comes from model.json
[INFO] the original value of ffn_hidden_size is None, now changed as 18944 which comes from model.json
/opt/conda/private/envs/MindSpeed-MM/lib/python3.11/site-packages/timm/models/layers/__init__.py:48: DeprecationWarning: Importing from timm.models.layers is deprecated, please import via timm.layers
  warnings.warn(f"Importing from {__name__} is deprecated, please import via timm.layers", DeprecationWarning)
/opt/conda/private/envs/MindSpeed-MM/lib/python3.11/site-packages/timm/models/layers/__init__.py:48: DeprecationWarning: Importing from timm.models.layers is deprecated, please import via timm.layers
  warnings.warn(f"Importing from {__name__} is deprecated, please import via timm.layers", DeprecationWarning)
/opt/conda/private/envs/MindSpeed-MM/lib/python3.11/site-packages/timm/models/layers/__init__.py:48: DeprecationWarning: Importing from timm.models.layers is deprecated, please import via timm.layers
  warnings.warn(f"Importing from {__name__} is deprecated, please import via timm.layers", DeprecationWarning)
/opt/conda/private/envs/MindSpeed-MM/lib/python3.11/site-packages/timm/models/layers/__init__.py:48: DeprecationWarning: Importing from timm.models.layers is deprecated, please import via timm.layers
  warnings.warn(f"Importing from {__name__} is deprecated, please import via timm.layers", DeprecationWarning)
/opt/conda/private/envs/MindSpeed-MM/lib/python3.11/site-packages/timm/models/layers/__init__.py:48: DeprecationWarning: Importing from timm.models.layers is deprecated, please import via timm.layers
  warnings.warn(f"Importing from {__name__} is deprecated, please import via timm.layers", DeprecationWarning)
/opt/conda/private/envs/MindSpeed-MM/lib/python3.11/site-packages/timm/models/layers/__init__.py:48: DeprecationWarning: Importing from timm.models.layers is deprecated, please import via timm.layers
  warnings.warn(f"Importing from {__name__} is deprecated, please import via timm.layers", DeprecationWarning)
/opt/conda/private/envs/MindSpeed-MM/lib/python3.11/site-packages/timm/models/layers/__init__.py:48: DeprecationWarning: Importing from timm.models.layers is deprecated, please import via timm.layers
  warnings.warn(f"Importing from {__name__} is deprecated, please import via timm.layers", DeprecationWarning)
/opt/conda/private/envs/MindSpeed-MM/lib/python3.11/site-packages/timm/models/layers/__init__.py:48: DeprecationWarning: Importing from timm.models.layers is deprecated, please import via timm.layers
  warnings.warn(f"Importing from {__name__} is deprecated, please import via timm.layers", DeprecationWarning)
/opt/conda/private/envs/MindSpeed-MM/lib/python3.11/site-packages/timm/models/layers/__init__.py:48: DeprecationWarning: Importing from timm.models.layers is deprecated, please import via timm.layers
  warnings.warn(f"Importing from {__name__} is deprecated, please import via timm.layers", DeprecationWarning)
WARNING: [dataset_param.basic_parameters.data_path] /home/lijia/develop/dataset/Intern-VL-Chat/mllm_format_ai2d_train_12k_data.json attempts to traverse to an disallowed directory
WARNING: [dataset_param.basic_parameters.data_folder] /home/lijia/develop/dataset/Intern-VL-Chat/data/ai2d attempts to traverse to an disallowed directory
[INFO] the original value of num_layers is None, now changed as 12 which comes from model.json
[INFO] the original value of hidden_size is None, now changed as 3584 which comes from model.json
[INFO] the original value of num_attention_heads is None, now changed as 28 which comes from model.json
[INFO] the original value of num_query_groups is 1, now changed as 4 which comes from model.json
[INFO] the original value of max_position_embeddings is 131072, now changed as 262144 which comes from model.json
[INFO] the original value of ffn_hidden_size is None, now changed as 18944 which comes from model.json
WARNING: [dataset_param.basic_parameters.data_path] /home/lijia/develop/dataset/Intern-VL-Chat/mllm_format_ai2d_train_12k_data.json attempts to traverse to an disallowed directory
WARNING: [dataset_param.basic_parameters.data_folder] /home/lijia/develop/dataset/Intern-VL-Chat/data/ai2d attempts to traverse to an disallowed directory
WARNING: [dataset_param.basic_parameters.data_path] /home/lijia/develop/dataset/Intern-VL-Chat/mllm_format_ai2d_train_12k_data.json attempts to traverse to an disallowed directory
WARNING: [dataset_param.basic_parameters.data_folder] /home/lijia/develop/dataset/Intern-VL-Chat/data/ai2d attempts to traverse to an disallowed directory
[INFO] the original value of num_layers is None, now changed as 12 which comes from model.json
[INFO] the original value of hidden_size is None, now changed as 3584 which comes from model.json
[INFO] the original value of num_attention_heads is None, now changed as 28 which comes from model.json
[INFO] the original value of num_query_groups is 1, now changed as 4 which comes from model.json
[INFO] the original value of max_position_embeddings is 131072, now changed as 262144 which comes from model.json
[INFO] the original value of ffn_hidden_size is None, now changed as 18944 which comes from model.json
[INFO] the original value of num_layers is None, now changed as 12 which comes from model.json
[INFO] the original value of hidden_size is None, now changed as 3584 which comes from model.json
[INFO] the original value of num_attention_heads is None, now changed as 28 which comes from model.json
[INFO] the original value of num_query_groups is 1, now changed as 4 which comes from model.json
[INFO] the original value of max_position_embeddings is 131072, now changed as 262144 which comes from model.json
[INFO] the original value of ffn_hidden_size is None, now changed as 18944 which comes from model.json
WARNING: [dataset_param.basic_parameters.data_path] /home/lijia/develop/dataset/Intern-VL-Chat/mllm_format_ai2d_train_12k_data.json attempts to traverse to an disallowed directory
WARNING: [dataset_param.basic_parameters.data_folder] /home/lijia/develop/dataset/Intern-VL-Chat/data/ai2d attempts to traverse to an disallowed directory
[INFO] the original value of num_layers is None, now changed as 12 which comes from model.json
[INFO] the original value of hidden_size is None, now changed as 3584 which comes from model.json
[INFO] the original value of num_attention_heads is None, now changed as 28 which comes from model.json
[INFO] the original value of num_query_groups is 1, now changed as 4 which comes from model.json
[INFO] the original value of max_position_embeddings is 131072, now changed as 262144 which comes from model.json
[INFO] the original value of ffn_hidden_size is None, now changed as 18944 which comes from model.json
WARNING: [dataset_param.basic_parameters.data_path] /home/lijia/develop/dataset/Intern-VL-Chat/mllm_format_ai2d_train_12k_data.json attempts to traverse to an disallowed directory
WARNING: [dataset_param.basic_parameters.data_folder] /home/lijia/develop/dataset/Intern-VL-Chat/data/ai2d attempts to traverse to an disallowed directory
[INFO] the original value of num_layers is None, now changed as 12 which comes from model.json
[INFO] the original value of hidden_size is None, now changed as 3584 which comes from model.json
[INFO] the original value of num_attention_heads is None, now changed as 28 which comes from model.json
[INFO] the original value of num_query_groups is 1, now changed as 4 which comes from model.json
[INFO] the original value of max_position_embeddings is 131072, now changed as 262144 which comes from model.json
[INFO] the original value of ffn_hidden_size is None, now changed as 18944 which comes from model.json
WARNING: [dataset_param.basic_parameters.data_path] /home/lijia/develop/dataset/Intern-VL-Chat/mllm_format_ai2d_train_12k_data.json attempts to traverse to an disallowed directory
WARNING: [dataset_param.basic_parameters.data_folder] /home/lijia/develop/dataset/Intern-VL-Chat/data/ai2d attempts to traverse to an disallowed directory
[INFO] the original value of num_layers is None, now changed as 12 which comes from model.json
[INFO] the original value of hidden_size is None, now changed as 3584 which comes from model.json
[INFO] the original value of num_attention_heads is None, now changed as 28 which comes from model.json
[INFO] the original value of num_query_groups is 1, now changed as 4 which comes from model.json
[INFO] the original value of max_position_embeddings is 131072, now changed as 262144 which comes from model.json
[INFO] the original value of ffn_hidden_size is None, now changed as 18944 which comes from model.json
WARNING: [dataset_param.basic_parameters.data_path] /home/lijia/develop/dataset/Intern-VL-Chat/mllm_format_ai2d_train_12k_data.json attempts to traverse to an disallowed directory
WARNING: [dataset_param.basic_parameters.data_folder] /home/lijia/develop/dataset/Intern-VL-Chat/data/ai2d attempts to traverse to an disallowed directory
[INFO] the original value of num_layers is None, now changed as 12 which comes from model.json
[INFO] the original value of hidden_size is None, now changed as 3584 which comes from model.json
[INFO] the original value of num_attention_heads is None, now changed as 28 which comes from model.json
[INFO] the original value of num_query_groups is 1, now changed as 4 which comes from model.json
[INFO] the original value of max_position_embeddings is 131072, now changed as 262144 which comes from model.json
[INFO] the original value of ffn_hidden_size is None, now changed as 18944 which comes from model.json
WARNING: one_logger package is required to enable e2e metrics tracking. please go to https://confluence.nvidia.com/display/MLWFO/Package+Repositories for details to install it
WARNING: [dataset_param.basic_parameters.data_path] /home/lijia/develop/dataset/Intern-VL-Chat/mllm_format_ai2d_train_12k_data.json attempts to traverse to an disallowed directory
WARNING: [dataset_param.basic_parameters.data_folder] /home/lijia/develop/dataset/Intern-VL-Chat/data/ai2d attempts to traverse to an disallowed directory
[INFO] the original value of num_layers is None, now changed as 12 which comes from model.json
[INFO] the original value of hidden_size is None, now changed as 3584 which comes from model.json
[INFO] the original value of num_attention_heads is None, now changed as 28 which comes from model.json
[INFO] the original value of num_query_groups is 1, now changed as 4 which comes from model.json
[INFO] the original value of max_position_embeddings is 131072, now changed as 262144 which comes from model.json
[INFO] the original value of ffn_hidden_size is None, now changed as 18944 which comes from model.json
WARNING: [dataset_param.basic_parameters.data_path] /home/lijia/develop/dataset/Intern-VL-Chat/mllm_format_ai2d_train_12k_data.json attempts to traverse to an disallowed directory
WARNING: [dataset_param.basic_parameters.data_folder] /home/lijia/develop/dataset/Intern-VL-Chat/data/ai2d attempts to traverse to an disallowed directory
[INFO] the original value of num_layers is None, now changed as 12 which comes from model.json
[INFO] the original value of hidden_size is None, now changed as 3584 which comes from model.json
[INFO] the original value of num_attention_heads is None, now changed as 28 which comes from model.json
[INFO] the original value of num_query_groups is 1, now changed as 4 which comes from model.json
[INFO] the original value of max_position_embeddings is 131072, now changed as 262144 which comes from model.json
[INFO] the original value of ffn_hidden_size is None, now changed as 18944 which comes from model.json
WARNING: [dataset_param.basic_parameters.data_path] /home/lijia/develop/dataset/Intern-VL-Chat/mllm_format_ai2d_train_12k_data.json attempts to traverse to an disallowed directory
WARNING: [dataset_param.basic_parameters.data_folder] /home/lijia/develop/dataset/Intern-VL-Chat/data/ai2d attempts to traverse to an disallowed directory
[INFO] the original value of num_layers is None, now changed as 12 which comes from model.json
[INFO] the original value of hidden_size is None, now changed as 3584 which comes from model.json
[INFO] the original value of num_attention_heads is None, now changed as 28 which comes from model.json
[INFO] the original value of num_query_groups is 1, now changed as 4 which comes from model.json
[INFO] the original value of max_position_embeddings is 131072, now changed as 262144 which comes from model.json
[INFO] the original value of ffn_hidden_size is None, now changed as 18944 which comes from model.json
[Gloo] Rank 3 is connected to 3 peer ranks. Expected number of connected peer ranks is : 3
[Gloo] Rank 3 is connected to 3 peer ranks. Expected number of connected peer ranks is : 3
[Gloo] Rank 3 is connected to 3 peer ranks. Expected number of connected peer ranks is : 3
[Gloo] Rank 3 is connected to 3 peer ranks. Expected number of connected peer ranks is : 3
[Gloo] Rank 3 is connected to 3 peer ranks. Expected number of connected peer ranks is : 3
[Gloo] Rank 3 is connected to 3 peer ranks. Expected number of connected peer ranks is : 3
[Gloo] Rank 3 is connected to 3 peer ranks. Expected number of connected peer ranks is : 3
[Gloo] Rank 3 is connected to 3 peer ranks. Expected number of connected peer ranks is : 3
[Gloo] Rank 3 is connected to 3 peer ranks. Expected number of connected peer ranks is : 3
[Gloo] Rank 3 is connected to 3 peer ranks. Expected number of connected peer ranks is : 3
[Gloo] Rank 3 is connected to 3 peer ranks. Expected number of connected peer ranks is : 3
[Gloo] Rank 3 is connected to 3 peer ranks. Expected number of connected peer ranks is : 3
[Gloo] Rank 3 is connected to 3 peer ranks. Expected number of connected peer ranks is : 3
[Gloo] Rank 3 is connected to 3 peer ranks. Expected number of connected peer ranks is : 3
[Gloo] Rank 3 is connected to 3 peer ranks. Expected number of connected peer ranks is : 3
[Gloo] Rank 3 is connected to 3 peer ranks. Expected number of connected peer ranks is : 3
[Gloo] Rank 57 is connected to 63 peer ranks. Expected number of connected peer ranks is : 63
[Gloo] Rank 52 is connected to 63 peer ranks. Expected number of connected peer ranks is : 63
[Gloo] Rank 48 is connected to 63 peer ranks. Expected number of connected peer ranks is : 63
[Gloo] Rank 49 is connected to 63 peer ranks. Expected number of connected peer ranks is : 63
[Gloo] Rank 50 is connected to 63 peer ranks. Expected number of connected peer ranks is : 63
[Gloo] Rank 53 is connected to 63 peer ranks. Expected number of connected peer ranks is : 63
[Gloo] Rank 54 is connected to 63 peer ranks. Expected number of connected peer ranks is : 63
[Gloo] Rank 51 is connected to 63 peer ranks. Expected number of connected peer ranks is : 63
[Gloo] Rank 56 is connected to 63 peer ranks. Expected number of connected peer ranks is : 63
[Gloo] Rank 55 is connected to 63 peer ranks. Expected number of connected peer ranks is : 63
[Gloo] Rank 58 is connected to 63 peer ranks. Expected number of connected peer ranks is : 63
[Gloo] Rank 59 is connected to 63 peer ranks. Expected number of connected peer ranks is : 63
[Gloo] Rank 60 is connected to 63 peer ranks. Expected number of connected peer ranks is : 63
[Gloo] Rank 62 is connected to 63 peer ranks. Expected number of connected peer ranks is : 63
[Gloo] Rank 63 is connected to 63 peer ranks. Expected number of connected peer ranks is : 63
[Gloo] Rank 61 is connected to 63 peer ranks. Expected number of connected peer ranks is : 63
[Gloo] Rank 58 is connected to 63 peer ranks. Expected number of connected peer ranks is : 63
[Gloo] Rank 54 is connected to 63 peer ranks. Expected number of connected peer ranks is : 63
[Gloo] Rank 60 is connected to 63 peer ranks. Expected number of connected peer ranks is : 63
[Gloo] Rank 56 is connected to 63 peer ranks. Expected number of connected peer ranks is : 63
[Gloo] Rank 48 is connected to 63 peer ranks. Expected number of connected peer ranks is : 63
[Gloo] Rank 52 is connected to 63 peer ranks. Expected number of connected peer ranks is : 63
[Gloo] Rank 50 is connected to 63 peer ranks. Expected number of connected peer ranks is : 63
[Gloo] Rank 49 is connected to 63 peer ranks. Expected number of connected peer ranks is : 63
[Gloo] Rank 51 is connected to 63 peer ranks. Expected number of connected peer ranks is : 63
[Gloo] Rank 53 is connected to 63 peer ranks. Expected number of connected peer ranks is : 63
[Gloo] Rank 55 is connected to 63 peer ranks. Expected number of connected peer ranks is : 63
[Gloo] Rank 59 is connected to 63 peer ranks. Expected number of connected peer ranks is : 63
[Gloo] Rank 62 is connected to 63 peer ranks. Expected number of connected peer ranks is : 63
[Gloo] Rank 63 is connected to 63 peer ranks. Expected number of connected peer ranks is : 63
[Gloo] Rank 57 is connected to 63 peer ranks. Expected number of connected peer ranks is : 63
[Gloo] Rank 61 is connected to 63 peer ranks. Expected number of connected peer ranks is : 63
/opt/conda/private/envs/MindSpeed-MM/lib/python3.11/site-packages/torch/distributed/distributed_c10d.py:4807: UserWarning: No device id is provided via `init_process_group` or `barrier `. Using the current device set by the user. 
  warnings.warn(  # warn only once
/opt/conda/private/envs/MindSpeed-MM/lib/python3.11/site-packages/torch/distributed/distributed_c10d.py:4807: UserWarning: No device id is provided via `init_process_group` or `barrier `. Using the current device set by the user. 
  warnings.warn(  # warn only once
/opt/conda/private/envs/MindSpeed-MM/lib/python3.11/site-packages/torch/distributed/distributed_c10d.py:4807: UserWarning: No device id is provided via `init_process_group` or `barrier `. Using the current device set by the user. 
  warnings.warn(  # warn only once
/opt/conda/private/envs/MindSpeed-MM/lib/python3.11/site-packages/torch/distributed/distributed_c10d.py:4807: UserWarning: No device id is provided via `init_process_group` or `barrier `. Using the current device set by the user. 
  warnings.warn(  # warn only once
/opt/conda/private/envs/MindSpeed-MM/lib/python3.11/site-packages/torch/distributed/distributed_c10d.py:4807: UserWarning: No device id is provided via `init_process_group` or `barrier `. Using the current device set by the user. 
  warnings.warn(  # warn only once
/opt/conda/private/envs/MindSpeed-MM/lib/python3.11/site-packages/torch/distributed/distributed_c10d.py:4807: UserWarning: No device id is provided via `init_process_group` or `barrier `. Using the current device set by the user. 
  warnings.warn(  # warn only once
/opt/conda/private/envs/MindSpeed-MM/lib/python3.11/site-packages/torch/distributed/distributed_c10d.py:4807: UserWarning: No device id is provided via `init_process_group` or `barrier `. Using the current device set by the user. 
  warnings.warn(  # warn only once
/opt/conda/private/envs/MindSpeed-MM/lib/python3.11/site-packages/torch/distributed/distributed_c10d.py:4807: UserWarning: No device id is provided via `init_process_group` or `barrier `. Using the current device set by the user. 
  warnings.warn(  # warn only once
/opt/conda/private/envs/MindSpeed-MM/lib/python3.11/site-packages/torch/distributed/distributed_c10d.py:4807: UserWarning: No device id is provided via `init_process_group` or `barrier `. Using the current device set by the user. 
  warnings.warn(  # warn only once
/opt/conda/private/envs/MindSpeed-MM/lib/python3.11/site-packages/torch/distributed/distributed_c10d.py:4807: UserWarning: No device id is provided via `init_process_group` or `barrier `. Using the current device set by the user. 
  warnings.warn(  # warn only once
/opt/conda/private/envs/MindSpeed-MM/lib/python3.11/site-packages/torch/distributed/distributed_c10d.py:4807: UserWarning: No device id is provided via `init_process_group` or `barrier `. Using the current device set by the user. 
  warnings.warn(  # warn only once
/opt/conda/private/envs/MindSpeed-MM/lib/python3.11/site-packages/torch/distributed/distributed_c10d.py:4807: UserWarning: No device id is provided via `init_process_group` or `barrier `. Using the current device set by the user. 
  warnings.warn(  # warn only once
/opt/conda/private/envs/MindSpeed-MM/lib/python3.11/site-packages/torch/distributed/distributed_c10d.py:4807: UserWarning: No device id is provided via `init_process_group` or `barrier `. Using the current device set by the user. 
  warnings.warn(  # warn only once
/opt/conda/private/envs/MindSpeed-MM/lib/python3.11/site-packages/torch/distributed/distributed_c10d.py:4807: UserWarning: No device id is provided via `init_process_group` or `barrier `. Using the current device set by the user. 
  warnings.warn(  # warn only once
/opt/conda/private/envs/MindSpeed-MM/lib/python3.11/site-packages/torch/distributed/distributed_c10d.py:4807: UserWarning: No device id is provided via `init_process_group` or `barrier `. Using the current device set by the user. 
  warnings.warn(  # warn only once
/opt/conda/private/envs/MindSpeed-MM/lib/python3.11/site-packages/torch/distributed/distributed_c10d.py:4807: UserWarning: No device id is provided via `init_process_group` or `barrier `. Using the current device set by the user. 
  warnings.warn(  # warn only once
(min, max) time across ranks (ms):
    load-checkpoint ................................: (3.76, 7.01)
[Rank 56 | Local Rank 8] 2026-04-14 14:12:14,984 WARNING [synthetic_dataloader:486] => [SyntheticData] min_seq_len=512 × vision_ratio=0.01 = 5 < tile_tokens=256. Some short sequences may have 0 vision tokens; the first sample in such batches will be forced to carry at least one tile to avoid Scheduler division-by-zero.
[Rank 51 | Local Rank 3] 2026-04-14 14:12:14,984 WARNING [synthetic_dataloader:486] => [SyntheticData] min_seq_len=512 × vision_ratio=0.01 = 5 < tile_tokens=256. Some short sequences may have 0 vision tokens; the first sample in such batches will be forced to carry at least one tile to avoid Scheduler division-by-zero.
[Rank 59 | Local Rank 11] 2026-04-14 14:12:14,984 WARNING [synthetic_dataloader:486] => [SyntheticData] min_seq_len=512 × vision_ratio=0.01 = 5 < tile_tokens=256. Some short sequences may have 0 vision tokens; the first sample in such batches will be forced to carry at least one tile to avoid Scheduler division-by-zero.
[Rank 63 | Local Rank 15] 2026-04-14 14:12:14,984 WARNING [synthetic_dataloader:486] => [SyntheticData] min_seq_len=512 × vision_ratio=0.01 = 5 < tile_tokens=256. Some short sequences may have 0 vision tokens; the first sample in such batches will be forced to carry at least one tile to avoid Scheduler division-by-zero.
[Rank 57 | Local Rank 9] 2026-04-14 14:12:14,984 WARNING [synthetic_dataloader:486] => [SyntheticData] min_seq_len=512 × vision_ratio=0.01 = 5 < tile_tokens=256. Some short sequences may have 0 vision tokens; the first sample in such batches will be forced to carry at least one tile to avoid Scheduler division-by-zero.
[Rank 53 | Local Rank 5] 2026-04-14 14:12:14,984 WARNING [synthetic_dataloader:486] => [SyntheticData] min_seq_len=512 × vision_ratio=0.01 = 5 < tile_tokens=256. Some short sequences may have 0 vision tokens; the first sample in such batches will be forced to carry at least one tile to avoid Scheduler division-by-zero.
[Rank 54 | Local Rank 6] 2026-04-14 14:12:14,984 WARNING [synthetic_dataloader:486] => [SyntheticData] min_seq_len=512 × vision_ratio=0.01 = 5 < tile_tokens=256. Some short sequences may have 0 vision tokens; the first sample in such batches will be forced to carry at least one tile to avoid Scheduler division-by-zero.
[Rank 62 | Local Rank 14] 2026-04-14 14:12:14,984 WARNING [synthetic_dataloader:486] => [SyntheticData] min_seq_len=512 × vision_ratio=0.01 = 5 < tile_tokens=256. Some short sequences may have 0 vision tokens; the first sample in such batches will be forced to carry at least one tile to avoid Scheduler division-by-zero.
[Rank 48 | Local Rank 0] 2026-04-14 14:12:14,984 WARNING [synthetic_dataloader:486] => [SyntheticData] min_seq_len=512 × vision_ratio=0.01 = 5 < tile_tokens=256. Some short sequences may have 0 vision tokens; the first sample in such batches will be forced to carry at least one tile to avoid Scheduler division-by-zero.
[Rank 60 | Local Rank 12] 2026-04-14 14:12:14,984 WARNING [synthetic_dataloader:486] => [SyntheticData] min_seq_len=512 × vision_ratio=0.01 = 5 < tile_tokens=256. Some short sequences may have 0 vision tokens; the first sample in such batches will be forced to carry at least one tile to avoid Scheduler division-by-zero.
[Rank 50 | Local Rank 2] 2026-04-14 14:12:14,984 WARNING [synthetic_dataloader:486] => [SyntheticData] min_seq_len=512 × vision_ratio=0.01 = 5 < tile_tokens=256. Some short sequences may have 0 vision tokens; the first sample in such batches will be forced to carry at least one tile to avoid Scheduler division-by-zero.
[Rank 55 | Local Rank 7] 2026-04-14 14:12:14,984 WARNING [synthetic_dataloader:486] => [SyntheticData] min_seq_len=512 × vision_ratio=0.01 = 5 < tile_tokens=256. Some short sequences may have 0 vision tokens; the first sample in such batches will be forced to carry at least one tile to avoid Scheduler division-by-zero.
[Rank 52 | Local Rank 4] 2026-04-14 14:12:14,984 WARNING [synthetic_dataloader:486] => [SyntheticData] min_seq_len=512 × vision_ratio=0.01 = 5 < tile_tokens=256. Some short sequences may have 0 vision tokens; the first sample in such batches will be forced to carry at least one tile to avoid Scheduler division-by-zero.
[Rank 49 | Local Rank 1] 2026-04-14 14:12:14,984 WARNING [synthetic_dataloader:486] => [SyntheticData] min_seq_len=512 × vision_ratio=0.01 = 5 < tile_tokens=256. Some short sequences may have 0 vision tokens; the first sample in such batches will be forced to carry at least one tile to avoid Scheduler division-by-zero.
[Rank 58 | Local Rank 10] 2026-04-14 14:12:14,984 WARNING [synthetic_dataloader:486] => [SyntheticData] min_seq_len=512 × vision_ratio=0.01 = 5 < tile_tokens=256. Some short sequences may have 0 vision tokens; the first sample in such batches will be forced to carry at least one tile to avoid Scheduler division-by-zero.
[Rank 61 | Local Rank 13] 2026-04-14 14:12:14,985 WARNING [synthetic_dataloader:486] => [SyntheticData] min_seq_len=512 × vision_ratio=0.01 = 5 < tile_tokens=256. Some short sequences may have 0 vision tokens; the first sample in such batches will be forced to carry at least one tile to avoid Scheduler division-by-zero.
(min, max) time across ranks (ms):
    model-and-optimizer-setup ......................: (8857.47, 8869.20)
    train/valid/test-data-iterators-setup ..........: (36.19, 42.93)
[rank56]:[W414 14:12:15.547934717 compiler_depend.ts:335] Warning: Cannot create tensor with interal format while allow_internel_format=False, tensor will be created with base format. (function operator())
[rank48]:[W414 14:12:15.549557638 compiler_depend.ts:335] Warning: Cannot create tensor with interal format while allow_internel_format=False, tensor will be created with base format. (function operator())
[rank51]:[W414 14:12:15.550456344 compiler_depend.ts:335] Warning: Cannot create tensor with interal format while allow_internel_format=False, tensor will be created with base format. (function operator())
[rank50]:[W414 14:12:15.552427867 compiler_depend.ts:335] Warning: Cannot create tensor with interal format while allow_internel_format=False, tensor will be created with base format. (function operator())
[rank53]:[W414 14:12:15.552429367 compiler_depend.ts:335] Warning: Cannot create tensor with interal format while allow_internel_format=False, tensor will be created with base format. (function operator())
[rank55]:[W414 14:12:15.552838949 compiler_depend.ts:335] Warning: Cannot create tensor with interal format while allow_internel_format=False, tensor will be created with base format. (function operator())
[rank54]:[W414 14:12:15.554531601 compiler_depend.ts:335] Warning: Cannot create tensor with interal format while allow_internel_format=False, tensor will be created with base format. (function operator())
[rank61]:[W414 14:12:15.558654918 compiler_depend.ts:335] Warning: Cannot create tensor with interal format while allow_internel_format=False, tensor will be created with base format. (function operator())
[rank52]:[W414 14:12:15.559363683 compiler_depend.ts:335] Warning: Cannot create tensor with interal format while allow_internel_format=False, tensor will be created with base format. (function operator())
[rank49]:[W414 14:12:15.559370823 compiler_depend.ts:335] Warning: Cannot create tensor with interal format while allow_internel_format=False, tensor will be created with base format. (function operator())
[rank57]:[W414 14:12:15.560097918 compiler_depend.ts:335] Warning: Cannot create tensor with interal format while allow_internel_format=False, tensor will be created with base format. (function operator())
[rank60]:[W414 14:12:15.560123228 compiler_depend.ts:335] Warning: Cannot create tensor with interal format while allow_internel_format=False, tensor will be created with base format. (function operator())
[rank63]:[W414 14:12:15.579325297 compiler_depend.ts:335] Warning: Cannot create tensor with interal format while allow_internel_format=False, tensor will be created with base format. (function operator())
[rank58]:[W414 14:12:15.581433081 compiler_depend.ts:335] Warning: Cannot create tensor with interal format while allow_internel_format=False, tensor will be created with base format. (function operator())
[rank62]:[W414 14:12:15.619374044 compiler_depend.ts:335] Warning: Cannot create tensor with interal format while allow_internel_format=False, tensor will be created with base format. (function operator())
[rank59]:[W414 14:12:15.620568542 compiler_depend.ts:335] Warning: Cannot create tensor with interal format while allow_internel_format=False, tensor will be created with base format. (function operator())
[Rank 48 | Local Rank 0] 2026-04-14 14:12:17,430 WARNING [mindspeed.core.fusions.fused_rope:107] => Setting apply_rope_fusion to false because its implementation is not included in Apex. Try upgrading to the latest version
[Rank 56 | Local Rank 8] 2026-04-14 14:12:17,588 WARNING [mindspeed.core.fusions.fused_rope:107] => Setting apply_rope_fusion to false because its implementation is not included in Apex. Try upgrading to the latest version
[Rank 49 | Local Rank 1] 2026-04-14 14:12:17,732 WARNING [mindspeed.core.fusions.fused_rope:107] => Setting apply_rope_fusion to false because its implementation is not included in Apex. Try upgrading to the latest version
[Rank 61 | Local Rank 13] 2026-04-14 14:12:17,735 WARNING [mindspeed.core.fusions.fused_rope:107] => Setting apply_rope_fusion to false because its implementation is not included in Apex. Try upgrading to the latest version
[Rank 50 | Local Rank 2] 2026-04-14 14:12:17,784 WARNING [mindspeed.core.fusions.fused_rope:107] => Setting apply_rope_fusion to false because its implementation is not included in Apex. Try upgrading to the latest version
[Rank 51 | Local Rank 3] 2026-04-14 14:12:17,827 WARNING [mindspeed.core.fusions.fused_rope:107] => Setting apply_rope_fusion to false because its implementation is not included in Apex. Try upgrading to the latest version
[Rank 59 | Local Rank 11] 2026-04-14 14:12:17,831 WARNING [mindspeed.core.fusions.fused_rope:107] => Setting apply_rope_fusion to false because its implementation is not included in Apex. Try upgrading to the latest version
[Rank 52 | Local Rank 4] 2026-04-14 14:12:17,868 WARNING [mindspeed.core.fusions.fused_rope:107] => Setting apply_rope_fusion to false because its implementation is not included in Apex. Try upgrading to the latest version
[Rank 55 | Local Rank 7] 2026-04-14 14:12:17,950 WARNING [mindspeed.core.fusions.fused_rope:107] => Setting apply_rope_fusion to false because its implementation is not included in Apex. Try upgrading to the latest version
[Rank 54 | Local Rank 6] 2026-04-14 14:12:17,950 WARNING [mindspeed.core.fusions.fused_rope:107] => Setting apply_rope_fusion to false because its implementation is not included in Apex. Try upgrading to the latest version
[Rank 53 | Local Rank 5] 2026-04-14 14:12:17,958 WARNING [mindspeed.core.fusions.fused_rope:107] => Setting apply_rope_fusion to false because its implementation is not included in Apex. Try upgrading to the latest version
[Rank 63 | Local Rank 15] 2026-04-14 14:12:18,091 WARNING [mindspeed.core.fusions.fused_rope:107] => Setting apply_rope_fusion to false because its implementation is not included in Apex. Try upgrading to the latest version
[Rank 62 | Local Rank 14] 2026-04-14 14:12:18,148 WARNING [mindspeed.core.fusions.fused_rope:107] => Setting apply_rope_fusion to false because its implementation is not included in Apex. Try upgrading to the latest version
[Rank 58 | Local Rank 10] 2026-04-14 14:12:18,149 WARNING [mindspeed.core.fusions.fused_rope:107] => Setting apply_rope_fusion to false because its implementation is not included in Apex. Try upgrading to the latest version
[Rank 57 | Local Rank 9] 2026-04-14 14:12:18,174 WARNING [mindspeed.core.fusions.fused_rope:107] => Setting apply_rope_fusion to false because its implementation is not included in Apex. Try upgrading to the latest version
[Rank 60 | Local Rank 12] 2026-04-14 14:12:18,174 WARNING [mindspeed.core.fusions.fused_rope:107] => Setting apply_rope_fusion to false because its implementation is not included in Apex. Try upgrading to the latest version
/data/user/user40/hybrid_parallel/MindSpeed-MM/MindSpeed/mindspeed/core/fp8_utils.py:11: UserWarning: Currently, it is not supported to Cast shard fp32 main params to fp8 model params
  warnings.warn("Currently, it is not supported to Cast shard fp32 main params to fp8 model params")
/data/user/user40/hybrid_parallel/MindSpeed-MM/MindSpeed/mindspeed/core/fp8_utils.py:11: UserWarning: Currently, it is not supported to Cast shard fp32 main params to fp8 model params
  warnings.warn("Currently, it is not supported to Cast shard fp32 main params to fp8 model params")
/data/user/user40/hybrid_parallel/MindSpeed-MM/MindSpeed/mindspeed/core/fp8_utils.py:11: UserWarning: Currently, it is not supported to Cast shard fp32 main params to fp8 model params
  warnings.warn("Currently, it is not supported to Cast shard fp32 main params to fp8 model params")
/data/user/user40/hybrid_parallel/MindSpeed-MM/MindSpeed/mindspeed/core/fp8_utils.py:11: UserWarning: Currently, it is not supported to Cast shard fp32 main params to fp8 model params
  warnings.warn("Currently, it is not supported to Cast shard fp32 main params to fp8 model params")
/data/user/user40/hybrid_parallel/MindSpeed-MM/MindSpeed/mindspeed/core/fp8_utils.py:11: UserWarning: Currently, it is not supported to Cast shard fp32 main params to fp8 model params
  warnings.warn("Currently, it is not supported to Cast shard fp32 main params to fp8 model params")
/data/user/user40/hybrid_parallel/MindSpeed-MM/MindSpeed/mindspeed/core/fp8_utils.py:11: UserWarning: Currently, it is not supported to Cast shard fp32 main params to fp8 model params
  warnings.warn("Currently, it is not supported to Cast shard fp32 main params to fp8 model params")
/data/user/user40/hybrid_parallel/MindSpeed-MM/MindSpeed/mindspeed/core/fp8_utils.py:11: UserWarning: Currently, it is not supported to Cast shard fp32 main params to fp8 model params
  warnings.warn("Currently, it is not supported to Cast shard fp32 main params to fp8 model params")
/data/user/user40/hybrid_parallel/MindSpeed-MM/MindSpeed/mindspeed/core/fp8_utils.py:11: UserWarning: Currently, it is not supported to Cast shard fp32 main params to fp8 model params
  warnings.warn("Currently, it is not supported to Cast shard fp32 main params to fp8 model params")
/data/user/user40/hybrid_parallel/MindSpeed-MM/MindSpeed/mindspeed/core/fp8_utils.py:11: UserWarning: Currently, it is not supported to Cast shard fp32 main params to fp8 model params
  warnings.warn("Currently, it is not supported to Cast shard fp32 main params to fp8 model params")
/data/user/user40/hybrid_parallel/MindSpeed-MM/MindSpeed/mindspeed/core/fp8_utils.py:11: UserWarning: Currently, it is not supported to Cast shard fp32 main params to fp8 model params
  warnings.warn("Currently, it is not supported to Cast shard fp32 main params to fp8 model params")
/data/user/user40/hybrid_parallel/MindSpeed-MM/MindSpeed/mindspeed/core/fp8_utils.py:11: UserWarning: Currently, it is not supported to Cast shard fp32 main params to fp8 model params
  warnings.warn("Currently, it is not supported to Cast shard fp32 main params to fp8 model params")
/data/user/user40/hybrid_parallel/MindSpeed-MM/MindSpeed/mindspeed/core/fp8_utils.py:11: UserWarning: Currently, it is not supported to Cast shard fp32 main params to fp8 model params
  warnings.warn("Currently, it is not supported to Cast shard fp32 main params to fp8 model params")
/data/user/user40/hybrid_parallel/MindSpeed-MM/MindSpeed/mindspeed/core/fp8_utils.py:11: UserWarning: Currently, it is not supported to Cast shard fp32 main params to fp8 model params
  warnings.warn("Currently, it is not supported to Cast shard fp32 main params to fp8 model params")
/data/user/user40/hybrid_parallel/MindSpeed-MM/MindSpeed/mindspeed/core/fp8_utils.py:11: UserWarning: Currently, it is not supported to Cast shard fp32 main params to fp8 model params
  warnings.warn("Currently, it is not supported to Cast shard fp32 main params to fp8 model params")
/data/user/user40/hybrid_parallel/MindSpeed-MM/MindSpeed/mindspeed/core/fp8_utils.py:11: UserWarning: Currently, it is not supported to Cast shard fp32 main params to fp8 model params
  warnings.warn("Currently, it is not supported to Cast shard fp32 main params to fp8 model params")
/data/user/user40/hybrid_parallel/MindSpeed-MM/MindSpeed/mindspeed/core/fp8_utils.py:11: UserWarning: Currently, it is not supported to Cast shard fp32 main params to fp8 model params
  warnings.warn("Currently, it is not supported to Cast shard fp32 main params to fp8 model params")
 [2026-04-14 14:12:56] iteration        1/      30 | consumed samples:          512 | elapsed time per iteration (ms): 41552.2 | learning rate: 2.000000E-06 | global batch size:   512 | tokens per sample: 1.310720E+05 | loss: 1.210325E+01 | loss scale: 1.0 | num zeros: 0.0 | number of skipped iterations:   0 | number of nan iterations:   0 |
 [2026-04-14 14:13:23] iteration        2/      30 | consumed samples:         1024 | elapsed time per iteration (ms): 26394.3 | learning rate: 2.000000E-06 | global batch size:   512 | tokens per sample: 1.310720E+05 | loss: 1.209082E+01 | loss scale: 1.0 | num zeros: 0.0 | number of skipped iterations:   0 | number of nan iterations:   0 |
 [2026-04-14 14:13:51] iteration        3/      30 | consumed samples:         1536 | elapsed time per iteration (ms): 28126.2 | learning rate: 1.999999E-06 | global batch size:   512 | tokens per sample: 1.310720E+05 | loss: 1.206290E+01 | loss scale: 1.0 | num zeros: 0.0 | number of skipped iterations:   0 | number of nan iterations:   0 |
 [2026-04-14 14:14:20] iteration        4/      30 | consumed samples:         2048 | elapsed time per iteration (ms): 29156.3 | learning rate: 1.999998E-06 | global batch size:   512 | tokens per sample: 1.310720E+05 | loss: 1.203905E+01 | loss scale: 1.0 | num zeros: 0.0 | number of skipped iterations:   0 | number of nan iterations:   0 |
 [2026-04-14 14:14:48] iteration        5/      30 | consumed samples:         2560 | elapsed time per iteration (ms): 28279.9 | learning rate: 1.999997E-06 | global batch size:   512 | tokens per sample: 1.310720E+05 | loss: 1.199815E+01 | loss scale: 1.0 | num zeros: 0.0 | number of skipped iterations:   0 | number of nan iterations:   0 |
 [2026-04-14 14:15:17] iteration        6/      30 | consumed samples:         3072 | elapsed time per iteration (ms): 28428.0 | learning rate: 1.999995E-06 | global batch size:   512 | tokens per sample: 1.310720E+05 | loss: 1.194732E+01 | loss scale: 1.0 | num zeros: 0.0 | number of skipped iterations:   0 | number of nan iterations:   0 |
 [2026-04-14 14:15:43] iteration        7/      30 | consumed samples:         3584 | elapsed time per iteration (ms): 26190.8 | learning rate: 1.999993E-06 | global batch size:   512 | tokens per sample: 1.310720E+05 | loss: 1.193979E+01 | loss scale: 1.0 | num zeros: 0.0 | number of skipped iterations:   0 | number of nan iterations:   0 |
 [2026-04-14 14:16:11] iteration        8/      30 | consumed samples:         4096 | elapsed time per iteration (ms): 28294.2 | learning rate: 1.999990E-06 | global batch size:   512 | tokens per sample: 1.310720E+05 | loss: 1.189830E+01 | loss scale: 1.0 | num zeros: 0.0 | number of skipped iterations:   0 | number of nan iterations:   0 |
 [2026-04-14 14:16:39] iteration        9/      30 | consumed samples:         4608 | elapsed time per iteration (ms): 27948.8 | learning rate: 1.999987E-06 | global batch size:   512 | tokens per sample: 1.310720E+05 | loss: 1.187035E+01 | loss scale: 1.0 | num zeros: 0.0 | number of skipped iterations:   0 | number of nan iterations:   0 |
 [2026-04-14 14:17:07] iteration       10/      30 | consumed samples:         5120 | elapsed time per iteration (ms): 28503.2 | learning rate: 1.999984E-06 | global batch size:   512 | tokens per sample: 1.310720E+05 | loss: 1.179876E+01 | loss scale: 1.0 | num zeros: 0.0 | number of skipped iterations:   0 | number of nan iterations:   0 |
 [2026-04-14 14:17:36] iteration       11/      30 | consumed samples:         5632 | elapsed time per iteration (ms): 28692.9 | learning rate: 1.999980E-06 | global batch size:   512 | tokens per sample: 1.310720E+05 | loss: 1.174328E+01 | loss scale: 1.0 | num zeros: 0.0 | number of skipped iterations:   0 | number of nan iterations:   0 |
 [2026-04-14 14:18:05] iteration       12/      30 | consumed samples:         6144 | elapsed time per iteration (ms): 28396.8 | learning rate: 1.999976E-06 | global batch size:   512 | tokens per sample: 1.310720E+05 | loss: 1.173416E+01 | loss scale: 1.0 | num zeros: 0.0 | number of skipped iterations:   0 | number of nan iterations:   0 |
 [2026-04-14 14:18:32] iteration       13/      30 | consumed samples:         6656 | elapsed time per iteration (ms): 27740.4 | learning rate: 1.999972E-06 | global batch size:   512 | tokens per sample: 1.310720E+05 | loss: 1.169162E+01 | loss scale: 1.0 | num zeros: 0.0 | number of skipped iterations:   0 | number of nan iterations:   0 |
 [2026-04-14 14:18:58] iteration       14/      30 | consumed samples:         7168 | elapsed time per iteration (ms): 26147.5 | learning rate: 1.999967E-06 | global batch size:   512 | tokens per sample: 1.310720E+05 | loss: 1.168097E+01 | loss scale: 1.0 | num zeros: 0.0 | number of skipped iterations:   0 | number of nan iterations:   0 |
 [2026-04-14 14:19:26] iteration       15/      30 | consumed samples:         7680 | elapsed time per iteration (ms): 27639.8 | learning rate: 1.999961E-06 | global batch size:   512 | tokens per sample: 1.310720E+05 | loss: 1.160249E+01 | loss scale: 1.0 | num zeros: 0.0 | number of skipped iterations:   0 | number of nan iterations:   0 |
 [2026-04-14 14:19:54] iteration       16/      30 | consumed samples:         8192 | elapsed time per iteration (ms): 27703.0 | learning rate: 1.999956E-06 | global batch size:   512 | tokens per sample: 1.310720E+05 | loss: 1.156891E+01 | loss scale: 1.0 | num zeros: 0.0 | number of skipped iterations:   0 | number of nan iterations:   0 |
 [2026-04-14 14:20:23] iteration       17/      30 | consumed samples:         8704 | elapsed time per iteration (ms): 28865.9 | learning rate: 1.999949E-06 | global batch size:   512 | tokens per sample: 1.310720E+05 | loss: 1.151761E+01 | loss scale: 1.0 | num zeros: 0.0 | number of skipped iterations:   0 | number of nan iterations:   0 |
 [2026-04-14 14:20:51] iteration       18/      30 | consumed samples:         9216 | elapsed time per iteration (ms): 28591.8 | learning rate: 1.999943E-06 | global batch size:   512 | tokens per sample: 1.310720E+05 | loss: 1.145041E+01 | loss scale: 1.0 | num zeros: 0.0 | number of skipped iterations:   0 | number of nan iterations:   0 |
 [2026-04-14 14:21:19] iteration       19/      30 | consumed samples:         9728 | elapsed time per iteration (ms): 27674.4 | learning rate: 1.999936E-06 | global batch size:   512 | tokens per sample: 1.310720E+05 | loss: 1.141771E+01 | loss scale: 1.0 | num zeros: 0.0 | number of skipped iterations:   0 | number of nan iterations:   0 |
 [2026-04-14 14:21:48] iteration       20/      30 | consumed samples:        10240 | elapsed time per iteration (ms): 29096.5 | learning rate: 1.999929E-06 | global batch size:   512 | tokens per sample: 1.310720E+05 | loss: 1.130383E+01 | loss scale: 1.0 | num zeros: 0.0 | number of skipped iterations:   0 | number of nan iterations:   0 |
 [2026-04-14 14:22:16] iteration       21/      30 | consumed samples:        10752 | elapsed time per iteration (ms): 27811.5 | learning rate: 1.999921E-06 | global batch size:   512 | tokens per sample: 1.310720E+05 | loss: 1.132010E+01 | loss scale: 1.0 | num zeros: 0.0 | number of skipped iterations:   0 | number of nan iterations:   0 |
 [2026-04-14 14:22:43] iteration       22/      30 | consumed samples:        11264 | elapsed time per iteration (ms): 27469.3 | learning rate: 1.999913E-06 | global batch size:   512 | tokens per sample: 1.310720E+05 | loss: 1.126712E+01 | loss scale: 1.0 | num zeros: 0.0 | number of skipped iterations:   0 | number of nan iterations:   0 |
 [2026-04-14 14:23:11] iteration       23/      30 | consumed samples:        11776 | elapsed time per iteration (ms): 27694.2 | learning rate: 1.999904E-06 | global batch size:   512 | tokens per sample: 1.310720E+05 | loss: 1.118203E+01 | loss scale: 1.0 | num zeros: 0.0 | number of skipped iterations:   0 | number of nan iterations:   0 |
 [2026-04-14 14:23:39] iteration       24/      30 | consumed samples:        12288 | elapsed time per iteration (ms): 27762.0 | learning rate: 1.999896E-06 | global batch size:   512 | tokens per sample: 1.310720E+05 | loss: 1.113692E+01 | loss scale: 1.0 | num zeros: 0.0 | number of skipped iterations:   0 | number of nan iterations:   0 |
 [2026-04-14 14:24:07] iteration       25/      30 | consumed samples:        12800 | elapsed time per iteration (ms): 28366.2 | learning rate: 1.999886E-06 | global batch size:   512 | tokens per sample: 1.310720E+05 | loss: 1.104154E+01 | loss scale: 1.0 | num zeros: 0.0 | number of skipped iterations:   0 | number of nan iterations:   0 |
 [2026-04-14 14:24:35] iteration       26/      30 | consumed samples:        13312 | elapsed time per iteration (ms): 28317.5 | learning rate: 1.999877E-06 | global batch size:   512 | tokens per sample: 1.310720E+05 | loss: 1.100931E+01 | loss scale: 1.0 | num zeros: 0.0 | number of skipped iterations:   0 | number of nan iterations:   0 |
 [2026-04-14 14:25:03] iteration       27/      30 | consumed samples:        13824 | elapsed time per iteration (ms): 27750.1 | learning rate: 1.999867E-06 | global batch size:   512 | tokens per sample: 1.310720E+05 | loss: 1.100501E+01 | loss scale: 1.0 | num zeros: 0.0 | number of skipped iterations:   0 | number of nan iterations:   0 |
 [2026-04-14 14:25:29] iteration       28/      30 | consumed samples:        14336 | elapsed time per iteration (ms): 26055.3 | learning rate: 1.999856E-06 | global batch size:   512 | tokens per sample: 1.310720E+05 | loss: 1.101869E+01 | loss scale: 1.0 | num zeros: 0.0 | number of skipped iterations:   0 | number of nan iterations:   0 |
 [2026-04-14 14:25:58] iteration       29/      30 | consumed samples:        14848 | elapsed time per iteration (ms): 28755.9 | learning rate: 1.999845E-06 | global batch size:   512 | tokens per sample: 1.310720E+05 | loss: 1.085148E+01 | loss scale: 1.0 | num zeros: 0.0 | number of skipped iterations:   0 | number of nan iterations:   0 |
 [2026-04-14 14:26:28] iteration       30/      30 | consumed samples:        15360 | elapsed time per iteration (ms): 29547.5 | learning rate: 1.999834E-06 | global batch size:   512 | tokens per sample: 1.310720E+05 | loss: 1.078895E+01 | loss scale: 1.0 | num zeros: 0.0 | number of skipped iterations:   0 | number of nan iterations:   0 |
sys:1: DeprecationWarning: builtin type swigvarlink has no __module__ attribute
sys:1: DeprecationWarning: builtin type swigvarlink has no __module__ attribute
sys:1: DeprecationWarning: builtin type swigvarlink has no __module__ attribute
sys:1: DeprecationWarning: builtin type swigvarlink has no __module__ attribute
sys:1: DeprecationWarning: builtin type swigvarlink has no __module__ attribute
sys:1: DeprecationWarning: builtin type swigvarlink has no __module__ attribute
sys:1: DeprecationWarning: builtin type swigvarlink has no __module__ attribute
sys:1: DeprecationWarning: builtin type swigvarlink has no __module__ attribute
sys:1: DeprecationWarning: builtin type swigvarlink has no __module__ attribute
sys:1: DeprecationWarning: builtin type swigvarlink has no __module__ attribute
sys:1: DeprecationWarning: builtin type swigvarlink has no __module__ attribute
sys:1: DeprecationWarning: builtin type swigvarlink has no __module__ attribute
sys:1: DeprecationWarning: builtin type swigvarlink has no __module__ attribute
sys:1: DeprecationWarning: builtin type swigvarlink has no __module__ attribute
sys:1: DeprecationWarning: builtin type swigvarlink has no __module__ attribute
sys:1: DeprecationWarning: builtin type swigvarlink has no __module__ attribute
